******************************************************************************
                  MSP430 Linker PC v18.1.4                     
******************************************************************************
>> Linked Fri Jun 10 21:23:17 2022

OUTPUT FILE NAME:   <round-robin.out>
ENTRY POINT SYMBOL: "_c_int00_noargs"  address: 0000c834


MEMORY CONFIGURATION

         name            origin    length      used     unused   attr    fill
----------------------  --------  ---------  --------  --------  ----  --------
  SFR                   00000000   00000010  00000000  00000010  RWIX
  PERIPHERALS_8BIT      00000010   000000f0  00000000  000000f0  RWIX
  PERIPHERALS_16BIT     00000100   00000100  00000000  00000100  RWIX
  RAM                   00000200   00000200  000000da  00000126  RWIX
  INFOD                 00001000   00000040  00000000  00000040  RWIX
  INFOC                 00001040   00000040  00000000  00000040  RWIX
  INFOB                 00001080   00000040  00000000  00000040  RWIX
  INFOA                 000010c0   00000040  00000000  00000040  RWIX
  FLASH                 0000c000   00003fde  0000096e  00003670  RWIX
  BSLSIGNATURE          0000ffde   00000002  00000002  00000000  RWIX  ffff 
  INT00                 0000ffe0   00000002  00000002  00000000  RWIX
  INT01                 0000ffe2   00000002  00000000  00000002  RWIX
  INT02                 0000ffe4   00000002  00000002  00000000  RWIX
  INT03                 0000ffe6   00000002  00000002  00000000  RWIX
  INT04                 0000ffe8   00000002  00000000  00000002  RWIX
  INT05                 0000ffea   00000002  00000002  00000000  RWIX
  INT06                 0000ffec   00000002  00000002  00000000  RWIX
  INT07                 0000ffee   00000002  00000002  00000000  RWIX
  INT08                 0000fff0   00000002  00000002  00000000  RWIX
  INT09                 0000fff2   00000002  00000002  00000000  RWIX
  INT10                 0000fff4   00000002  00000002  00000000  RWIX
  INT11                 0000fff6   00000002  00000002  00000000  RWIX
  INT12                 0000fff8   00000002  00000002  00000000  RWIX
  INT13                 0000fffa   00000002  00000002  00000000  RWIX
  INT14                 0000fffc   00000002  00000002  00000000  RWIX
  RESET                 0000fffe   00000002  00000002  00000000  RWIX


SECTION ALLOCATION MAP

 output                                  attributes/
section   page    origin      length       input sections
--------  ----  ----------  ----------   ----------------
.bss       0    00000200    00000072     UNINITIALIZED
                  00000200    00000016     uart.obj (.bss:buffer_RX)
                  00000216    00000016     uart.obj (.bss:buffer_TX)
                  0000022c    00000016     main.obj (.bss:buffer_temp)
                  00000242    00000016     uart.obj (.bss:buffer_temp)
                  00000258    00000006     (.common:accel)
                  0000025e    00000006     (.common:msg)
                  00000264    00000002     i2c.obj (.bss)
                  00000266    00000002     (.common:SEL_tiks)
                  00000268    00000002     (.common:Tflag)
                  0000026a    00000002     (.common:contTimer)
                  0000026c    00000002     (.common:local_EOL)
                  0000026e    00000002     (.common:numm)
                  00000270    00000002     (.common:tiks)

.data      0    00000272    00000018     UNINITIALIZED
                  00000272    00000010     main.obj (.data)
                  00000282    00000008     uart.obj (.data)

.stack     0    000003b0    00000050     UNINITIALIZED
                  000003b0    00000002     rts430_eabi.lib : boot.c.obj (.stack)
                  000003b2    0000004e     --HOLE--

.text      0    0000c000    00000952     
                  0000c000    000002da     utils.obj (.text:intTOchar)
                  0000c2da    000000b4     main.obj (.text:main)
                  0000c38e    0000009c     imu.obj (.text:initIMU)
                  0000c42a    0000008a     i2c.obj (.text:asignarAccel)
                  0000c4b4    0000007c     rts430_eabi.lib : copy_decompress_lzss.c.obj (.text:decompress:lzss:__TI_decompress_lzss)
                  0000c530    00000076     i2c.obj (.text:readI2C)
                  0000c5a6    00000064     uart.obj (.text:add_XYZ)
                  0000c60a    0000005e     i2c.obj (.text:sendI2C)
                  0000c668    0000004c     rts430_eabi.lib : lsr16.asm.obj (.text)
                  0000c6b4    00000042                     : autoinit.c.obj (.text:__TI_auto_init_nobinit_nopinit:__TI_auto_init_nobinit_nopinit)
                  0000c6f6    00000040     uart.obj (.text:recibi_mensaje_RX)
                  0000c736    0000003c     uart.obj (.text:uart_init)
                  0000c772    00000038     i2c.obj (.text:initI2C)
                  0000c7aa    00000032     uart.obj (.text:registro_vacio_TX)
                  0000c7dc    0000002c     rts430_eabi.lib : div16s.asm.obj (.text)
                  0000c808    0000002c                     : lsl16.asm.obj (.text)
                  0000c834    0000001c                     : boot.c.obj (.text:_c_int00_noargs)
                  0000c850    0000001c     uart.obj (.text:transmitir_TX)
                  0000c86c    0000001a     timer_hw.obj (.text:vTimerAInterrupt)
                  0000c886    00000018     timer_hw.obj (.text:vInitTimerA)
                  0000c89e    00000016     rts430_eabi.lib : div16u.asm.obj (.text)
                  0000c8b4    00000014     timer_hw.obj (.text:config_timer_VLO)
                  0000c8c8    00000014     rts430_eabi.lib : copy_zero_init.c.obj (.text:decompress:ZI:__TI_zero_init_nomemset:__TI_zero_init_nomemset)
                  0000c8dc    00000012                     : copy_decompress_none.c.obj (.text:decompress:none:__TI_decompress_none)
                  0000c8ee    00000012                     : memcpy.c.obj (.text:memcpy)
                  0000c900    00000010     uart.obj (.text:copiar_temp)
                  0000c910    00000010     rts430_eabi.lib : epilog.asm.obj (.text)
                  0000c920    00000010                     : strcpy.c.obj (.text:strcpy)
                  0000c930    0000000e     timer_hw.obj (.text:setFlagTimer)
                  0000c93e    00000008     rts430_eabi.lib : isr_trap.asm.obj (.text:_isr:__TI_ISR_TRAP)
                  0000c946    00000006                     : exit.c.obj (.text:abort)
                  0000c94c    00000004                     : pre_init.c.obj (.text:_system_pre_init)
                  0000c950    00000002                     : startup.c.obj (.text:_system_post_cinit)

.cinit     0    0000c952    0000001c     
                  0000c952    0000000a     (.cinit..data.load) [load image, compression = lzss]
                  0000c95c    00000006     (__TI_handler_table)
                  0000c962    00000004     (.cinit..bss.load) [load image, compression = zero_init]
                  0000c966    00000008     (__TI_cinit_table)

.binit     0    0000c000    00000000     

.init_array 
*          0    0000c000    00000000     UNINITIALIZED

TRAPINT    0    0000ffe0    00000002     
                  0000ffe0    00000002     rts430_eabi.lib : int00.asm.obj (.int00)

PORT1      0    0000ffe4    00000002     
                  0000ffe4    00000002     rts430_eabi.lib : int02.asm.obj (.int02)

PORT2      0    0000ffe6    00000002     
                  0000ffe6    00000002     rts430_eabi.lib : int03.asm.obj (.int03)

ADC10      0    0000ffea    00000002     
                  0000ffea    00000002     rts430_eabi.lib : int05.asm.obj (.int05)

USCIAB0TX 
*          0    0000ffec    00000002     
                  0000ffec    00000002     uart.obj (.int06)

USCIAB0RX 
*          0    0000ffee    00000002     
                  0000ffee    00000002     uart.obj (.int07)

TIMER0_A1 
*          0    0000fff0    00000002     
                  0000fff0    00000002     rts430_eabi.lib : int08.asm.obj (.int08)

TIMER0_A0 
*          0    0000fff2    00000002     
                  0000fff2    00000002     timer_hw.obj (.int09)

WDT        0    0000fff4    00000002     
                  0000fff4    00000002     rts430_eabi.lib : int10.asm.obj (.int10)

COMPARATORA 
*          0    0000fff6    00000002     
                  0000fff6    00000002     rts430_eabi.lib : int11.asm.obj (.int11)

TIMER1_A1 
*          0    0000fff8    00000002     
                  0000fff8    00000002     rts430_eabi.lib : int12.asm.obj (.int12)

TIMER1_A0 
*          0    0000fffa    00000002     
                  0000fffa    00000002     rts430_eabi.lib : int13.asm.obj (.int13)

NMI        0    0000fffc    00000002     
                  0000fffc    00000002     rts430_eabi.lib : int14.asm.obj (.int14)

.reset     0    0000fffe    00000002     
                  0000fffe    00000002     rts430_eabi.lib : boot.c.obj (.reset)

$fill000   0    0000ffde    00000002     
                  0000ffde    00000002     --HOLE-- [fill = ffff]

MODULE SUMMARY

       Module                       code   ro data   rw data
       ------                       ----   -------   -------
    .\
       main.obj                     180    0         50     
    +--+----------------------------+------+---------+---------+
       Total:                       180    0         50     
                                                            
    .\src\
       utils.obj                    730    0         0      
       i2c.obj                      406    0         2      
       uart.obj                     318    4         76     
       imu.obj                      156    0         0      
       timer_hw.obj                 84     2         10     
    +--+----------------------------+------+---------+---------+
       Total:                       1694   6         88     
                                                            
    C:\Programas extras\ti\ccsv8\tools\compiler\ti-cgt-msp430_18.1.4.LTS\lib\rts430_eabi.lib
       copy_decompress_lzss.c.obj   124    0         0      
       lsr16.asm.obj                76     0         0      
       autoinit.c.obj               66     0         0      
       div16s.asm.obj               44     0         0      
       lsl16.asm.obj                44     0         0      
       boot.c.obj                   28     2         0      
       div16u.asm.obj               22     0         0      
       copy_zero_init.c.obj         20     0         0      
       copy_decompress_none.c.obj   18     0         0      
       memcpy.c.obj                 18     0         0      
       epilog.asm.obj               16     0         0      
       strcpy.c.obj                 16     0         0      
       isr_trap.asm.obj             8      0         0      
       exit.c.obj                   6      0         0      
       pre_init.c.obj               4      0         0      
       int00.asm.obj                0      2         0      
       int02.asm.obj                0      2         0      
       int03.asm.obj                0      2         0      
       int05.asm.obj                0      2         0      
       int08.asm.obj                0      2         0      
       int10.asm.obj                0      2         0      
       int11.asm.obj                0      2         0      
       int12.asm.obj                0      2         0      
       int13.asm.obj                0      2         0      
       int14.asm.obj                0      2         0      
       startup.c.obj                2      0         0      
    +--+----------------------------+------+---------+---------+
       Total:                       512    22        0      
                                                            
       Stack:                       0      0         80     
       Linker Generated:            0      28        0      
    +--+----------------------------+------+---------+---------+
       Grand Total:                 2386   56        218    


LINKER GENERATED COPY TABLES

__TI_cinit_table @ 0000c966 records: 2, size/record: 4, table size: 8
	.data: load addr=0000c952, load size=0000000a bytes, run addr=00000272, run size=00000018 bytes, compression=lzss
	.bss: load addr=0000c962, load size=00000004 bytes, run addr=00000200, run size=00000072 bytes, compression=zero_init


LINKER GENERATED HANDLER TABLE

__TI_handler_table @ 0000c95c records: 3, size/record: 2, table size: 6
	index: 0, handler: __TI_zero_init
	index: 1, handler: __TI_decompress_lzss
	index: 2, handler: __TI_decompress_none


GLOBAL SYMBOLS: SORTED ALPHABETICALLY BY Name 

address   name                          
-------   ----                          
0000004a  ADC10AE0                      
000001b0  ADC10CTL0                     
000001b2  ADC10CTL1                     
00000048  ADC10DTC0                     
00000049  ADC10DTC1                     
000001b4  ADC10MEM                      
000001bc  ADC10SA                       
00000057  BCSCTL1                       
00000058  BCSCTL2                       
00000053  BCSCTL3                       
0000c946  C$$EXIT                       
00000059  CACTL1                        
0000005a  CACTL2                        
000010fb  CALBC1_12MHZ                  
000010f9  CALBC1_16MHZ                  
000010ff  CALBC1_1MHZ                   
000010fd  CALBC1_8MHZ                   
000010fa  CALDCO_12MHZ                  
000010f8  CALDCO_16MHZ                  
000010fe  CALDCO_1MHZ                   
000010fc  CALDCO_8MHZ                   
0000005b  CAPD                          
00000056  DCOCTL                        
00000128  FCTL1                         
0000012a  FCTL2                         
0000012c  FCTL3                         
00000000  IE1                           
00000001  IE2                           
00000002  IFG1                          
00000003  IFG2                          
00000022  P1DIR                         
00000025  P1IE                          
00000024  P1IES                         
00000023  P1IFG                         
00000020  P1IN                          
00000021  P1OUT                         
00000027  P1REN                         
00000026  P1SEL                         
00000041  P1SEL2                        
0000002a  P2DIR                         
0000002d  P2IE                          
0000002c  P2IES                         
0000002b  P2IFG                         
00000028  P2IN                          
00000029  P2OUT                         
0000002f  P2REN                         
0000002e  P2SEL                         
00000042  P2SEL2                        
0000001a  P3DIR                         
00000018  P3IN                          
00000019  P3OUT                         
00000010  P3REN                         
0000001b  P3SEL                         
00000043  P3SEL2                        
00000266  SEL_tiks                      
00000172  TA0CCR0                       
00000174  TA0CCR1                       
00000176  TA0CCR2                       
00000162  TA0CCTL0                      
00000164  TA0CCTL1                      
00000166  TA0CCTL2                      
00000160  TA0CTL                        
0000012e  TA0IV                         
00000170  TA0R                          
00000192  TA1CCR0                       
00000194  TA1CCR1                       
00000196  TA1CCR2                       
00000182  TA1CCTL0                      
00000184  TA1CCTL1                      
00000186  TA1CCTL2                      
00000180  TA1CTL                        
0000011e  TA1IV                         
00000190  TA1R                          
000010db  TLV_ADC10_1_LEN               
000010da  TLV_ADC10_1_TAG               
000010c0  TLV_CHECKSUM                  
000010f7  TLV_DCO_30_LEN                
000010f6  TLV_DCO_30_TAG                
00000268  Tflag                         
0000005d  UCA0ABCTL                     
00000062  UCA0BR0                       
00000063  UCA0BR1                       
00000060  UCA0CTL0                      
00000061  UCA0CTL1                      
0000005f  UCA0IRRCTL                    
0000005e  UCA0IRTCTL                    
00000064  UCA0MCTL                      
00000066  UCA0RXBUF                     
00000065  UCA0STAT                      
00000067  UCA0TXBUF                     
0000006a  UCB0BR0                       
0000006b  UCB0BR1                       
00000068  UCB0CTL0                      
00000069  UCB0CTL1                      
0000006c  UCB0I2CIE                     
00000118  UCB0I2COA                     
0000011a  UCB0I2CSA                     
0000006e  UCB0RXBUF                     
0000006d  UCB0STAT                      
0000006f  UCB0TXBUF                     
00000120  WDTCTL                        
00000400  __STACK_END                   
00000050  __STACK_SIZE                  
0000c966  __TI_CINIT_Base               
0000c96e  __TI_CINIT_Limit              
0000c95c  __TI_Handler_Table_Base       
0000c962  __TI_Handler_Table_Limit      
0000c93e  __TI_ISR_TRAP                 
0000c6b4  __TI_auto_init_nobinit_nopinit
0000c4b4  __TI_decompress_lzss          
0000c8dc  __TI_decompress_none          
0000ffe0  __TI_int00                    
0000ffe4  __TI_int02                    
0000ffe6  __TI_int03                    
0000ffea  __TI_int05                    
0000ffec  __TI_int06                    
0000ffee  __TI_int07                    
0000fff0  __TI_int08                    
0000fff2  __TI_int09                    
0000fff4  __TI_int10                    
0000fff6  __TI_int11                    
0000fff8  __TI_int12                    
0000fffa  __TI_int13                    
0000fffc  __TI_int14                    
ffffffff  __TI_pprof_out_hndl           
ffffffff  __TI_prof_data_size           
ffffffff  __TI_prof_data_start          
0000c8c8  __TI_zero_init_nomemset       
ffffffff  __c_args__                    
0000c7dc  __mspabi_divi                 
0000c89e  __mspabi_divu                 
0000c91c  __mspabi_func_epilog_1        
0000c91a  __mspabi_func_epilog_2        
0000c918  __mspabi_func_epilog_3        
0000c916  __mspabi_func_epilog_4        
0000c914  __mspabi_func_epilog_5        
0000c912  __mspabi_func_epilog_6        
0000c910  __mspabi_func_epilog_7        
0000c7dc  __mspabi_remi                 
0000c89e  __mspabi_remu                 
0000c808  __mspabi_slli                 
0000c830  __mspabi_slli_1               
0000c81e  __mspabi_slli_10              
0000c81c  __mspabi_slli_11              
0000c81a  __mspabi_slli_12              
0000c818  __mspabi_slli_13              
0000c816  __mspabi_slli_14              
0000c814  __mspabi_slli_15              
0000c82e  __mspabi_slli_2               
0000c82c  __mspabi_slli_3               
0000c82a  __mspabi_slli_4               
0000c828  __mspabi_slli_5               
0000c826  __mspabi_slli_6               
0000c824  __mspabi_slli_7               
0000c822  __mspabi_slli_8               
0000c820  __mspabi_slli_9               
0000c668  __mspabi_srli                 
0000c6ae  __mspabi_srli_1               
0000c68a  __mspabi_srli_10              
0000c686  __mspabi_srli_11              
0000c682  __mspabi_srli_12              
0000c67e  __mspabi_srli_13              
0000c67a  __mspabi_srli_14              
0000c676  __mspabi_srli_15              
0000c6aa  __mspabi_srli_2               
0000c6a6  __mspabi_srli_3               
0000c6a2  __mspabi_srli_4               
0000c69e  __mspabi_srli_5               
0000c69a  __mspabi_srli_6               
0000c696  __mspabi_srli_7               
0000c692  __mspabi_srli_8               
0000c68e  __mspabi_srli_9               
0000c834  _c_int00_noargs               
0000fffe  _reset_vector                 
000003b0  _stack                        
0000c950  _system_post_cinit            
0000c94c  _system_pre_init              
0000c946  abort                         
00000258  accel                         
00000278  accelX                        
0000027a  accelY                        
0000027c  accelZ                        
0000c5a6  add_XYZ                       
0000c42a  asignarAccel                  
00000276  banderaUART                   
0000c8b4  config_timer_VLO              
0000026a  contTimer                     
00000274  contUART                      
00000272  contt                         
0000c900  copiar_temp                   
00000284  i                             
0000c772  initI2C                       
0000c38e  initIMU                       
0000c000  intTOchar                     
00000282  j                             
0000026c  local_EOL                     
0000c2da  main                          
0000c8ee  memcpy                        
0000025e  msg                           
00000288  n                             
0000026e  numm                          
0000c530  readI2C                       
0000c6f6  recibi_mensaje_RX             
0000c7aa  registro_vacio_TX             
0000c60a  sendI2C                       
0000c930  setFlagTimer                  
0000c920  strcpy                        
00000270  tiks                          
0000c850  transmitir_TX                 
0000c736  uart_init                     
0000c886  vInitTimerA                   
0000c86c  vTimerAInterrupt              
00000286  valor_WPXX                    


GLOBAL SYMBOLS: SORTED BY Symbol Address 

address   name                          
-------   ----                          
00000000  IE1                           
00000001  IE2                           
00000002  IFG1                          
00000003  IFG2                          
00000010  P3REN                         
00000018  P3IN                          
00000019  P3OUT                         
0000001a  P3DIR                         
0000001b  P3SEL                         
00000020  P1IN                          
00000021  P1OUT                         
00000022  P1DIR                         
00000023  P1IFG                         
00000024  P1IES                         
00000025  P1IE                          
00000026  P1SEL                         
00000027  P1REN                         
00000028  P2IN                          
00000029  P2OUT                         
0000002a  P2DIR                         
0000002b  P2IFG                         
0000002c  P2IES                         
0000002d  P2IE                          
0000002e  P2SEL                         
0000002f  P2REN                         
00000041  P1SEL2                        
00000042  P2SEL2                        
00000043  P3SEL2                        
00000048  ADC10DTC0                     
00000049  ADC10DTC1                     
0000004a  ADC10AE0                      
00000050  __STACK_SIZE                  
00000053  BCSCTL3                       
00000056  DCOCTL                        
00000057  BCSCTL1                       
00000058  BCSCTL2                       
00000059  CACTL1                        
0000005a  CACTL2                        
0000005b  CAPD                          
0000005d  UCA0ABCTL                     
0000005e  UCA0IRTCTL                    
0000005f  UCA0IRRCTL                    
00000060  UCA0CTL0                      
00000061  UCA0CTL1                      
00000062  UCA0BR0                       
00000063  UCA0BR1                       
00000064  UCA0MCTL                      
00000065  UCA0STAT                      
00000066  UCA0RXBUF                     
00000067  UCA0TXBUF                     
00000068  UCB0CTL0                      
00000069  UCB0CTL1                      
0000006a  UCB0BR0                       
0000006b  UCB0BR1                       
0000006c  UCB0I2CIE                     
0000006d  UCB0STAT                      
0000006e  UCB0RXBUF                     
0000006f  UCB0TXBUF                     
00000118  UCB0I2COA                     
0000011a  UCB0I2CSA                     
0000011e  TA1IV                         
00000120  WDTCTL                        
00000128  FCTL1                         
0000012a  FCTL2                         
0000012c  FCTL3                         
0000012e  TA0IV                         
00000160  TA0CTL                        
00000162  TA0CCTL0                      
00000164  TA0CCTL1                      
00000166  TA0CCTL2                      
00000170  TA0R                          
00000172  TA0CCR0                       
00000174  TA0CCR1                       
00000176  TA0CCR2                       
00000180  TA1CTL                        
00000182  TA1CCTL0                      
00000184  TA1CCTL1                      
00000186  TA1CCTL2                      
00000190  TA1R                          
00000192  TA1CCR0                       
00000194  TA1CCR1                       
00000196  TA1CCR2                       
000001b0  ADC10CTL0                     
000001b2  ADC10CTL1                     
000001b4  ADC10MEM                      
000001bc  ADC10SA                       
00000258  accel                         
0000025e  msg                           
00000266  SEL_tiks                      
00000268  Tflag                         
0000026a  contTimer                     
0000026c  local_EOL                     
0000026e  numm                          
00000270  tiks                          
00000272  contt                         
00000274  contUART                      
00000276  banderaUART                   
00000278  accelX                        
0000027a  accelY                        
0000027c  accelZ                        
00000282  j                             
00000284  i                             
00000286  valor_WPXX                    
00000288  n                             
000003b0  _stack                        
00000400  __STACK_END                   
000010c0  TLV_CHECKSUM                  
000010da  TLV_ADC10_1_TAG               
000010db  TLV_ADC10_1_LEN               
000010f6  TLV_DCO_30_TAG                
000010f7  TLV_DCO_30_LEN                
000010f8  CALDCO_16MHZ                  
000010f9  CALBC1_16MHZ                  
000010fa  CALDCO_12MHZ                  
000010fb  CALBC1_12MHZ                  
000010fc  CALDCO_8MHZ                   
000010fd  CALBC1_8MHZ                   
000010fe  CALDCO_1MHZ                   
000010ff  CALBC1_1MHZ                   
0000c000  intTOchar                     
0000c2da  main                          
0000c38e  initIMU                       
0000c42a  asignarAccel                  
0000c4b4  __TI_decompress_lzss          
0000c530  readI2C                       
0000c5a6  add_XYZ                       
0000c60a  sendI2C                       
0000c668  __mspabi_srli                 
0000c676  __mspabi_srli_15              
0000c67a  __mspabi_srli_14              
0000c67e  __mspabi_srli_13              
0000c682  __mspabi_srli_12              
0000c686  __mspabi_srli_11              
0000c68a  __mspabi_srli_10              
0000c68e  __mspabi_srli_9               
0000c692  __mspabi_srli_8               
0000c696  __mspabi_srli_7               
0000c69a  __mspabi_srli_6               
0000c69e  __mspabi_srli_5               
0000c6a2  __mspabi_srli_4               
0000c6a6  __mspabi_srli_3               
0000c6aa  __mspabi_srli_2               
0000c6ae  __mspabi_srli_1               
0000c6b4  __TI_auto_init_nobinit_nopinit
0000c6f6  recibi_mensaje_RX             
0000c736  uart_init                     
0000c772  initI2C                       
0000c7aa  registro_vacio_TX             
0000c7dc  __mspabi_divi                 
0000c7dc  __mspabi_remi                 
0000c808  __mspabi_slli                 
0000c814  __mspabi_slli_15              
0000c816  __mspabi_slli_14              
0000c818  __mspabi_slli_13              
0000c81a  __mspabi_slli_12              
0000c81c  __mspabi_slli_11              
0000c81e  __mspabi_slli_10              
0000c820  __mspabi_slli_9               
0000c822  __mspabi_slli_8               
0000c824  __mspabi_slli_7               
0000c826  __mspabi_slli_6               
0000c828  __mspabi_slli_5               
0000c82a  __mspabi_slli_4               
0000c82c  __mspabi_slli_3               
0000c82e  __mspabi_slli_2               
0000c830  __mspabi_slli_1               
0000c834  _c_int00_noargs               
0000c850  transmitir_TX                 
0000c86c  vTimerAInterrupt              
0000c886  vInitTimerA                   
0000c89e  __mspabi_divu                 
0000c89e  __mspabi_remu                 
0000c8b4  config_timer_VLO              
0000c8c8  __TI_zero_init_nomemset       
0000c8dc  __TI_decompress_none          
0000c8ee  memcpy                        
0000c900  copiar_temp                   
0000c910  __mspabi_func_epilog_7        
0000c912  __mspabi_func_epilog_6        
0000c914  __mspabi_func_epilog_5        
0000c916  __mspabi_func_epilog_4        
0000c918  __mspabi_func_epilog_3        
0000c91a  __mspabi_func_epilog_2        
0000c91c  __mspabi_func_epilog_1        
0000c920  strcpy                        
0000c930  setFlagTimer                  
0000c93e  __TI_ISR_TRAP                 
0000c946  C$$EXIT                       
0000c946  abort                         
0000c94c  _system_pre_init              
0000c950  _system_post_cinit            
0000c95c  __TI_Handler_Table_Base       
0000c962  __TI_Handler_Table_Limit      
0000c966  __TI_CINIT_Base               
0000c96e  __TI_CINIT_Limit              
0000ffe0  __TI_int00                    
0000ffe4  __TI_int02                    
0000ffe6  __TI_int03                    
0000ffea  __TI_int05                    
0000ffec  __TI_int06                    
0000ffee  __TI_int07                    
0000fff0  __TI_int08                    
0000fff2  __TI_int09                    
0000fff4  __TI_int10                    
0000fff6  __TI_int11                    
0000fff8  __TI_int12                    
0000fffa  __TI_int13                    
0000fffc  __TI_int14                    
0000fffe  _reset_vector                 
ffffffff  __TI_pprof_out_hndl           
ffffffff  __TI_prof_data_size           
ffffffff  __TI_prof_data_start          
ffffffff  __c_args__                    

[213 symbols]
