<?xml version="1.0" encoding="ISO-8859-1" ?>
<link_info>
   <banner>MSP430 Linker PC v18.1.4.LTS</banner>
   <copyright>Copyright (c) 2003-2018 Texas Instruments Incorporated</copyright>
   <link_time>0x6292dcf0</link_time>
   <link_errors>0x0</link_errors>
   <output_file>round-robin.out</output_file>
   <entry_point>
      <name>_c_int00_noargs</name>
      <address>0xc834</address>
   </entry_point>
   <input_file_list>
      <input_file id="fl-2">
         <path>.\</path>
         <kind>object</kind>
         <file>main.obj</file>
         <name>main.obj</name>
      </input_file>
      <input_file id="fl-3">
         <path>.\src\</path>
         <kind>object</kind>
         <file>algoritmo.obj</file>
         <name>algoritmo.obj</name>
      </input_file>
      <input_file id="fl-4">
         <path>.\src\</path>
         <kind>object</kind>
         <file>i2c.obj</file>
         <name>i2c.obj</name>
      </input_file>
      <input_file id="fl-5">
         <path>.\src\</path>
         <kind>object</kind>
         <file>imu.obj</file>
         <name>imu.obj</name>
      </input_file>
      <input_file id="fl-6">
         <path>.\src\</path>
         <kind>object</kind>
         <file>timer_hw.obj</file>
         <name>timer_hw.obj</name>
      </input_file>
      <input_file id="fl-7">
         <path>.\src\</path>
         <kind>object</kind>
         <file>uart.obj</file>
         <name>uart.obj</name>
      </input_file>
      <input_file id="fl-8">
         <path>.\src\</path>
         <kind>object</kind>
         <file>utils.obj</file>
         <name>utils.obj</name>
      </input_file>
      <input_file id="fl-d">
         <kind>object</kind>
         <file>&lt;internal&gt;</file>
         <name>&lt;internal&gt;</name>
      </input_file>
      <input_file id="fl-23">
         <path>C:\Programas extras\ti\ccsv8\tools\compiler\ti-cgt-msp430_18.1.4.LTS\lib\</path>
         <kind>archive</kind>
         <file>rts430_eabi.lib</file>
         <name>div16s.asm.obj</name>
      </input_file>
      <input_file id="fl-24">
         <path>C:\Programas extras\ti\ccsv8\tools\compiler\ti-cgt-msp430_18.1.4.LTS\lib\</path>
         <kind>archive</kind>
         <file>rts430_eabi.lib</file>
         <name>div16u.asm.obj</name>
      </input_file>
      <input_file id="fl-25">
         <path>C:\Programas extras\ti\ccsv8\tools\compiler\ti-cgt-msp430_18.1.4.LTS\lib\</path>
         <kind>archive</kind>
         <file>rts430_eabi.lib</file>
         <name>epilog.asm.obj</name>
      </input_file>
      <input_file id="fl-26">
         <path>C:\Programas extras\ti\ccsv8\tools\compiler\ti-cgt-msp430_18.1.4.LTS\lib\</path>
         <kind>archive</kind>
         <file>rts430_eabi.lib</file>
         <name>int00.asm.obj</name>
      </input_file>
      <input_file id="fl-27">
         <path>C:\Programas extras\ti\ccsv8\tools\compiler\ti-cgt-msp430_18.1.4.LTS\lib\</path>
         <kind>archive</kind>
         <file>rts430_eabi.lib</file>
         <name>int02.asm.obj</name>
      </input_file>
      <input_file id="fl-28">
         <path>C:\Programas extras\ti\ccsv8\tools\compiler\ti-cgt-msp430_18.1.4.LTS\lib\</path>
         <kind>archive</kind>
         <file>rts430_eabi.lib</file>
         <name>int03.asm.obj</name>
      </input_file>
      <input_file id="fl-29">
         <path>C:\Programas extras\ti\ccsv8\tools\compiler\ti-cgt-msp430_18.1.4.LTS\lib\</path>
         <kind>archive</kind>
         <file>rts430_eabi.lib</file>
         <name>int05.asm.obj</name>
      </input_file>
      <input_file id="fl-2a">
         <path>C:\Programas extras\ti\ccsv8\tools\compiler\ti-cgt-msp430_18.1.4.LTS\lib\</path>
         <kind>archive</kind>
         <file>rts430_eabi.lib</file>
         <name>int08.asm.obj</name>
      </input_file>
      <input_file id="fl-2b">
         <path>C:\Programas extras\ti\ccsv8\tools\compiler\ti-cgt-msp430_18.1.4.LTS\lib\</path>
         <kind>archive</kind>
         <file>rts430_eabi.lib</file>
         <name>int10.asm.obj</name>
      </input_file>
      <input_file id="fl-2c">
         <path>C:\Programas extras\ti\ccsv8\tools\compiler\ti-cgt-msp430_18.1.4.LTS\lib\</path>
         <kind>archive</kind>
         <file>rts430_eabi.lib</file>
         <name>int11.asm.obj</name>
      </input_file>
      <input_file id="fl-2d">
         <path>C:\Programas extras\ti\ccsv8\tools\compiler\ti-cgt-msp430_18.1.4.LTS\lib\</path>
         <kind>archive</kind>
         <file>rts430_eabi.lib</file>
         <name>int12.asm.obj</name>
      </input_file>
      <input_file id="fl-2e">
         <path>C:\Programas extras\ti\ccsv8\tools\compiler\ti-cgt-msp430_18.1.4.LTS\lib\</path>
         <kind>archive</kind>
         <file>rts430_eabi.lib</file>
         <name>int13.asm.obj</name>
      </input_file>
      <input_file id="fl-2f">
         <path>C:\Programas extras\ti\ccsv8\tools\compiler\ti-cgt-msp430_18.1.4.LTS\lib\</path>
         <kind>archive</kind>
         <file>rts430_eabi.lib</file>
         <name>int14.asm.obj</name>
      </input_file>
      <input_file id="fl-30">
         <path>C:\Programas extras\ti\ccsv8\tools\compiler\ti-cgt-msp430_18.1.4.LTS\lib\</path>
         <kind>archive</kind>
         <file>rts430_eabi.lib</file>
         <name>isr_trap.asm.obj</name>
      </input_file>
      <input_file id="fl-31">
         <path>C:\Programas extras\ti\ccsv8\tools\compiler\ti-cgt-msp430_18.1.4.LTS\lib\</path>
         <kind>archive</kind>
         <file>rts430_eabi.lib</file>
         <name>boot.c.obj</name>
      </input_file>
      <input_file id="fl-32">
         <path>C:\Programas extras\ti\ccsv8\tools\compiler\ti-cgt-msp430_18.1.4.LTS\lib\</path>
         <kind>archive</kind>
         <file>rts430_eabi.lib</file>
         <name>autoinit.c.obj</name>
      </input_file>
      <input_file id="fl-33">
         <path>C:\Programas extras\ti\ccsv8\tools\compiler\ti-cgt-msp430_18.1.4.LTS\lib\</path>
         <kind>archive</kind>
         <file>rts430_eabi.lib</file>
         <name>copy_zero_init.c.obj</name>
      </input_file>
      <input_file id="fl-34">
         <path>C:\Programas extras\ti\ccsv8\tools\compiler\ti-cgt-msp430_18.1.4.LTS\lib\</path>
         <kind>archive</kind>
         <file>rts430_eabi.lib</file>
         <name>cpy_tbl.c.obj</name>
      </input_file>
      <input_file id="fl-35">
         <path>C:\Programas extras\ti\ccsv8\tools\compiler\ti-cgt-msp430_18.1.4.LTS\lib\</path>
         <kind>archive</kind>
         <file>rts430_eabi.lib</file>
         <name>mpu_init.c.obj</name>
      </input_file>
      <input_file id="fl-36">
         <path>C:\Programas extras\ti\ccsv8\tools\compiler\ti-cgt-msp430_18.1.4.LTS\lib\</path>
         <kind>archive</kind>
         <file>rts430_eabi.lib</file>
         <name>pre_init.c.obj</name>
      </input_file>
      <input_file id="fl-37">
         <path>C:\Programas extras\ti\ccsv8\tools\compiler\ti-cgt-msp430_18.1.4.LTS\lib\</path>
         <kind>archive</kind>
         <file>rts430_eabi.lib</file>
         <name>startup.c.obj</name>
      </input_file>
      <input_file id="fl-38">
         <path>C:\Programas extras\ti\ccsv8\tools\compiler\ti-cgt-msp430_18.1.4.LTS\lib\</path>
         <kind>archive</kind>
         <file>rts430_eabi.lib</file>
         <name>copy_decompress_none.c.obj</name>
      </input_file>
      <input_file id="fl-39">
         <path>C:\Programas extras\ti\ccsv8\tools\compiler\ti-cgt-msp430_18.1.4.LTS\lib\</path>
         <kind>archive</kind>
         <file>rts430_eabi.lib</file>
         <name>copy_decompress_lzss.c.obj</name>
      </input_file>
      <input_file id="fl-3a">
         <path>C:\Programas extras\ti\ccsv8\tools\compiler\ti-cgt-msp430_18.1.4.LTS\lib\</path>
         <kind>archive</kind>
         <file>rts430_eabi.lib</file>
         <name>exit.c.obj</name>
      </input_file>
      <input_file id="fl-3b">
         <path>C:\Programas extras\ti\ccsv8\tools\compiler\ti-cgt-msp430_18.1.4.LTS\lib\</path>
         <kind>archive</kind>
         <file>rts430_eabi.lib</file>
         <name>_lock.c.obj</name>
      </input_file>
      <input_file id="fl-3c">
         <path>C:\Programas extras\ti\ccsv8\tools\compiler\ti-cgt-msp430_18.1.4.LTS\lib\</path>
         <kind>archive</kind>
         <file>rts430_eabi.lib</file>
         <name>args_main.c.obj</name>
      </input_file>
      <input_file id="fl-3d">
         <path>C:\Programas extras\ti\ccsv8\tools\compiler\ti-cgt-msp430_18.1.4.LTS\lib\</path>
         <kind>archive</kind>
         <file>rts430_eabi.lib</file>
         <name>memcpy.c.obj</name>
      </input_file>
      <input_file id="fl-3e">
         <path>C:\Programas extras\ti\ccsv8\tools\compiler\ti-cgt-msp430_18.1.4.LTS\lib\</path>
         <kind>archive</kind>
         <file>rts430_eabi.lib</file>
         <name>strcpy.c.obj</name>
      </input_file>
      <input_file id="fl-3f">
         <path>C:\Programas extras\ti\ccsv8\tools\compiler\ti-cgt-msp430_18.1.4.LTS\lib\</path>
         <kind>archive</kind>
         <file>rts430_eabi.lib</file>
         <name>lsl16.asm.obj</name>
      </input_file>
      <input_file id="fl-40">
         <path>C:\Programas extras\ti\ccsv8\tools\compiler\ti-cgt-msp430_18.1.4.LTS\lib\</path>
         <kind>archive</kind>
         <file>rts430_eabi.lib</file>
         <name>lsr16.asm.obj</name>
      </input_file>
      <input_file id="fl-41">
         <path>C:\Programas extras\ti\ccsv8\tools\compiler\ti-cgt-msp430_18.1.4.LTS\lib\</path>
         <kind>archive</kind>
         <file>rts430_eabi.lib</file>
         <name>mult16.asm.obj</name>
      </input_file>
      <input_file id="fl-42">
         <path>C:\Programas extras\ti\ccsv8\tools\compiler\ti-cgt-msp430_18.1.4.LTS\lib\</path>
         <kind>archive</kind>
         <file>rts430_eabi.lib</file>
         <name>exit_gvars.c.obj</name>
      </input_file>
   </input_file_list>
   <object_component_list>
      <object_component id="oc-1df">
         <name>.bss:buffer_temp</name>
         <uninitialized>true</uninitialized>
         <run_address>0x22c</run_address>
         <size>0x16</size>
         <input_file_ref idref="fl-2"/>
      </object_component>
      <object_component id="oc-24f">
         <name>.bss</name>
         <uninitialized>true</uninitialized>
         <run_address>0x264</run_address>
         <size>0x2</size>
         <input_file_ref idref="fl-4"/>
      </object_component>
      <object_component id="oc-14c">
         <name>.bss:buffer_TX</name>
         <uninitialized>true</uninitialized>
         <run_address>0x216</run_address>
         <size>0x16</size>
         <input_file_ref idref="fl-7"/>
      </object_component>
      <object_component id="oc-150">
         <name>.bss:buffer_RX</name>
         <uninitialized>true</uninitialized>
         <run_address>0x200</run_address>
         <size>0x16</size>
         <input_file_ref idref="fl-7"/>
      </object_component>
      <object_component id="oc-255">
         <name>.bss:buffer_temp</name>
         <uninitialized>true</uninitialized>
         <run_address>0x242</run_address>
         <size>0x16</size>
         <input_file_ref idref="fl-7"/>
      </object_component>
      <object_component id="oc-1a2">
         <name>.common:msg</name>
         <uninitialized>true</uninitialized>
         <run_address>0x25e</run_address>
         <size>0x6</size>
      </object_component>
      <object_component id="oc-1d2">
         <name>.common:accel</name>
         <uninitialized>true</uninitialized>
         <run_address>0x258</run_address>
         <size>0x6</size>
      </object_component>
      <object_component id="oc-24b">
         <name>.common:tiks</name>
         <uninitialized>true</uninitialized>
         <run_address>0x270</run_address>
         <size>0x2</size>
      </object_component>
      <object_component id="oc-157">
         <name>.common:numm</name>
         <uninitialized>true</uninitialized>
         <run_address>0x26e</run_address>
         <size>0x2</size>
      </object_component>
      <object_component id="oc-15a">
         <name>.common:contTimer</name>
         <uninitialized>true</uninitialized>
         <run_address>0x26a</run_address>
         <size>0x2</size>
      </object_component>
      <object_component id="oc-15b">
         <name>.common:Tflag</name>
         <uninitialized>true</uninitialized>
         <run_address>0x268</run_address>
         <size>0x2</size>
      </object_component>
      <object_component id="oc-249">
         <name>.common:SEL_tiks</name>
         <uninitialized>true</uninitialized>
         <run_address>0x266</run_address>
         <size>0x2</size>
      </object_component>
      <object_component id="oc-153">
         <name>.common:local_EOL</name>
         <uninitialized>true</uninitialized>
         <run_address>0x26c</run_address>
         <size>0x2</size>
      </object_component>
      <object_component id="oc-1b1">
         <name>.data</name>
         <load_address>0x272</load_address>
         <run_address>0x272</run_address>
         <size>0x10</size>
         <input_file_ref idref="fl-2"/>
      </object_component>
      <object_component id="oc-149">
         <name>.data</name>
         <load_address>0x282</load_address>
         <run_address>0x282</run_address>
         <size>0x8</size>
         <input_file_ref idref="fl-7"/>
      </object_component>
      <object_component id="oc-b1">
         <name>.stack</name>
         <uninitialized>true</uninitialized>
         <run_address>0x3b0</run_address>
         <size>0x2</size>
         <input_file_ref idref="fl-31"/>
      </object_component>
      <object_component id="oc-334">
         <name>.stack</name>
         <uninitialized>true</uninitialized>
         <run_address>0x3b0</run_address>
         <size>0x0</size>
      </object_component>
      <object_component id="oc-258">
         <name>.text:intTOchar</name>
         <load_address>0xc000</load_address>
         <run_address>0xc000</run_address>
         <size>0x2da</size>
         <input_file_ref idref="fl-8"/>
      </object_component>
      <object_component id="oc-16b">
         <name>.text:main</name>
         <load_address>0xc2da</load_address>
         <run_address>0xc2da</run_address>
         <size>0xb4</size>
         <input_file_ref idref="fl-2"/>
      </object_component>
      <object_component id="oc-1ab">
         <name>.text:initIMU</name>
         <load_address>0xc38e</load_address>
         <run_address>0xc38e</run_address>
         <size>0x9c</size>
         <input_file_ref idref="fl-5"/>
      </object_component>
      <object_component id="oc-1d3">
         <name>.text:asignarAccel</name>
         <load_address>0xc42a</load_address>
         <run_address>0xc42a</run_address>
         <size>0x8a</size>
         <input_file_ref idref="fl-4"/>
      </object_component>
      <object_component id="oc-34">
         <name>.text:decompress:lzss:__TI_decompress_lzss</name>
         <load_address>0xc4b4</load_address>
         <run_address>0xc4b4</run_address>
         <size>0x7c</size>
         <input_file_ref idref="fl-39"/>
      </object_component>
      <object_component id="oc-1cc">
         <name>.text:readI2C</name>
         <load_address>0xc530</load_address>
         <run_address>0xc530</run_address>
         <size>0x76</size>
         <input_file_ref idref="fl-4"/>
      </object_component>
      <object_component id="oc-1d9">
         <name>.text:add_XYZ</name>
         <load_address>0xc5a6</load_address>
         <run_address>0xc5a6</run_address>
         <size>0x64</size>
         <input_file_ref idref="fl-7"/>
      </object_component>
      <object_component id="oc-240">
         <name>.text:sendI2C</name>
         <load_address>0xc60a</load_address>
         <run_address>0xc60a</run_address>
         <size>0x5e</size>
         <input_file_ref idref="fl-4"/>
      </object_component>
      <object_component id="oc-ba">
         <name>.text</name>
         <load_address>0xc668</load_address>
         <run_address>0xc668</run_address>
         <size>0x4c</size>
         <input_file_ref idref="fl-40"/>
      </object_component>
      <object_component id="oc-1fb">
         <name>.text:__TI_auto_init_nobinit_nopinit:__TI_auto_init_nobinit_nopinit</name>
         <load_address>0xc6b4</load_address>
         <run_address>0xc6b4</run_address>
         <size>0x42</size>
         <input_file_ref idref="fl-32"/>
      </object_component>
      <object_component id="oc-e7">
         <name>.text:recibi_mensaje_RX</name>
         <load_address>0xc6f6</load_address>
         <run_address>0xc6f6</run_address>
         <size>0x40</size>
         <input_file_ref idref="fl-7"/>
      </object_component>
      <object_component id="oc-1c6">
         <name>.text:uart_init</name>
         <load_address>0xc736</load_address>
         <run_address>0xc736</run_address>
         <size>0x3c</size>
         <input_file_ref idref="fl-7"/>
      </object_component>
      <object_component id="oc-1a5">
         <name>.text:initI2C</name>
         <load_address>0xc772</load_address>
         <run_address>0xc772</run_address>
         <size>0x38</size>
         <input_file_ref idref="fl-4"/>
      </object_component>
      <object_component id="oc-e1">
         <name>.text:registro_vacio_TX</name>
         <load_address>0xc7aa</load_address>
         <run_address>0xc7aa</run_address>
         <size>0x32</size>
         <input_file_ref idref="fl-7"/>
      </object_component>
      <object_component id="oc-2a3">
         <name>.text</name>
         <load_address>0xc7dc</load_address>
         <run_address>0xc7dc</run_address>
         <size>0x2c</size>
         <input_file_ref idref="fl-23"/>
      </object_component>
      <object_component id="oc-b5">
         <name>.text</name>
         <load_address>0xc808</load_address>
         <run_address>0xc808</run_address>
         <size>0x2c</size>
         <input_file_ref idref="fl-3f"/>
      </object_component>
      <object_component id="oc-105">
         <name>.text:_c_int00_noargs</name>
         <load_address>0xc834</load_address>
         <run_address>0xc834</run_address>
         <size>0x1c</size>
         <input_file_ref idref="fl-31"/>
      </object_component>
      <object_component id="oc-1e8">
         <name>.text:transmitir_TX</name>
         <load_address>0xc850</load_address>
         <run_address>0xc850</run_address>
         <size>0x1c</size>
         <input_file_ref idref="fl-7"/>
      </object_component>
      <object_component id="oc-ed">
         <name>.text:vTimerAInterrupt</name>
         <load_address>0xc86c</load_address>
         <run_address>0xc86c</run_address>
         <size>0x1a</size>
         <input_file_ref idref="fl-6"/>
      </object_component>
      <object_component id="oc-1c0">
         <name>.text:vInitTimerA</name>
         <load_address>0xc886</load_address>
         <run_address>0xc886</run_address>
         <size>0x18</size>
         <input_file_ref idref="fl-6"/>
      </object_component>
      <object_component id="oc-2d9">
         <name>.text</name>
         <load_address>0xc89e</load_address>
         <run_address>0xc89e</run_address>
         <size>0x16</size>
         <input_file_ref idref="fl-24"/>
      </object_component>
      <object_component id="oc-1ba">
         <name>.text:config_timer_VLO</name>
         <load_address>0xc8b4</load_address>
         <run_address>0xc8b4</run_address>
         <size>0x14</size>
         <input_file_ref idref="fl-6"/>
      </object_component>
      <object_component id="oc-f3">
         <name>.text:decompress:ZI:__TI_zero_init_nomemset:__TI_zero_init_nomemset</name>
         <load_address>0xc8c8</load_address>
         <run_address>0xc8c8</run_address>
         <size>0x14</size>
         <input_file_ref idref="fl-33"/>
      </object_component>
      <object_component id="oc-3a">
         <name>.text:decompress:none:__TI_decompress_none</name>
         <load_address>0xc8dc</load_address>
         <run_address>0xc8dc</run_address>
         <size>0x12</size>
         <input_file_ref idref="fl-38"/>
      </object_component>
      <object_component id="oc-cf">
         <name>.text:memcpy</name>
         <load_address>0xc8ee</load_address>
         <run_address>0xc8ee</run_address>
         <size>0x12</size>
         <input_file_ref idref="fl-3d"/>
      </object_component>
      <object_component id="oc-1e2">
         <name>.text:copiar_temp</name>
         <load_address>0xc900</load_address>
         <run_address>0xc900</run_address>
         <size>0x10</size>
         <input_file_ref idref="fl-7"/>
      </object_component>
      <object_component id="oc-bf">
         <name>.text</name>
         <load_address>0xc910</load_address>
         <run_address>0xc910</run_address>
         <size>0x10</size>
         <input_file_ref idref="fl-25"/>
      </object_component>
      <object_component id="oc-261">
         <name>.text:strcpy</name>
         <load_address>0xc920</load_address>
         <run_address>0xc920</run_address>
         <size>0x10</size>
         <input_file_ref idref="fl-3e"/>
      </object_component>
      <object_component id="oc-1b4">
         <name>.text:setFlagTimer</name>
         <load_address>0xc930</load_address>
         <run_address>0xc930</run_address>
         <size>0xe</size>
         <input_file_ref idref="fl-6"/>
      </object_component>
      <object_component id="oc-dc">
         <name>.text:_isr:__TI_ISR_TRAP</name>
         <load_address>0xc93e</load_address>
         <run_address>0xc93e</run_address>
         <size>0x8</size>
         <input_file_ref idref="fl-30"/>
      </object_component>
      <object_component id="oc-1ef">
         <name>.text:abort</name>
         <load_address>0xc946</load_address>
         <run_address>0xc946</run_address>
         <size>0x6</size>
         <input_file_ref idref="fl-3a"/>
      </object_component>
      <object_component id="oc-165">
         <name>.text:_system_pre_init</name>
         <load_address>0xc94c</load_address>
         <run_address>0xc94c</run_address>
         <size>0x4</size>
         <input_file_ref idref="fl-36"/>
      </object_component>
      <object_component id="oc-27b">
         <name>.text:_system_post_cinit</name>
         <load_address>0xc950</load_address>
         <run_address>0xc950</run_address>
         <size>0x2</size>
         <input_file_ref idref="fl-37"/>
      </object_component>
      <object_component id="oc-333">
         <name>.cinit..data.load</name>
         <load_address>0xc952</load_address>
         <run_address>0xc952</run_address>
         <size>0xa</size>
      </object_component>
      <object_component id="oc-330">
         <name>__TI_handler_table</name>
         <load_address>0xc95c</load_address>
         <run_address>0xc95c</run_address>
         <size>0x6</size>
      </object_component>
      <object_component id="oc-332">
         <name>.cinit..bss.load</name>
         <load_address>0xc962</load_address>
         <run_address>0xc962</run_address>
         <size>0x4</size>
      </object_component>
      <object_component id="oc-331">
         <name>__TI_cinit_table</name>
         <load_address>0xc966</load_address>
         <run_address>0xc966</run_address>
         <size>0x8</size>
      </object_component>
      <object_component id="oc-2f2">
         <name>.binit</name>
         <load_address>0xc000</load_address>
         <run_address>0xc000</run_address>
         <size>0x0</size>
      </object_component>
      <object_component id="oc-40">
         <name>.int00</name>
         <load_address>0xffe0</load_address>
         <run_address>0xffe0</run_address>
         <size>0x2</size>
         <input_file_ref idref="fl-26"/>
      </object_component>
      <object_component id="oc-41">
         <name>.int02</name>
         <load_address>0xffe4</load_address>
         <run_address>0xffe4</run_address>
         <size>0x2</size>
         <input_file_ref idref="fl-27"/>
      </object_component>
      <object_component id="oc-42">
         <name>.int03</name>
         <load_address>0xffe6</load_address>
         <run_address>0xffe6</run_address>
         <size>0x2</size>
         <input_file_ref idref="fl-28"/>
      </object_component>
      <object_component id="oc-43">
         <name>.int05</name>
         <load_address>0xffea</load_address>
         <run_address>0xffea</run_address>
         <size>0x2</size>
         <input_file_ref idref="fl-29"/>
      </object_component>
      <object_component id="oc-44">
         <name>.int06</name>
         <load_address>0xffec</load_address>
         <run_address>0xffec</run_address>
         <size>0x2</size>
         <input_file_ref idref="fl-7"/>
      </object_component>
      <object_component id="oc-45">
         <name>.int07</name>
         <load_address>0xffee</load_address>
         <run_address>0xffee</run_address>
         <size>0x2</size>
         <input_file_ref idref="fl-7"/>
      </object_component>
      <object_component id="oc-46">
         <name>.int08</name>
         <load_address>0xfff0</load_address>
         <run_address>0xfff0</run_address>
         <size>0x2</size>
         <input_file_ref idref="fl-2a"/>
      </object_component>
      <object_component id="oc-47">
         <name>.int09</name>
         <load_address>0xfff2</load_address>
         <run_address>0xfff2</run_address>
         <size>0x2</size>
         <input_file_ref idref="fl-6"/>
      </object_component>
      <object_component id="oc-48">
         <name>.int10</name>
         <load_address>0xfff4</load_address>
         <run_address>0xfff4</run_address>
         <size>0x2</size>
         <input_file_ref idref="fl-2b"/>
      </object_component>
      <object_component id="oc-49">
         <name>.int11</name>
         <load_address>0xfff6</load_address>
         <run_address>0xfff6</run_address>
         <size>0x2</size>
         <input_file_ref idref="fl-2c"/>
      </object_component>
      <object_component id="oc-4a">
         <name>.int12</name>
         <load_address>0xfff8</load_address>
         <run_address>0xfff8</run_address>
         <size>0x2</size>
         <input_file_ref idref="fl-2d"/>
      </object_component>
      <object_component id="oc-4b">
         <name>.int13</name>
         <load_address>0xfffa</load_address>
         <run_address>0xfffa</run_address>
         <size>0x2</size>
         <input_file_ref idref="fl-2e"/>
      </object_component>
      <object_component id="oc-4c">
         <name>.int14</name>
         <load_address>0xfffc</load_address>
         <run_address>0xfffc</run_address>
         <size>0x2</size>
         <input_file_ref idref="fl-2f"/>
      </object_component>
      <object_component id="oc-b4">
         <name>.reset</name>
         <load_address>0xfffe</load_address>
         <run_address>0xfffe</run_address>
         <size>0x2</size>
         <input_file_ref idref="fl-31"/>
      </object_component>
      <object_component id="oc-1a3">
         <name>.debug_info</name>
         <load_address>0x0</load_address>
         <run_address>0x0</run_address>
         <size>0x3dd</size>
         <input_file_ref idref="fl-2"/>
      </object_component>
      <object_component id="oc-1e0">
         <name>.debug_info</name>
         <load_address>0x3dd</load_address>
         <run_address>0x3dd</run_address>
         <size>0xea</size>
         <input_file_ref idref="fl-2"/>
      </object_component>
      <object_component id="oc-1b2">
         <name>.debug_info</name>
         <load_address>0x4c7</load_address>
         <run_address>0x4c7</run_address>
         <size>0x17e</size>
         <input_file_ref idref="fl-2"/>
      </object_component>
      <object_component id="oc-16c">
         <name>.debug_info</name>
         <load_address>0x645</load_address>
         <run_address>0x645</run_address>
         <size>0x255</size>
         <input_file_ref idref="fl-2"/>
      </object_component>
      <object_component id="oc-198">
         <name>.debug_info</name>
         <load_address>0x89a</load_address>
         <run_address>0x89a</run_address>
         <size>0x26b</size>
         <input_file_ref idref="fl-2"/>
      </object_component>
      <object_component id="oc-ca">
         <name>.debug_info</name>
         <load_address>0xb05</load_address>
         <run_address>0xb05</run_address>
         <size>0x84</size>
         <input_file_ref idref="fl-2"/>
      </object_component>
      <object_component id="oc-22e">
         <name>.debug_info</name>
         <load_address>0xb89</load_address>
         <run_address>0xb89</run_address>
         <size>0x275</size>
         <input_file_ref idref="fl-2"/>
      </object_component>
      <object_component id="oc-235">
         <name>.debug_info</name>
         <load_address>0xdfe</load_address>
         <run_address>0xdfe</run_address>
         <size>0xbb</size>
         <input_file_ref idref="fl-2"/>
      </object_component>
      <object_component id="oc-13c">
         <name>.debug_info</name>
         <load_address>0xeb9</load_address>
         <run_address>0xeb9</run_address>
         <size>0x2c</size>
         <input_file_ref idref="fl-2"/>
      </object_component>
      <object_component id="oc-23a">
         <name>.debug_info</name>
         <load_address>0xee5</load_address>
         <run_address>0xee5</run_address>
         <size>0x76</size>
         <input_file_ref idref="fl-2"/>
      </object_component>
      <object_component id="oc-253">
         <name>.debug_info</name>
         <load_address>0xf5b</load_address>
         <run_address>0xf5b</run_address>
         <size>0x2b3</size>
         <input_file_ref idref="fl-4"/>
      </object_component>
      <object_component id="oc-250">
         <name>.debug_info</name>
         <load_address>0x120e</load_address>
         <run_address>0x120e</run_address>
         <size>0x114</size>
         <input_file_ref idref="fl-4"/>
      </object_component>
      <object_component id="oc-241">
         <name>.debug_info</name>
         <load_address>0x1322</load_address>
         <run_address>0x1322</run_address>
         <size>0x273</size>
         <input_file_ref idref="fl-4"/>
      </object_component>
      <object_component id="oc-1cd">
         <name>.debug_info</name>
         <load_address>0x1595</load_address>
         <run_address>0x1595</run_address>
         <size>0x262</size>
         <input_file_ref idref="fl-4"/>
      </object_component>
      <object_component id="oc-1a6">
         <name>.debug_info</name>
         <load_address>0x17f7</load_address>
         <run_address>0x17f7</run_address>
         <size>0x1a3</size>
         <input_file_ref idref="fl-4"/>
      </object_component>
      <object_component id="oc-1d4">
         <name>.debug_info</name>
         <load_address>0x199a</load_address>
         <run_address>0x199a</run_address>
         <size>0x233</size>
         <input_file_ref idref="fl-4"/>
      </object_component>
      <object_component id="oc-1ac">
         <name>.debug_info</name>
         <load_address>0x1bcd</load_address>
         <run_address>0x1bcd</run_address>
         <size>0x1eb</size>
         <input_file_ref idref="fl-5"/>
      </object_component>
      <object_component id="oc-158">
         <name>.debug_info</name>
         <load_address>0x1db8</load_address>
         <run_address>0x1db8</run_address>
         <size>0x2c4</size>
         <input_file_ref idref="fl-6"/>
      </object_component>
      <object_component id="oc-ee">
         <name>.debug_info</name>
         <load_address>0x207c</load_address>
         <run_address>0x207c</run_address>
         <size>0x1c5</size>
         <input_file_ref idref="fl-6"/>
      </object_component>
      <object_component id="oc-1c1">
         <name>.debug_info</name>
         <load_address>0x2241</load_address>
         <run_address>0x2241</run_address>
         <size>0x1ba</size>
         <input_file_ref idref="fl-6"/>
      </object_component>
      <object_component id="oc-1b5">
         <name>.debug_info</name>
         <load_address>0x23fb</load_address>
         <run_address>0x23fb</run_address>
         <size>0x228</size>
         <input_file_ref idref="fl-6"/>
      </object_component>
      <object_component id="oc-1bb">
         <name>.debug_info</name>
         <load_address>0x2623</load_address>
         <run_address>0x2623</run_address>
         <size>0x1c4</size>
         <input_file_ref idref="fl-6"/>
      </object_component>
      <object_component id="oc-154">
         <name>.debug_info</name>
         <load_address>0x27e7</load_address>
         <run_address>0x27e7</run_address>
         <size>0x48d</size>
         <input_file_ref idref="fl-7"/>
      </object_component>
      <object_component id="oc-14d">
         <name>.debug_info</name>
         <load_address>0x2c74</load_address>
         <run_address>0x2c74</run_address>
         <size>0x119</size>
         <input_file_ref idref="fl-7"/>
      </object_component>
      <object_component id="oc-151">
         <name>.debug_info</name>
         <load_address>0x2d8d</load_address>
         <run_address>0x2d8d</run_address>
         <size>0x119</size>
         <input_file_ref idref="fl-7"/>
      </object_component>
      <object_component id="oc-256">
         <name>.debug_info</name>
         <load_address>0x2ea6</load_address>
         <run_address>0x2ea6</run_address>
         <size>0x11d</size>
         <input_file_ref idref="fl-7"/>
      </object_component>
      <object_component id="oc-14a">
         <name>.debug_info</name>
         <load_address>0x2fc3</load_address>
         <run_address>0x2fc3</run_address>
         <size>0x155</size>
         <input_file_ref idref="fl-7"/>
      </object_component>
      <object_component id="oc-1c9">
         <name>.debug_info</name>
         <load_address>0x3118</load_address>
         <run_address>0x3118</run_address>
         <size>0x1d4</size>
         <input_file_ref idref="fl-7"/>
      </object_component>
      <object_component id="oc-1ea">
         <name>.debug_info</name>
         <load_address>0x32ec</load_address>
         <run_address>0x32ec</run_address>
         <size>0x1ed</size>
         <input_file_ref idref="fl-7"/>
      </object_component>
      <object_component id="oc-e3">
         <name>.debug_info</name>
         <load_address>0x34d9</load_address>
         <run_address>0x34d9</run_address>
         <size>0x1bb</size>
         <input_file_ref idref="fl-7"/>
      </object_component>
      <object_component id="oc-e9">
         <name>.debug_info</name>
         <load_address>0x3694</load_address>
         <run_address>0x3694</run_address>
         <size>0x1bb</size>
         <input_file_ref idref="fl-7"/>
      </object_component>
      <object_component id="oc-1e5">
         <name>.debug_info</name>
         <load_address>0x384f</load_address>
         <run_address>0x384f</run_address>
         <size>0x1d6</size>
         <input_file_ref idref="fl-7"/>
      </object_component>
      <object_component id="oc-1dc">
         <name>.debug_info</name>
         <load_address>0x3a25</load_address>
         <run_address>0x3a25</run_address>
         <size>0x22f</size>
         <input_file_ref idref="fl-7"/>
      </object_component>
      <object_component id="oc-2a9">
         <name>.debug_info</name>
         <load_address>0x3c54</load_address>
         <run_address>0x3c54</run_address>
         <size>0x18c</size>
         <input_file_ref idref="fl-8"/>
      </object_component>
      <object_component id="oc-259">
         <name>.debug_info</name>
         <load_address>0x3de0</load_address>
         <run_address>0x3de0</run_address>
         <size>0x3d8</size>
         <input_file_ref idref="fl-8"/>
      </object_component>
      <object_component id="oc-2a5">
         <name>.debug_info</name>
         <load_address>0x41b8</load_address>
         <run_address>0x41b8</run_address>
         <size>0x138</size>
         <input_file_ref idref="fl-23"/>
      </object_component>
      <object_component id="oc-2da">
         <name>.debug_info</name>
         <load_address>0x42f0</load_address>
         <run_address>0x42f0</run_address>
         <size>0x124</size>
         <input_file_ref idref="fl-24"/>
      </object_component>
      <object_component id="oc-c2">
         <name>.debug_info</name>
         <load_address>0x4414</load_address>
         <run_address>0x4414</run_address>
         <size>0x131</size>
         <input_file_ref idref="fl-25"/>
      </object_component>
      <object_component id="oc-dd">
         <name>.debug_info</name>
         <load_address>0x4545</load_address>
         <run_address>0x4545</run_address>
         <size>0x112</size>
         <input_file_ref idref="fl-30"/>
      </object_component>
      <object_component id="oc-b2">
         <name>.debug_info</name>
         <load_address>0x4657</load_address>
         <run_address>0x4657</run_address>
         <size>0x100</size>
         <input_file_ref idref="fl-31"/>
      </object_component>
      <object_component id="oc-108">
         <name>.debug_info</name>
         <load_address>0x4757</load_address>
         <run_address>0x4757</run_address>
         <size>0x17a</size>
         <input_file_ref idref="fl-31"/>
      </object_component>
      <object_component id="oc-282">
         <name>.debug_info</name>
         <load_address>0x48d1</load_address>
         <run_address>0x48d1</run_address>
         <size>0x47d</size>
         <input_file_ref idref="fl-32"/>
      </object_component>
      <object_component id="oc-1fc">
         <name>.debug_info</name>
         <load_address>0x4d4e</load_address>
         <run_address>0x4d4e</run_address>
         <size>0x1e0</size>
         <input_file_ref idref="fl-32"/>
      </object_component>
      <object_component id="oc-2c3">
         <name>.debug_info</name>
         <load_address>0x4f2e</load_address>
         <run_address>0x4f2e</run_address>
         <size>0x39</size>
         <input_file_ref idref="fl-32"/>
      </object_component>
      <object_component id="oc-2d4">
         <name>.debug_info</name>
         <load_address>0x4f67</load_address>
         <run_address>0x4f67</run_address>
         <size>0x2c</size>
         <input_file_ref idref="fl-32"/>
      </object_component>
      <object_component id="oc-28d">
         <name>.debug_info</name>
         <load_address>0x4f93</load_address>
         <run_address>0x4f93</run_address>
         <size>0x2c</size>
         <input_file_ref idref="fl-32"/>
      </object_component>
      <object_component id="oc-2c8">
         <name>.debug_info</name>
         <load_address>0x4fbf</load_address>
         <run_address>0x4fbf</run_address>
         <size>0xcd</size>
         <input_file_ref idref="fl-32"/>
      </object_component>
      <object_component id="oc-163">
         <name>.debug_info</name>
         <load_address>0x508c</load_address>
         <run_address>0x508c</run_address>
         <size>0x1bf</size>
         <input_file_ref idref="fl-33"/>
      </object_component>
      <object_component id="oc-f5">
         <name>.debug_info</name>
         <load_address>0x524b</load_address>
         <run_address>0x524b</run_address>
         <size>0x1d2</size>
         <input_file_ref idref="fl-33"/>
      </object_component>
      <object_component id="oc-15e">
         <name>.debug_info</name>
         <load_address>0x541d</load_address>
         <run_address>0x541d</run_address>
         <size>0x46</size>
         <input_file_ref idref="fl-33"/>
      </object_component>
      <object_component id="oc-166">
         <name>.debug_info</name>
         <load_address>0x5463</load_address>
         <run_address>0x5463</run_address>
         <size>0x153</size>
         <input_file_ref idref="fl-36"/>
      </object_component>
      <object_component id="oc-27c">
         <name>.debug_info</name>
         <load_address>0x55b6</load_address>
         <run_address>0x55b6</run_address>
         <size>0x150</size>
         <input_file_ref idref="fl-37"/>
      </object_component>
      <object_component id="oc-db">
         <name>.debug_info</name>
         <load_address>0x5706</load_address>
         <run_address>0x5706</run_address>
         <size>0x180</size>
         <input_file_ref idref="fl-38"/>
      </object_component>
      <object_component id="oc-3c">
         <name>.debug_info</name>
         <load_address>0x5886</load_address>
         <run_address>0x5886</run_address>
         <size>0x1ea</size>
         <input_file_ref idref="fl-38"/>
      </object_component>
      <object_component id="oc-d6">
         <name>.debug_info</name>
         <load_address>0x5a70</load_address>
         <run_address>0x5a70</run_address>
         <size>0x46</size>
         <input_file_ref idref="fl-38"/>
      </object_component>
      <object_component id="oc-141">
         <name>.debug_info</name>
         <load_address>0x5ab6</load_address>
         <run_address>0x5ab6</run_address>
         <size>0x2c</size>
         <input_file_ref idref="fl-38"/>
      </object_component>
      <object_component id="oc-139">
         <name>.debug_info</name>
         <load_address>0x5ae2</load_address>
         <run_address>0x5ae2</run_address>
         <size>0x176</size>
         <input_file_ref idref="fl-39"/>
      </object_component>
      <object_component id="oc-36">
         <name>.debug_info</name>
         <load_address>0x5c58</load_address>
         <run_address>0x5c58</run_address>
         <size>0x292</size>
         <input_file_ref idref="fl-39"/>
      </object_component>
      <object_component id="oc-c5">
         <name>.debug_info</name>
         <load_address>0x5eea</load_address>
         <run_address>0x5eea</run_address>
         <size>0x60</size>
         <input_file_ref idref="fl-39"/>
      </object_component>
      <object_component id="oc-187">
         <name>.debug_info</name>
         <load_address>0x5f4a</load_address>
         <run_address>0x5f4a</run_address>
         <size>0x46</size>
         <input_file_ref idref="fl-39"/>
      </object_component>
      <object_component id="oc-134">
         <name>.debug_info</name>
         <load_address>0x5f90</load_address>
         <run_address>0x5f90</run_address>
         <size>0x39</size>
         <input_file_ref idref="fl-39"/>
      </object_component>
      <object_component id="oc-1f3">
         <name>.debug_info</name>
         <load_address>0x5fc9</load_address>
         <run_address>0x5fc9</run_address>
         <size>0x122</size>
         <input_file_ref idref="fl-3a"/>
      </object_component>
      <object_component id="oc-13b">
         <name>.debug_info</name>
         <load_address>0x60eb</load_address>
         <run_address>0x60eb</run_address>
         <size>0x181</size>
         <input_file_ref idref="fl-3d"/>
      </object_component>
      <object_component id="oc-d1">
         <name>.debug_info</name>
         <load_address>0x626c</load_address>
         <run_address>0x626c</run_address>
         <size>0x17a</size>
         <input_file_ref idref="fl-3d"/>
      </object_component>
      <object_component id="oc-2ab">
         <name>.debug_info</name>
         <load_address>0x63e6</load_address>
         <run_address>0x63e6</run_address>
         <size>0x17c</size>
         <input_file_ref idref="fl-3e"/>
      </object_component>
      <object_component id="oc-262">
         <name>.debug_info</name>
         <load_address>0x6562</load_address>
         <run_address>0x6562</run_address>
         <size>0x252</size>
         <input_file_ref idref="fl-3e"/>
      </object_component>
      <object_component id="oc-b6">
         <name>.debug_info</name>
         <load_address>0x67b4</load_address>
         <run_address>0x67b4</run_address>
         <size>0x123</size>
         <input_file_ref idref="fl-3f"/>
      </object_component>
      <object_component id="oc-bc">
         <name>.debug_info</name>
         <load_address>0x68d7</load_address>
         <run_address>0x68d7</run_address>
         <size>0x123</size>
         <input_file_ref idref="fl-40"/>
      </object_component>
      <object_component id="oc-335">
         <name>.debug_info</name>
         <load_address>0x69fa</load_address>
         <run_address>0x69fa</run_address>
         <size>0xb7</size>
      </object_component>
      <object_component id="oc-234">
         <name>.debug_line</name>
         <load_address>0x0</load_address>
         <run_address>0x0</run_address>
         <size>0x185</size>
         <input_file_ref idref="fl-2"/>
      </object_component>
      <object_component id="oc-260">
         <name>.debug_line</name>
         <load_address>0x185</load_address>
         <run_address>0x185</run_address>
         <size>0x64</size>
         <input_file_ref idref="fl-2"/>
      </object_component>
      <object_component id="oc-248">
         <name>.debug_line</name>
         <load_address>0x1e9</load_address>
         <run_address>0x1e9</run_address>
         <size>0x2d</size>
         <input_file_ref idref="fl-2"/>
      </object_component>
      <object_component id="oc-16f">
         <name>.debug_line</name>
         <load_address>0x216</load_address>
         <run_address>0x216</run_address>
         <size>0x6e</size>
         <input_file_ref idref="fl-2"/>
      </object_component>
      <object_component id="oc-19b">
         <name>.debug_line</name>
         <load_address>0x284</load_address>
         <run_address>0x284</run_address>
         <size>0x7d</size>
         <input_file_ref idref="fl-2"/>
      </object_component>
      <object_component id="oc-cd">
         <name>.debug_line</name>
         <load_address>0x301</load_address>
         <run_address>0x301</run_address>
         <size>0x20</size>
         <input_file_ref idref="fl-2"/>
      </object_component>
      <object_component id="oc-231">
         <name>.debug_line</name>
         <load_address>0x321</load_address>
         <run_address>0x321</run_address>
         <size>0x81</size>
         <input_file_ref idref="fl-2"/>
      </object_component>
      <object_component id="oc-238">
         <name>.debug_line</name>
         <load_address>0x3a2</load_address>
         <run_address>0x3a2</run_address>
         <size>0x7e</size>
         <input_file_ref idref="fl-2"/>
      </object_component>
      <object_component id="oc-13f">
         <name>.debug_line</name>
         <load_address>0x420</load_address>
         <run_address>0x420</run_address>
         <size>0x79</size>
         <input_file_ref idref="fl-2"/>
      </object_component>
      <object_component id="oc-23d">
         <name>.debug_line</name>
         <load_address>0x499</load_address>
         <run_address>0x499</run_address>
         <size>0x63</size>
         <input_file_ref idref="fl-2"/>
      </object_component>
      <object_component id="oc-2a0">
         <name>.debug_line</name>
         <load_address>0x4fc</load_address>
         <run_address>0x4fc</run_address>
         <size>0x66</size>
         <input_file_ref idref="fl-4"/>
      </object_component>
      <object_component id="oc-29e">
         <name>.debug_line</name>
         <load_address>0x562</load_address>
         <run_address>0x562</run_address>
         <size>0x5f</size>
         <input_file_ref idref="fl-4"/>
      </object_component>
      <object_component id="oc-245">
         <name>.debug_line</name>
         <load_address>0x5c1</load_address>
         <run_address>0x5c1</run_address>
         <size>0x98</size>
         <input_file_ref idref="fl-4"/>
      </object_component>
      <object_component id="oc-1d1">
         <name>.debug_line</name>
         <load_address>0x659</load_address>
         <run_address>0x659</run_address>
         <size>0x9d</size>
         <input_file_ref idref="fl-4"/>
      </object_component>
      <object_component id="oc-1aa">
         <name>.debug_line</name>
         <load_address>0x6f6</load_address>
         <run_address>0x6f6</run_address>
         <size>0x7b</size>
         <input_file_ref idref="fl-4"/>
      </object_component>
      <object_component id="oc-1d7">
         <name>.debug_line</name>
         <load_address>0x771</load_address>
         <run_address>0x771</run_address>
         <size>0x92</size>
         <input_file_ref idref="fl-4"/>
      </object_component>
      <object_component id="oc-1af">
         <name>.debug_line</name>
         <load_address>0x803</load_address>
         <run_address>0x803</run_address>
         <size>0x82</size>
         <input_file_ref idref="fl-5"/>
      </object_component>
      <object_component id="oc-19e">
         <name>.debug_line</name>
         <load_address>0x885</load_address>
         <run_address>0x885</run_address>
         <size>0xaa</size>
         <input_file_ref idref="fl-6"/>
      </object_component>
      <object_component id="oc-f1">
         <name>.debug_line</name>
         <load_address>0x92f</load_address>
         <run_address>0x92f</run_address>
         <size>0x7c</size>
         <input_file_ref idref="fl-6"/>
      </object_component>
      <object_component id="oc-1c4">
         <name>.debug_line</name>
         <load_address>0x9ab</load_address>
         <run_address>0x9ab</run_address>
         <size>0x7a</size>
         <input_file_ref idref="fl-6"/>
      </object_component>
      <object_component id="oc-1b9">
         <name>.debug_line</name>
         <load_address>0xa25</load_address>
         <run_address>0xa25</run_address>
         <size>0x79</size>
         <input_file_ref idref="fl-6"/>
      </object_component>
      <object_component id="oc-1bf">
         <name>.debug_line</name>
         <load_address>0xa9e</load_address>
         <run_address>0xa9e</run_address>
         <size>0x7c</size>
         <input_file_ref idref="fl-6"/>
      </object_component>
      <object_component id="oc-197">
         <name>.debug_line</name>
         <load_address>0xb1a</load_address>
         <run_address>0xb1a</run_address>
         <size>0x144</size>
         <input_file_ref idref="fl-7"/>
      </object_component>
      <object_component id="oc-193">
         <name>.debug_line</name>
         <load_address>0xc5e</load_address>
         <run_address>0xc5e</run_address>
         <size>0x64</size>
         <input_file_ref idref="fl-7"/>
      </object_component>
      <object_component id="oc-195">
         <name>.debug_line</name>
         <load_address>0xcc2</load_address>
         <run_address>0xcc2</run_address>
         <size>0x64</size>
         <input_file_ref idref="fl-7"/>
      </object_component>
      <object_component id="oc-2a2">
         <name>.debug_line</name>
         <load_address>0xd26</load_address>
         <run_address>0xd26</run_address>
         <size>0x64</size>
         <input_file_ref idref="fl-7"/>
      </object_component>
      <object_component id="oc-191">
         <name>.debug_line</name>
         <load_address>0xd8a</load_address>
         <run_address>0xd8a</run_address>
         <size>0x60</size>
         <input_file_ref idref="fl-7"/>
      </object_component>
      <object_component id="oc-1c8">
         <name>.debug_line</name>
         <load_address>0xdea</load_address>
         <run_address>0xdea</run_address>
         <size>0x7e</size>
         <input_file_ref idref="fl-7"/>
      </object_component>
      <object_component id="oc-1ec">
         <name>.debug_line</name>
         <load_address>0xe68</load_address>
         <run_address>0xe68</run_address>
         <size>0x7a</size>
         <input_file_ref idref="fl-7"/>
      </object_component>
      <object_component id="oc-e5">
         <name>.debug_line</name>
         <load_address>0xee2</load_address>
         <run_address>0xee2</run_address>
         <size>0x7e</size>
         <input_file_ref idref="fl-7"/>
      </object_component>
      <object_component id="oc-eb">
         <name>.debug_line</name>
         <load_address>0xf60</load_address>
         <run_address>0xf60</run_address>
         <size>0x87</size>
         <input_file_ref idref="fl-7"/>
      </object_component>
      <object_component id="oc-1e4">
         <name>.debug_line</name>
         <load_address>0xfe7</load_address>
         <run_address>0xfe7</run_address>
         <size>0x78</size>
         <input_file_ref idref="fl-7"/>
      </object_component>
      <object_component id="oc-1de">
         <name>.debug_line</name>
         <load_address>0x105f</load_address>
         <run_address>0x105f</run_address>
         <size>0x7d</size>
         <input_file_ref idref="fl-7"/>
      </object_component>
      <object_component id="oc-2e0">
         <name>.debug_line</name>
         <load_address>0x10dc</load_address>
         <run_address>0x10dc</run_address>
         <size>0x20</size>
         <input_file_ref idref="fl-8"/>
      </object_component>
      <object_component id="oc-25c">
         <name>.debug_line</name>
         <load_address>0x10fc</load_address>
         <run_address>0x10fc</run_address>
         <size>0x1ad</size>
         <input_file_ref idref="fl-8"/>
      </object_component>
      <object_component id="oc-2a4">
         <name>.debug_line</name>
         <load_address>0x12a9</load_address>
         <run_address>0x12a9</run_address>
         <size>0x4d</size>
         <input_file_ref idref="fl-23"/>
      </object_component>
      <object_component id="oc-2dd">
         <name>.debug_line</name>
         <load_address>0x12f6</load_address>
         <run_address>0x12f6</run_address>
         <size>0x43</size>
         <input_file_ref idref="fl-24"/>
      </object_component>
      <object_component id="oc-c0">
         <name>.debug_line</name>
         <load_address>0x1339</load_address>
         <run_address>0x1339</run_address>
         <size>0x40</size>
         <input_file_ref idref="fl-25"/>
      </object_component>
      <object_component id="oc-e0">
         <name>.debug_line</name>
         <load_address>0x1379</load_address>
         <run_address>0x1379</run_address>
         <size>0x3d</size>
         <input_file_ref idref="fl-30"/>
      </object_component>
      <object_component id="oc-130">
         <name>.debug_line</name>
         <load_address>0x13b6</load_address>
         <run_address>0x13b6</run_address>
         <size>0x2a</size>
         <input_file_ref idref="fl-31"/>
      </object_component>
      <object_component id="oc-107">
         <name>.debug_line</name>
         <load_address>0x13e0</load_address>
         <run_address>0x13e0</run_address>
         <size>0x46</size>
         <input_file_ref idref="fl-31"/>
      </object_component>
      <object_component id="oc-2c2">
         <name>.debug_line</name>
         <load_address>0x1426</load_address>
         <run_address>0x1426</run_address>
         <size>0xc2</size>
         <input_file_ref idref="fl-32"/>
      </object_component>
      <object_component id="oc-1ff">
         <name>.debug_line</name>
         <load_address>0x14e8</load_address>
         <run_address>0x14e8</run_address>
         <size>0x76</size>
         <input_file_ref idref="fl-32"/>
      </object_component>
      <object_component id="oc-2c6">
         <name>.debug_line</name>
         <load_address>0x155e</load_address>
         <run_address>0x155e</run_address>
         <size>0x2e</size>
         <input_file_ref idref="fl-32"/>
      </object_component>
      <object_component id="oc-2d7">
         <name>.debug_line</name>
         <load_address>0x158c</load_address>
         <run_address>0x158c</run_address>
         <size>0x9d</size>
         <input_file_ref idref="fl-32"/>
      </object_component>
      <object_component id="oc-290">
         <name>.debug_line</name>
         <load_address>0x1629</load_address>
         <run_address>0x1629</run_address>
         <size>0x9a</size>
         <input_file_ref idref="fl-32"/>
      </object_component>
      <object_component id="oc-2cb">
         <name>.debug_line</name>
         <load_address>0x16c3</load_address>
         <run_address>0x16c3</run_address>
         <size>0x96</size>
         <input_file_ref idref="fl-32"/>
      </object_component>
      <object_component id="oc-1a0">
         <name>.debug_line</name>
         <load_address>0x1759</load_address>
         <run_address>0x1759</run_address>
         <size>0x34</size>
         <input_file_ref idref="fl-33"/>
      </object_component>
      <object_component id="oc-f7">
         <name>.debug_line</name>
         <load_address>0x178d</load_address>
         <run_address>0x178d</run_address>
         <size>0x4d</size>
         <input_file_ref idref="fl-33"/>
      </object_component>
      <object_component id="oc-161">
         <name>.debug_line</name>
         <load_address>0x17da</load_address>
         <run_address>0x17da</run_address>
         <size>0x34</size>
         <input_file_ref idref="fl-33"/>
      </object_component>
      <object_component id="oc-169">
         <name>.debug_line</name>
         <load_address>0x180e</load_address>
         <run_address>0x180e</run_address>
         <size>0x3e</size>
         <input_file_ref idref="fl-36"/>
      </object_component>
      <object_component id="oc-27f">
         <name>.debug_line</name>
         <load_address>0x184c</load_address>
         <run_address>0x184c</run_address>
         <size>0x3a</size>
         <input_file_ref idref="fl-37"/>
      </object_component>
      <object_component id="oc-147">
         <name>.debug_line</name>
         <load_address>0x1886</load_address>
         <run_address>0x1886</run_address>
         <size>0x20</size>
         <input_file_ref idref="fl-38"/>
      </object_component>
      <object_component id="oc-3f">
         <name>.debug_line</name>
         <load_address>0x18a6</load_address>
         <run_address>0x18a6</run_address>
         <size>0x50</size>
         <input_file_ref idref="fl-38"/>
      </object_component>
      <object_component id="oc-d9">
         <name>.debug_line</name>
         <load_address>0x18f6</load_address>
         <run_address>0x18f6</run_address>
         <size>0x3a</size>
         <input_file_ref idref="fl-38"/>
      </object_component>
      <object_component id="oc-144">
         <name>.debug_line</name>
         <load_address>0x1930</load_address>
         <run_address>0x1930</run_address>
         <size>0x95</size>
         <input_file_ref idref="fl-38"/>
      </object_component>
      <object_component id="oc-18d">
         <name>.debug_line</name>
         <load_address>0x19c5</load_address>
         <run_address>0x19c5</run_address>
         <size>0x20</size>
         <input_file_ref idref="fl-39"/>
      </object_component>
      <object_component id="oc-39">
         <name>.debug_line</name>
         <load_address>0x19e5</load_address>
         <run_address>0x19e5</run_address>
         <size>0x92</size>
         <input_file_ref idref="fl-39"/>
      </object_component>
      <object_component id="oc-c8">
         <name>.debug_line</name>
         <load_address>0x1a77</load_address>
         <run_address>0x1a77</run_address>
         <size>0x3a</size>
         <input_file_ref idref="fl-39"/>
      </object_component>
      <object_component id="oc-18a">
         <name>.debug_line</name>
         <load_address>0x1ab1</load_address>
         <run_address>0x1ab1</run_address>
         <size>0x9d</size>
         <input_file_ref idref="fl-39"/>
      </object_component>
      <object_component id="oc-137">
         <name>.debug_line</name>
         <load_address>0x1b4e</load_address>
         <run_address>0x1b4e</run_address>
         <size>0x99</size>
         <input_file_ref idref="fl-39"/>
      </object_component>
      <object_component id="oc-1f1">
         <name>.debug_line</name>
         <load_address>0x1be7</load_address>
         <run_address>0x1be7</run_address>
         <size>0x3d</size>
         <input_file_ref idref="fl-3a"/>
      </object_component>
      <object_component id="oc-18f">
         <name>.debug_line</name>
         <load_address>0x1c24</load_address>
         <run_address>0x1c24</run_address>
         <size>0x20</size>
         <input_file_ref idref="fl-3d"/>
      </object_component>
      <object_component id="oc-d0">
         <name>.debug_line</name>
         <load_address>0x1c44</load_address>
         <run_address>0x1c44</run_address>
         <size>0x42</size>
         <input_file_ref idref="fl-3d"/>
      </object_component>
      <object_component id="oc-2e2">
         <name>.debug_line</name>
         <load_address>0x1c86</load_address>
         <run_address>0x1c86</run_address>
         <size>0x20</size>
         <input_file_ref idref="fl-3e"/>
      </object_component>
      <object_component id="oc-266">
         <name>.debug_line</name>
         <load_address>0x1ca6</load_address>
         <run_address>0x1ca6</run_address>
         <size>0xab</size>
         <input_file_ref idref="fl-3e"/>
      </object_component>
      <object_component id="oc-b9">
         <name>.debug_line</name>
         <load_address>0x1d51</load_address>
         <run_address>0x1d51</run_address>
         <size>0x4e</size>
         <input_file_ref idref="fl-3f"/>
      </object_component>
      <object_component id="oc-bb">
         <name>.debug_line</name>
         <load_address>0x1d9f</load_address>
         <run_address>0x1d9f</run_address>
         <size>0x5e</size>
         <input_file_ref idref="fl-40"/>
      </object_component>
      <object_component id="oc-170">
         <name>.debug_frame</name>
         <load_address>0x0</load_address>
         <run_address>0x0</run_address>
         <size>0x40</size>
         <input_file_ref idref="fl-2"/>
      </object_component>
      <object_component id="oc-244">
         <name>.debug_frame</name>
         <load_address>0x40</load_address>
         <run_address>0x40</run_address>
         <size>0x3c</size>
         <input_file_ref idref="fl-4"/>
      </object_component>
      <object_component id="oc-1d0">
         <name>.debug_frame</name>
         <load_address>0x7c</load_address>
         <run_address>0x7c</run_address>
         <size>0x3c</size>
         <input_file_ref idref="fl-4"/>
      </object_component>
      <object_component id="oc-1a9">
         <name>.debug_frame</name>
         <load_address>0xb8</load_address>
         <run_address>0xb8</run_address>
         <size>0x3c</size>
         <input_file_ref idref="fl-4"/>
      </object_component>
      <object_component id="oc-1d8">
         <name>.debug_frame</name>
         <load_address>0xf4</load_address>
         <run_address>0xf4</run_address>
         <size>0x40</size>
         <input_file_ref idref="fl-4"/>
      </object_component>
      <object_component id="oc-1b0">
         <name>.debug_frame</name>
         <load_address>0x134</load_address>
         <run_address>0x134</run_address>
         <size>0x40</size>
         <input_file_ref idref="fl-5"/>
      </object_component>
      <object_component id="oc-f2">
         <name>.debug_frame</name>
         <load_address>0x174</load_address>
         <run_address>0x174</run_address>
         <size>0x44</size>
         <input_file_ref idref="fl-6"/>
      </object_component>
      <object_component id="oc-1c5">
         <name>.debug_frame</name>
         <load_address>0x1b8</load_address>
         <run_address>0x1b8</run_address>
         <size>0x3c</size>
         <input_file_ref idref="fl-6"/>
      </object_component>
      <object_component id="oc-1b8">
         <name>.debug_frame</name>
         <load_address>0x1f4</load_address>
         <run_address>0x1f4</run_address>
         <size>0x3c</size>
         <input_file_ref idref="fl-6"/>
      </object_component>
      <object_component id="oc-1be">
         <name>.debug_frame</name>
         <load_address>0x230</load_address>
         <run_address>0x230</run_address>
         <size>0x3c</size>
         <input_file_ref idref="fl-6"/>
      </object_component>
      <object_component id="oc-1cb">
         <name>.debug_frame</name>
         <load_address>0x26c</load_address>
         <run_address>0x26c</run_address>
         <size>0x3c</size>
         <input_file_ref idref="fl-7"/>
      </object_component>
      <object_component id="oc-1ed">
         <name>.debug_frame</name>
         <load_address>0x2a8</load_address>
         <run_address>0x2a8</run_address>
         <size>0x3c</size>
         <input_file_ref idref="fl-7"/>
      </object_component>
      <object_component id="oc-e6">
         <name>.debug_frame</name>
         <load_address>0x2e4</load_address>
         <run_address>0x2e4</run_address>
         <size>0x44</size>
         <input_file_ref idref="fl-7"/>
      </object_component>
      <object_component id="oc-ec">
         <name>.debug_frame</name>
         <load_address>0x328</load_address>
         <run_address>0x328</run_address>
         <size>0x44</size>
         <input_file_ref idref="fl-7"/>
      </object_component>
      <object_component id="oc-1e7">
         <name>.debug_frame</name>
         <load_address>0x36c</load_address>
         <run_address>0x36c</run_address>
         <size>0x3c</size>
         <input_file_ref idref="fl-7"/>
      </object_component>
      <object_component id="oc-1da">
         <name>.debug_frame</name>
         <load_address>0x3a8</load_address>
         <run_address>0x3a8</run_address>
         <size>0x48</size>
         <input_file_ref idref="fl-7"/>
      </object_component>
      <object_component id="oc-25d">
         <name>.debug_frame</name>
         <load_address>0x3f0</load_address>
         <run_address>0x3f0</run_address>
         <size>0x64</size>
         <input_file_ref idref="fl-8"/>
      </object_component>
      <object_component id="oc-10a">
         <name>.debug_frame</name>
         <load_address>0x454</load_address>
         <run_address>0x454</run_address>
         <size>0x34</size>
         <input_file_ref idref="fl-31"/>
      </object_component>
      <object_component id="oc-200">
         <name>.debug_frame</name>
         <load_address>0x488</load_address>
         <run_address>0x488</run_address>
         <size>0x44</size>
         <input_file_ref idref="fl-32"/>
      </object_component>
      <object_component id="oc-f8">
         <name>.debug_frame</name>
         <load_address>0x4cc</load_address>
         <run_address>0x4cc</run_address>
         <size>0x3c</size>
         <input_file_ref idref="fl-33"/>
      </object_component>
      <object_component id="oc-16a">
         <name>.debug_frame</name>
         <load_address>0x508</load_address>
         <run_address>0x508</run_address>
         <size>0x3c</size>
         <input_file_ref idref="fl-36"/>
      </object_component>
      <object_component id="oc-280">
         <name>.debug_frame</name>
         <load_address>0x544</load_address>
         <run_address>0x544</run_address>
         <size>0x3c</size>
         <input_file_ref idref="fl-37"/>
      </object_component>
      <object_component id="oc-3b">
         <name>.debug_frame</name>
         <load_address>0x580</load_address>
         <run_address>0x580</run_address>
         <size>0x3c</size>
         <input_file_ref idref="fl-38"/>
      </object_component>
      <object_component id="oc-38">
         <name>.debug_frame</name>
         <load_address>0x5bc</load_address>
         <run_address>0x5bc</run_address>
         <size>0x48</size>
         <input_file_ref idref="fl-39"/>
      </object_component>
      <object_component id="oc-1f2">
         <name>.debug_frame</name>
         <load_address>0x604</load_address>
         <run_address>0x604</run_address>
         <size>0x3c</size>
         <input_file_ref idref="fl-3a"/>
      </object_component>
      <object_component id="oc-d4">
         <name>.debug_frame</name>
         <load_address>0x640</load_address>
         <run_address>0x640</run_address>
         <size>0x3c</size>
         <input_file_ref idref="fl-3d"/>
      </object_component>
      <object_component id="oc-265">
         <name>.debug_frame</name>
         <load_address>0x67c</load_address>
         <run_address>0x67c</run_address>
         <size>0x3c</size>
         <input_file_ref idref="fl-3e"/>
      </object_component>
      <object_component id="oc-233">
         <name>.debug_abbrev</name>
         <load_address>0x0</load_address>
         <run_address>0x0</run_address>
         <size>0xca</size>
         <input_file_ref idref="fl-2"/>
      </object_component>
      <object_component id="oc-25f">
         <name>.debug_abbrev</name>
         <load_address>0xca</load_address>
         <run_address>0xca</run_address>
         <size>0x27</size>
         <input_file_ref idref="fl-2"/>
      </object_component>
      <object_component id="oc-247">
         <name>.debug_abbrev</name>
         <load_address>0xf1</load_address>
         <run_address>0xf1</run_address>
         <size>0x29</size>
         <input_file_ref idref="fl-2"/>
      </object_component>
      <object_component id="oc-1ee">
         <name>.debug_abbrev</name>
         <load_address>0x11a</load_address>
         <run_address>0x11a</run_address>
         <size>0x60</size>
         <input_file_ref idref="fl-2"/>
      </object_component>
      <object_component id="oc-19a">
         <name>.debug_abbrev</name>
         <load_address>0x17a</load_address>
         <run_address>0x17a</run_address>
         <size>0x69</size>
         <input_file_ref idref="fl-2"/>
      </object_component>
      <object_component id="oc-cc">
         <name>.debug_abbrev</name>
         <load_address>0x1e3</load_address>
         <run_address>0x1e3</run_address>
         <size>0x1f</size>
         <input_file_ref idref="fl-2"/>
      </object_component>
      <object_component id="oc-230">
         <name>.debug_abbrev</name>
         <load_address>0x202</load_address>
         <run_address>0x202</run_address>
         <size>0x35</size>
         <input_file_ref idref="fl-2"/>
      </object_component>
      <object_component id="oc-237">
         <name>.debug_abbrev</name>
         <load_address>0x237</load_address>
         <run_address>0x237</run_address>
         <size>0x24</size>
         <input_file_ref idref="fl-2"/>
      </object_component>
      <object_component id="oc-13e">
         <name>.debug_abbrev</name>
         <load_address>0x25b</load_address>
         <run_address>0x25b</run_address>
         <size>0x24</size>
         <input_file_ref idref="fl-2"/>
      </object_component>
      <object_component id="oc-23c">
         <name>.debug_abbrev</name>
         <load_address>0x27f</load_address>
         <run_address>0x27f</run_address>
         <size>0x4b</size>
         <input_file_ref idref="fl-2"/>
      </object_component>
      <object_component id="oc-29f">
         <name>.debug_abbrev</name>
         <load_address>0x2ca</load_address>
         <run_address>0x2ca</run_address>
         <size>0x5a</size>
         <input_file_ref idref="fl-4"/>
      </object_component>
      <object_component id="oc-29d">
         <name>.debug_abbrev</name>
         <load_address>0x324</load_address>
         <run_address>0x324</run_address>
         <size>0x27</size>
         <input_file_ref idref="fl-4"/>
      </object_component>
      <object_component id="oc-29c">
         <name>.debug_abbrev</name>
         <load_address>0x34b</load_address>
         <run_address>0x34b</run_address>
         <size>0x6c</size>
         <input_file_ref idref="fl-4"/>
      </object_component>
      <object_component id="oc-252">
         <name>.debug_abbrev</name>
         <load_address>0x3b7</load_address>
         <run_address>0x3b7</run_address>
         <size>0x6c</size>
         <input_file_ref idref="fl-4"/>
      </object_component>
      <object_component id="oc-23f">
         <name>.debug_abbrev</name>
         <load_address>0x423</load_address>
         <run_address>0x423</run_address>
         <size>0x50</size>
         <input_file_ref idref="fl-4"/>
      </object_component>
      <object_component id="oc-254">
         <name>.debug_abbrev</name>
         <load_address>0x473</load_address>
         <run_address>0x473</run_address>
         <size>0x6c</size>
         <input_file_ref idref="fl-4"/>
      </object_component>
      <object_component id="oc-246">
         <name>.debug_abbrev</name>
         <load_address>0x4df</load_address>
         <run_address>0x4df</run_address>
         <size>0x6c</size>
         <input_file_ref idref="fl-5"/>
      </object_component>
      <object_component id="oc-19d">
         <name>.debug_abbrev</name>
         <load_address>0x54b</load_address>
         <run_address>0x54b</run_address>
         <size>0x70</size>
         <input_file_ref idref="fl-6"/>
      </object_component>
      <object_component id="oc-15c">
         <name>.debug_abbrev</name>
         <load_address>0x5bb</load_address>
         <run_address>0x5bb</run_address>
         <size>0x53</size>
         <input_file_ref idref="fl-6"/>
      </object_component>
      <object_component id="oc-24d">
         <name>.debug_abbrev</name>
         <load_address>0x60e</load_address>
         <run_address>0x60e</run_address>
         <size>0x50</size>
         <input_file_ref idref="fl-6"/>
      </object_component>
      <object_component id="oc-24a">
         <name>.debug_abbrev</name>
         <load_address>0x65e</load_address>
         <run_address>0x65e</run_address>
         <size>0x6c</size>
         <input_file_ref idref="fl-6"/>
      </object_component>
      <object_component id="oc-24c">
         <name>.debug_abbrev</name>
         <load_address>0x6ca</load_address>
         <run_address>0x6ca</run_address>
         <size>0x50</size>
         <input_file_ref idref="fl-6"/>
      </object_component>
      <object_component id="oc-196">
         <name>.debug_abbrev</name>
         <load_address>0x71a</load_address>
         <run_address>0x71a</run_address>
         <size>0x10d</size>
         <input_file_ref idref="fl-7"/>
      </object_component>
      <object_component id="oc-192">
         <name>.debug_abbrev</name>
         <load_address>0x827</load_address>
         <run_address>0x827</run_address>
         <size>0x27</size>
         <input_file_ref idref="fl-7"/>
      </object_component>
      <object_component id="oc-194">
         <name>.debug_abbrev</name>
         <load_address>0x84e</load_address>
         <run_address>0x84e</run_address>
         <size>0x27</size>
         <input_file_ref idref="fl-7"/>
      </object_component>
      <object_component id="oc-2a1">
         <name>.debug_abbrev</name>
         <load_address>0x875</load_address>
         <run_address>0x875</run_address>
         <size>0x27</size>
         <input_file_ref idref="fl-7"/>
      </object_component>
      <object_component id="oc-190">
         <name>.debug_abbrev</name>
         <load_address>0x89c</load_address>
         <run_address>0x89c</run_address>
         <size>0x29</size>
         <input_file_ref idref="fl-7"/>
      </object_component>
      <object_component id="oc-24e">
         <name>.debug_abbrev</name>
         <load_address>0x8c5</load_address>
         <run_address>0x8c5</run_address>
         <size>0x6c</size>
         <input_file_ref idref="fl-7"/>
      </object_component>
      <object_component id="oc-268">
         <name>.debug_abbrev</name>
         <load_address>0x931</load_address>
         <run_address>0x931</run_address>
         <size>0x7a</size>
         <input_file_ref idref="fl-7"/>
      </object_component>
      <object_component id="oc-14f">
         <name>.debug_abbrev</name>
         <load_address>0x9ab</load_address>
         <run_address>0x9ab</run_address>
         <size>0x53</size>
         <input_file_ref idref="fl-7"/>
      </object_component>
      <object_component id="oc-156">
         <name>.debug_abbrev</name>
         <load_address>0x9fe</load_address>
         <run_address>0x9fe</run_address>
         <size>0x53</size>
         <input_file_ref idref="fl-7"/>
      </object_component>
      <object_component id="oc-267">
         <name>.debug_abbrev</name>
         <load_address>0xa51</load_address>
         <run_address>0xa51</run_address>
         <size>0x6c</size>
         <input_file_ref idref="fl-7"/>
      </object_component>
      <object_component id="oc-25e">
         <name>.debug_abbrev</name>
         <load_address>0xabd</load_address>
         <run_address>0xabd</run_address>
         <size>0x7a</size>
         <input_file_ref idref="fl-7"/>
      </object_component>
      <object_component id="oc-2df">
         <name>.debug_abbrev</name>
         <load_address>0xb37</load_address>
         <run_address>0xb37</run_address>
         <size>0x3b</size>
         <input_file_ref idref="fl-8"/>
      </object_component>
      <object_component id="oc-2a8">
         <name>.debug_abbrev</name>
         <load_address>0xb72</load_address>
         <run_address>0xb72</run_address>
         <size>0x7a</size>
         <input_file_ref idref="fl-8"/>
      </object_component>
      <object_component id="oc-2de">
         <name>.debug_abbrev</name>
         <load_address>0xbec</load_address>
         <run_address>0xbec</run_address>
         <size>0x4a</size>
         <input_file_ref idref="fl-23"/>
      </object_component>
      <object_component id="oc-2f0">
         <name>.debug_abbrev</name>
         <load_address>0xc36</load_address>
         <run_address>0xc36</run_address>
         <size>0x3c</size>
         <input_file_ref idref="fl-24"/>
      </object_component>
      <object_component id="oc-133">
         <name>.debug_abbrev</name>
         <load_address>0xc72</load_address>
         <run_address>0xc72</run_address>
         <size>0x3a</size>
         <input_file_ref idref="fl-25"/>
      </object_component>
      <object_component id="oc-148">
         <name>.debug_abbrev</name>
         <load_address>0xcac</load_address>
         <run_address>0xcac</run_address>
         <size>0x28</size>
         <input_file_ref idref="fl-30"/>
      </object_component>
      <object_component id="oc-12f">
         <name>.debug_abbrev</name>
         <load_address>0xcd4</load_address>
         <run_address>0xcd4</run_address>
         <size>0x29</size>
         <input_file_ref idref="fl-31"/>
      </object_component>
      <object_component id="oc-174">
         <name>.debug_abbrev</name>
         <load_address>0xcfd</load_address>
         <run_address>0xcfd</run_address>
         <size>0x58</size>
         <input_file_ref idref="fl-31"/>
      </object_component>
      <object_component id="oc-2c1">
         <name>.debug_abbrev</name>
         <load_address>0xd55</load_address>
         <run_address>0xd55</run_address>
         <size>0xdb</size>
         <input_file_ref idref="fl-32"/>
      </object_component>
      <object_component id="oc-281">
         <name>.debug_abbrev</name>
         <load_address>0xe30</load_address>
         <run_address>0xe30</run_address>
         <size>0x7e</size>
         <input_file_ref idref="fl-32"/>
      </object_component>
      <object_component id="oc-2c5">
         <name>.debug_abbrev</name>
         <load_address>0xeae</load_address>
         <run_address>0xeae</run_address>
         <size>0x24</size>
         <input_file_ref idref="fl-32"/>
      </object_component>
      <object_component id="oc-2d6">
         <name>.debug_abbrev</name>
         <load_address>0xed2</load_address>
         <run_address>0xed2</run_address>
         <size>0x24</size>
         <input_file_ref idref="fl-32"/>
      </object_component>
      <object_component id="oc-28f">
         <name>.debug_abbrev</name>
         <load_address>0xef6</load_address>
         <run_address>0xef6</run_address>
         <size>0x24</size>
         <input_file_ref idref="fl-32"/>
      </object_component>
      <object_component id="oc-2ca">
         <name>.debug_abbrev</name>
         <load_address>0xf1a</load_address>
         <run_address>0xf1a</run_address>
         <size>0x4b</size>
         <input_file_ref idref="fl-32"/>
      </object_component>
[...]
         <name>UCA0IRTCTL</name>
         <value>0x5e</value>
      </symbol>
      <symbol id="sm-4a">
         <name>UCA0IRRCTL</name>
         <value>0x5f</value>
      </symbol>
      <symbol id="sm-4b">
         <name>UCB0CTL0</name>
         <value>0x68</value>
      </symbol>
      <symbol id="sm-4c">
         <name>UCB0CTL1</name>
         <value>0x69</value>
      </symbol>
      <symbol id="sm-4d">
         <name>UCB0BR0</name>
         <value>0x6a</value>
      </symbol>
      <symbol id="sm-4e">
         <name>UCB0BR1</name>
         <value>0x6b</value>
      </symbol>
      <symbol id="sm-4f">
         <name>UCB0I2CIE</name>
         <value>0x6c</value>
      </symbol>
      <symbol id="sm-50">
         <name>UCB0STAT</name>
         <value>0x6d</value>
      </symbol>
      <symbol id="sm-51">
         <name>UCB0RXBUF</name>
         <value>0x6e</value>
      </symbol>
      <symbol id="sm-52">
         <name>UCB0TXBUF</name>
         <value>0x6f</value>
      </symbol>
      <symbol id="sm-53">
         <name>UCB0I2COA</name>
         <value>0x118</value>
      </symbol>
      <symbol id="sm-54">
         <name>UCB0I2CSA</name>
         <value>0x11a</value>
      </symbol>
      <symbol id="sm-55">
         <name>WDTCTL</name>
         <value>0x120</value>
      </symbol>
      <symbol id="sm-56">
         <name>CALDCO_16MHZ</name>
         <value>0x10f8</value>
      </symbol>
      <symbol id="sm-57">
         <name>CALBC1_16MHZ</name>
         <value>0x10f9</value>
      </symbol>
      <symbol id="sm-58">
         <name>CALDCO_12MHZ</name>
         <value>0x10fa</value>
      </symbol>
      <symbol id="sm-59">
         <name>CALBC1_12MHZ</name>
         <value>0x10fb</value>
      </symbol>
      <symbol id="sm-5a">
         <name>CALDCO_8MHZ</name>
         <value>0x10fc</value>
      </symbol>
      <symbol id="sm-5b">
         <name>CALBC1_8MHZ</name>
         <value>0x10fd</value>
      </symbol>
      <symbol id="sm-5c">
         <name>CALDCO_1MHZ</name>
         <value>0x10fe</value>
      </symbol>
      <symbol id="sm-5d">
         <name>CALBC1_1MHZ</name>
         <value>0x10ff</value>
      </symbol>
      <symbol id="sm-5e">
         <name>TLV_CHECKSUM</name>
         <value>0x10c0</value>
      </symbol>
      <symbol id="sm-5f">
         <name>TLV_DCO_30_TAG</name>
         <value>0x10f6</value>
      </symbol>
      <symbol id="sm-60">
         <name>TLV_DCO_30_LEN</name>
         <value>0x10f7</value>
      </symbol>
      <symbol id="sm-61">
         <name>TLV_ADC10_1_TAG</name>
         <value>0x10da</value>
      </symbol>
      <symbol id="sm-62">
         <name>TLV_ADC10_1_LEN</name>
         <value>0x10db</value>
      </symbol>
      <symbol id="sm-63">
         <name>__TI_CINIT_Base</name>
         <value>0xc966</value>
      </symbol>
      <symbol id="sm-64">
         <name>__TI_CINIT_Limit</name>
         <value>0xc96e</value>
      </symbol>
      <symbol id="sm-65">
         <name>__TI_Handler_Table_Base</name>
         <value>0xc95c</value>
      </symbol>
      <symbol id="sm-66">
         <name>__TI_Handler_Table_Limit</name>
         <value>0xc962</value>
      </symbol>
      <symbol id="sm-67">
         <name>__STACK_SIZE</name>
         <value>0x50</value>
      </symbol>
      <symbol id="sm-68">
         <name>__STACK_END</name>
         <value>0x400</value>
      </symbol>
      <symbol id="sm-69">
         <name>__c_args__</name>
         <value>0xffffffff</value>
      </symbol>
      <symbol id="sm-6a">
         <name>__TI_pprof_out_hndl</name>
         <value>0xffffffff</value>
      </symbol>
      <symbol id="sm-6b">
         <name>__TI_prof_data_start</name>
         <value>0xffffffff</value>
      </symbol>
      <symbol id="sm-6c">
         <name>__TI_prof_data_size</name>
         <value>0xffffffff</value>
      </symbol>
      <symbol id="sm-d5">
         <name>msg</name>
         <value>0x25e</value>
      </symbol>
      <symbol id="sm-d6">
         <name>accel</name>
         <value>0x258</value>
      </symbol>
      <symbol id="sm-d7">
         <name>banderaUART</name>
         <value>0x276</value>
         <object_component_ref idref="oc-1b1"/>
      </symbol>
      <symbol id="sm-d8">
         <name>accelY</name>
         <value>0x27a</value>
         <object_component_ref idref="oc-1b1"/>
      </symbol>
      <symbol id="sm-d9">
         <name>accelX</name>
         <value>0x278</value>
         <object_component_ref idref="oc-1b1"/>
      </symbol>
      <symbol id="sm-da">
         <name>accelZ</name>
         <value>0x27c</value>
         <object_component_ref idref="oc-1b1"/>
      </symbol>
      <symbol id="sm-db">
         <name>main</name>
         <value>0xc2da</value>
         <object_component_ref idref="oc-16b"/>
      </symbol>
      <symbol id="sm-dc">
         <name>contt</name>
         <value>0x272</value>
         <object_component_ref idref="oc-1b1"/>
      </symbol>
      <symbol id="sm-dd">
         <name>contUART</name>
         <value>0x274</value>
         <object_component_ref idref="oc-1b1"/>
      </symbol>
      <symbol id="sm-115">
         <name>readI2C</name>
         <value>0xc530</value>
         <object_component_ref idref="oc-1cc"/>
      </symbol>
      <symbol id="sm-116">
         <name>sendI2C</name>
         <value>0xc60a</value>
         <object_component_ref idref="oc-240"/>
      </symbol>
      <symbol id="sm-117">
         <name>asignarAccel</name>
         <value>0xc42a</value>
         <object_component_ref idref="oc-1d3"/>
      </symbol>
      <symbol id="sm-118">
         <name>initI2C</name>
         <value>0xc772</value>
         <object_component_ref idref="oc-1a5"/>
      </symbol>
      <symbol id="sm-126">
         <name>initIMU</name>
         <value>0xc38e</value>
         <object_component_ref idref="oc-1ab"/>
      </symbol>
      <symbol id="sm-149">
         <name>tiks</name>
         <value>0x270</value>
      </symbol>
      <symbol id="sm-14a">
         <name>numm</name>
         <value>0x26e</value>
      </symbol>
      <symbol id="sm-14b">
         <name>contTimer</name>
         <value>0x26a</value>
      </symbol>
      <symbol id="sm-14c">
         <name>Tflag</name>
         <value>0x268</value>
      </symbol>
      <symbol id="sm-14d">
         <name>SEL_tiks</name>
         <value>0x266</value>
      </symbol>
      <symbol id="sm-14e">
         <name>__TI_int09</name>
         <value>0xfff2</value>
         <object_component_ref idref="oc-47"/>
      </symbol>
      <symbol id="sm-14f">
         <name>vTimerAInterrupt</name>
         <value>0xc86c</value>
         <object_component_ref idref="oc-ed"/>
      </symbol>
      <symbol id="sm-150">
         <name>config_timer_VLO</name>
         <value>0xc8b4</value>
         <object_component_ref idref="oc-1ba"/>
      </symbol>
      <symbol id="sm-151">
         <name>vInitTimerA</name>
         <value>0xc886</value>
         <object_component_ref idref="oc-1c0"/>
      </symbol>
      <symbol id="sm-152">
         <name>setFlagTimer</name>
         <value>0xc930</value>
         <object_component_ref idref="oc-1b4"/>
      </symbol>
      <symbol id="sm-19f">
         <name>local_EOL</name>
         <value>0x26c</value>
      </symbol>
      <symbol id="sm-1a0">
         <name>copiar_temp</name>
         <value>0xc900</value>
         <object_component_ref idref="oc-1e2"/>
      </symbol>
      <symbol id="sm-1a1">
         <name>transmitir_TX</name>
         <value>0xc850</value>
         <object_component_ref idref="oc-1e8"/>
      </symbol>
      <symbol id="sm-1a2">
         <name>__TI_int06</name>
         <value>0xffec</value>
         <object_component_ref idref="oc-44"/>
      </symbol>
      <symbol id="sm-1a3">
         <name>__TI_int07</name>
         <value>0xffee</value>
         <object_component_ref idref="oc-45"/>
      </symbol>
      <symbol id="sm-1a4">
         <name>registro_vacio_TX</name>
         <value>0xc7aa</value>
         <object_component_ref idref="oc-e1"/>
      </symbol>
      <symbol id="sm-1a5">
         <name>n</name>
         <value>0x288</value>
         <object_component_ref idref="oc-149"/>
      </symbol>
      <symbol id="sm-1a6">
         <name>j</name>
         <value>0x282</value>
         <object_component_ref idref="oc-149"/>
      </symbol>
      <symbol id="sm-1a7">
         <name>i</name>
         <value>0x284</value>
         <object_component_ref idref="oc-149"/>
      </symbol>
      <symbol id="sm-1a8">
         <name>valor_WPXX</name>
         <value>0x286</value>
         <object_component_ref idref="oc-149"/>
      </symbol>
      <symbol id="sm-1a9">
         <name>uart_init</name>
         <value>0xc736</value>
         <object_component_ref idref="oc-1c6"/>
      </symbol>
      <symbol id="sm-1aa">
         <name>add_XYZ</name>
         <value>0xc5a6</value>
         <object_component_ref idref="oc-1d9"/>
      </symbol>
      <symbol id="sm-1ab">
         <name>recibi_mensaje_RX</name>
         <value>0xc6f6</value>
         <object_component_ref idref="oc-e7"/>
      </symbol>
      <symbol id="sm-1cf">
         <name>intTOchar</name>
         <value>0xc000</value>
         <object_component_ref idref="oc-258"/>
      </symbol>
      <symbol id="sm-1db">
         <name>__mspabi_remi</name>
         <value>0xc7dc</value>
         <object_component_ref idref="oc-2a3"/>
      </symbol>
      <symbol id="sm-1dc">
         <name>__mspabi_divi</name>
         <value>0xc7dc</value>
         <object_component_ref idref="oc-2a3"/>
      </symbol>
      <symbol id="sm-1e6">
         <name>__mspabi_remu</name>
         <value>0xc89e</value>
         <object_component_ref idref="oc-2d9"/>
      </symbol>
      <symbol id="sm-1e7">
         <name>__mspabi_divu</name>
         <value>0xc89e</value>
         <object_component_ref idref="oc-2d9"/>
      </symbol>
      <symbol id="sm-1f0">
         <name>__mspabi_func_epilog_2</name>
         <value>0xc91a</value>
         <object_component_ref idref="oc-bf"/>
      </symbol>
      <symbol id="sm-1f1">
         <name>__mspabi_func_epilog_3</name>
         <value>0xc918</value>
         <object_component_ref idref="oc-bf"/>
      </symbol>
      <symbol id="sm-1f2">
         <name>__mspabi_func_epilog_1</name>
         <value>0xc91c</value>
         <object_component_ref idref="oc-bf"/>
      </symbol>
      <symbol id="sm-1f3">
         <name>__mspabi_func_epilog_6</name>
         <value>0xc912</value>
         <object_component_ref idref="oc-bf"/>
      </symbol>
      <symbol id="sm-1f4">
         <name>__mspabi_func_epilog_7</name>
         <value>0xc910</value>
         <object_component_ref idref="oc-bf"/>
      </symbol>
      <symbol id="sm-1f5">
         <name>__mspabi_func_epilog_4</name>
         <value>0xc916</value>
         <object_component_ref idref="oc-bf"/>
      </symbol>
      <symbol id="sm-1f6">
         <name>__mspabi_func_epilog_5</name>
         <value>0xc914</value>
         <object_component_ref idref="oc-bf"/>
      </symbol>
      <symbol id="sm-1f9">
         <name>__TI_int00</name>
         <value>0xffe0</value>
         <object_component_ref idref="oc-40"/>
      </symbol>
      <symbol id="sm-1fc">
         <name>__TI_int02</name>
         <value>0xffe4</value>
         <object_component_ref idref="oc-41"/>
      </symbol>
      <symbol id="sm-1ff">
         <name>__TI_int03</name>
         <value>0xffe6</value>
         <object_component_ref idref="oc-42"/>
      </symbol>
      <symbol id="sm-202">
         <name>__TI_int05</name>
         <value>0xffea</value>
         <object_component_ref idref="oc-43"/>
      </symbol>
      <symbol id="sm-205">
         <name>__TI_int08</name>
         <value>0xfff0</value>
         <object_component_ref idref="oc-46"/>
      </symbol>
      <symbol id="sm-208">
         <name>__TI_int10</name>
         <value>0xfff4</value>
         <object_component_ref idref="oc-48"/>
      </symbol>
      <symbol id="sm-20b">
         <name>__TI_int11</name>
         <value>0xfff6</value>
         <object_component_ref idref="oc-49"/>
      </symbol>
      <symbol id="sm-20e">
         <name>__TI_int12</name>
         <value>0xfff8</value>
         <object_component_ref idref="oc-4a"/>
      </symbol>
      <symbol id="sm-211">
         <name>__TI_int13</name>
         <value>0xfffa</value>
         <object_component_ref idref="oc-4b"/>
      </symbol>
      <symbol id="sm-214">
         <name>__TI_int14</name>
         <value>0xfffc</value>
         <object_component_ref idref="oc-4c"/>
      </symbol>
      <symbol id="sm-21c">
         <name>__TI_ISR_TRAP</name>
         <value>0xc93e</value>
         <object_component_ref idref="oc-dc"/>
      </symbol>
      <symbol id="sm-22c">
         <name>_stack</name>
         <value>0x3b0</value>
         <object_component_ref idref="oc-b1"/>
      </symbol>
      <symbol id="sm-22d">
         <name>_c_int00_noargs</name>
         <value>0xc834</value>
         <object_component_ref idref="oc-105"/>
      </symbol>
      <symbol id="sm-22e">
         <name>_reset_vector</name>
         <value>0xfffe</value>
         <object_component_ref idref="oc-b4"/>
      </symbol>
      <symbol id="sm-250">
         <name>__TI_auto_init_nobinit_nopinit</name>
         <value>0xc6b4</value>
         <object_component_ref idref="oc-1fb"/>
      </symbol>
      <symbol id="sm-263">
         <name>__TI_zero_init_nomemset</name>
         <value>0xc8c8</value>
         <object_component_ref idref="oc-f3"/>
      </symbol>
      <symbol id="sm-26e">
         <name>_system_pre_init</name>
         <value>0xc94c</value>
         <object_component_ref idref="oc-165"/>
      </symbol>
      <symbol id="sm-277">
         <name>_system_post_cinit</name>
         <value>0xc950</value>
         <object_component_ref idref="oc-27b"/>
      </symbol>
      <symbol id="sm-28d">
         <name>__TI_decompress_none</name>
         <value>0xc8dc</value>
         <object_component_ref idref="oc-3a"/>
      </symbol>
      <symbol id="sm-2b0">
         <name>__TI_decompress_lzss</name>
         <value>0xc4b4</value>
         <object_component_ref idref="oc-34"/>
      </symbol>
      <symbol id="sm-2ba">
         <name>C$$EXIT</name>
         <value>0xc946</value>
         <object_component_ref idref="oc-1ef"/>
      </symbol>
      <symbol id="sm-2bb">
         <name>abort</name>
         <value>0xc946</value>
         <object_component_ref idref="oc-1ef"/>
      </symbol>
      <symbol id="sm-2cb">
         <name>memcpy</name>
         <value>0xc8ee</value>
         <object_component_ref idref="oc-cf"/>
      </symbol>
      <symbol id="sm-2d8">
         <name>strcpy</name>
         <value>0xc920</value>
         <object_component_ref idref="oc-261"/>
      </symbol>
      <symbol id="sm-2e0">
         <name>__mspabi_slli</name>
         <value>0xc808</value>
         <object_component_ref idref="oc-b5"/>
      </symbol>
      <symbol id="sm-2e1">
         <name>__mspabi_slli_9</name>
         <value>0xc820</value>
         <object_component_ref idref="oc-b5"/>
      </symbol>
      <symbol id="sm-2e2">
         <name>__mspabi_slli_8</name>
         <value>0xc822</value>
         <object_component_ref idref="oc-b5"/>
      </symbol>
      <symbol id="sm-2e3">
         <name>__mspabi_slli_7</name>
         <value>0xc824</value>
         <object_component_ref idref="oc-b5"/>
      </symbol>
      <symbol id="sm-2e4">
         <name>__mspabi_slli_6</name>
         <value>0xc826</value>
         <object_component_ref idref="oc-b5"/>
      </symbol>
      <symbol id="sm-2e5">
         <name>__mspabi_slli_5</name>
         <value>0xc828</value>
         <object_component_ref idref="oc-b5"/>
      </symbol>
      <symbol id="sm-2e6">
         <name>__mspabi_slli_4</name>
         <value>0xc82a</value>
         <object_component_ref idref="oc-b5"/>
      </symbol>
      <symbol id="sm-2e7">
         <name>__mspabi_slli_3</name>
         <value>0xc82c</value>
         <object_component_ref idref="oc-b5"/>
      </symbol>
      <symbol id="sm-2e8">
         <name>__mspabi_slli_2</name>
         <value>0xc82e</value>
         <object_component_ref idref="oc-b5"/>
      </symbol>
      <symbol id="sm-2e9">
         <name>__mspabi_slli_1</name>
         <value>0xc830</value>
         <object_component_ref idref="oc-b5"/>
      </symbol>
      <symbol id="sm-2ea">
         <name>__mspabi_slli_15</name>
         <value>0xc814</value>
         <object_component_ref idref="oc-b5"/>
      </symbol>
      <symbol id="sm-2eb">
         <name>__mspabi_slli_14</name>
         <value>0xc816</value>
         <object_component_ref idref="oc-b5"/>
      </symbol>
      <symbol id="sm-2ec">
         <name>__mspabi_slli_13</name>
         <value>0xc818</value>
         <object_component_ref idref="oc-b5"/>
      </symbol>
      <symbol id="sm-2ed">
         <name>__mspabi_slli_12</name>
         <value>0xc81a</value>
         <object_component_ref idref="oc-b5"/>
      </symbol>
      <symbol id="sm-2ee">
         <name>__mspabi_slli_11</name>
         <value>0xc81c</value>
         <object_component_ref idref="oc-b5"/>
      </symbol>
      <symbol id="sm-2ef">
         <name>__mspabi_slli_10</name>
         <value>0xc81e</value>
         <object_component_ref idref="oc-b5"/>
      </symbol>
      <symbol id="sm-2f7">
         <name>__mspabi_srli_8</name>
         <value>0xc692</value>
         <object_component_ref idref="oc-ba"/>
      </symbol>
      <symbol id="sm-2f8">
         <name>__mspabi_srli_9</name>
         <value>0xc68e</value>
         <object_component_ref idref="oc-ba"/>
      </symbol>
      <symbol id="sm-2f9">
         <name>__mspabi_srli_6</name>
         <value>0xc69a</value>
         <object_component_ref idref="oc-ba"/>
      </symbol>
      <symbol id="sm-2fa">
         <name>__mspabi_srli_7</name>
         <value>0xc696</value>
         <object_component_ref idref="oc-ba"/>
      </symbol>
      <symbol id="sm-2fb">
         <name>__mspabi_srli_4</name>
         <value>0xc6a2</value>
         <object_component_ref idref="oc-ba"/>
      </symbol>
      <symbol id="sm-2fc">
         <name>__mspabi_srli_5</name>
         <value>0xc69e</value>
         <object_component_ref idref="oc-ba"/>
      </symbol>
      <symbol id="sm-2fd">
         <name>__mspabi_srli_2</name>
         <value>0xc6aa</value>
         <object_component_ref idref="oc-ba"/>
      </symbol>
      <symbol id="sm-2fe">
         <name>__mspabi_srli_3</name>
         <value>0xc6a6</value>
         <object_component_ref idref="oc-ba"/>
      </symbol>
      <symbol id="sm-2ff">
         <name>__mspabi_srli_1</name>
         <value>0xc6ae</value>
         <object_component_ref idref="oc-ba"/>
      </symbol>
      <symbol id="sm-300">
         <name>__mspabi_srli</name>
         <value>0xc668</value>
         <object_component_ref idref="oc-ba"/>
      </symbol>
      <symbol id="sm-301">
         <name>__mspabi_srli_15</name>
         <value>0xc676</value>
         <object_component_ref idref="oc-ba"/>
      </symbol>
      <symbol id="sm-302">
         <name>__mspabi_srli_14</name>
         <value>0xc67a</value>
         <object_component_ref idref="oc-ba"/>
      </symbol>
      <symbol id="sm-303">
         <name>__mspabi_srli_13</name>
         <value>0xc67e</value>
         <object_component_ref idref="oc-ba"/>
      </symbol>
      <symbol id="sm-304">
         <name>__mspabi_srli_12</name>
         <value>0xc682</value>
         <object_component_ref idref="oc-ba"/>
      </symbol>
      <symbol id="sm-305">
         <name>__mspabi_srli_11</name>
         <value>0xc686</value>
         <object_component_ref idref="oc-ba"/>
      </symbol>
      <symbol id="sm-306">
         <name>__mspabi_srli_10</name>
         <value>0xc68a</value>
         <object_component_ref idref="oc-ba"/>
      </symbol>
   </symbol_table>
   <title>Link successful</title>
</link_info>
