<?xml version="1.0" encoding="ISO-8859-1" ?>
<link_info>
   <banner>MSP430 Linker PC v18.1.4.LTS</banner>
   <copyright>Copyright (c) 2003-2018 Texas Instruments Incorporated</copyright>
   <link_time>0x62a56f01</link_time>
   <link_errors>0x0</link_errors>
   <output_file>round-robin-embebido.out</output_file>
   <entry_point>
      <name>_c_int00_noargs</name>
      <address>0xd70e</address>
   </entry_point>
   <input_file_list>
      <input_file id="fl-2">
         <path>.\</path>
         <kind>object</kind>
         <file>main.obj</file>
         <name>main.obj</name>
      </input_file>
      <input_file id="fl-3">
         <path>.\src\</path>
         <kind>object</kind>
         <file>algoritmo.obj</file>
         <name>algoritmo.obj</name>
      </input_file>
      <input_file id="fl-4">
         <path>.\src\</path>
         <kind>object</kind>
         <file>i2c.obj</file>
         <name>i2c.obj</name>
      </input_file>
      <input_file id="fl-5">
         <path>.\src\</path>
         <kind>object</kind>
         <file>imu.obj</file>
         <name>imu.obj</name>
      </input_file>
      <input_file id="fl-6">
         <path>.\src\</path>
         <kind>object</kind>
         <file>timer_hw.obj</file>
         <name>timer_hw.obj</name>
      </input_file>
      <input_file id="fl-7">
         <path>.\src\</path>
         <kind>object</kind>
         <file>uart.obj</file>
         <name>uart.obj</name>
      </input_file>
      <input_file id="fl-8">
         <path>.\src\</path>
         <kind>object</kind>
         <file>utils.obj</file>
         <name>utils.obj</name>
      </input_file>
      <input_file id="fl-d">
         <kind>object</kind>
         <file>&lt;internal&gt;</file>
         <name>&lt;internal&gt;</name>
      </input_file>
      <input_file id="fl-23">
         <path>C:\Programas extras\ti\ccsv8\tools\compiler\ti-cgt-msp430_18.1.4.LTS\lib\</path>
         <kind>archive</kind>
         <file>rts430_eabi.lib</file>
         <name>e_sqrt.c.obj</name>
      </input_file>
      <input_file id="fl-24">
         <path>C:\Programas extras\ti\ccsv8\tools\compiler\ti-cgt-msp430_18.1.4.LTS\lib\</path>
         <kind>archive</kind>
         <file>rts430_eabi.lib</file>
         <name>asr16.asm.obj</name>
      </input_file>
      <input_file id="fl-25">
         <path>C:\Programas extras\ti\ccsv8\tools\compiler\ti-cgt-msp430_18.1.4.LTS\lib\</path>
         <kind>archive</kind>
         <file>rts430_eabi.lib</file>
         <name>div16s.asm.obj</name>
      </input_file>
      <input_file id="fl-26">
         <path>C:\Programas extras\ti\ccsv8\tools\compiler\ti-cgt-msp430_18.1.4.LTS\lib\</path>
         <kind>archive</kind>
         <file>rts430_eabi.lib</file>
         <name>div16u.asm.obj</name>
      </input_file>
      <input_file id="fl-27">
         <path>C:\Programas extras\ti\ccsv8\tools\compiler\ti-cgt-msp430_18.1.4.LTS\lib\</path>
         <kind>archive</kind>
         <file>rts430_eabi.lib</file>
         <name>epilog.asm.obj</name>
      </input_file>
      <input_file id="fl-28">
         <path>C:\Programas extras\ti\ccsv8\tools\compiler\ti-cgt-msp430_18.1.4.LTS\lib\</path>
         <kind>archive</kind>
         <file>rts430_eabi.lib</file>
         <name>int00.asm.obj</name>
      </input_file>
      <input_file id="fl-29">
         <path>C:\Programas extras\ti\ccsv8\tools\compiler\ti-cgt-msp430_18.1.4.LTS\lib\</path>
         <kind>archive</kind>
         <file>rts430_eabi.lib</file>
         <name>int02.asm.obj</name>
      </input_file>
      <input_file id="fl-2a">
         <path>C:\Programas extras\ti\ccsv8\tools\compiler\ti-cgt-msp430_18.1.4.LTS\lib\</path>
         <kind>archive</kind>
         <file>rts430_eabi.lib</file>
         <name>int03.asm.obj</name>
      </input_file>
      <input_file id="fl-2b">
         <path>C:\Programas extras\ti\ccsv8\tools\compiler\ti-cgt-msp430_18.1.4.LTS\lib\</path>
         <kind>archive</kind>
         <file>rts430_eabi.lib</file>
         <name>int05.asm.obj</name>
      </input_file>
      <input_file id="fl-2c">
         <path>C:\Programas extras\ti\ccsv8\tools\compiler\ti-cgt-msp430_18.1.4.LTS\lib\</path>
         <kind>archive</kind>
         <file>rts430_eabi.lib</file>
         <name>int08.asm.obj</name>
      </input_file>
      <input_file id="fl-2d">
         <path>C:\Programas extras\ti\ccsv8\tools\compiler\ti-cgt-msp430_18.1.4.LTS\lib\</path>
         <kind>archive</kind>
         <file>rts430_eabi.lib</file>
         <name>int10.asm.obj</name>
      </input_file>
      <input_file id="fl-2e">
         <path>C:\Programas extras\ti\ccsv8\tools\compiler\ti-cgt-msp430_18.1.4.LTS\lib\</path>
         <kind>archive</kind>
         <file>rts430_eabi.lib</file>
         <name>int11.asm.obj</name>
      </input_file>
      <input_file id="fl-2f">
         <path>C:\Programas extras\ti\ccsv8\tools\compiler\ti-cgt-msp430_18.1.4.LTS\lib\</path>
         <kind>archive</kind>
         <file>rts430_eabi.lib</file>
         <name>int12.asm.obj</name>
      </input_file>
      <input_file id="fl-30">
         <path>C:\Programas extras\ti\ccsv8\tools\compiler\ti-cgt-msp430_18.1.4.LTS\lib\</path>
         <kind>archive</kind>
         <file>rts430_eabi.lib</file>
         <name>int13.asm.obj</name>
      </input_file>
      <input_file id="fl-31">
         <path>C:\Programas extras\ti\ccsv8\tools\compiler\ti-cgt-msp430_18.1.4.LTS\lib\</path>
         <kind>archive</kind>
         <file>rts430_eabi.lib</file>
         <name>int14.asm.obj</name>
      </input_file>
      <input_file id="fl-32">
         <path>C:\Programas extras\ti\ccsv8\tools\compiler\ti-cgt-msp430_18.1.4.LTS\lib\</path>
         <kind>archive</kind>
         <file>rts430_eabi.lib</file>
         <name>isr_trap.asm.obj</name>
      </input_file>
      <input_file id="fl-33">
         <path>C:\Programas extras\ti\ccsv8\tools\compiler\ti-cgt-msp430_18.1.4.LTS\lib\</path>
         <kind>archive</kind>
         <file>rts430_eabi.lib</file>
         <name>lsl16.asm.obj</name>
      </input_file>
      <input_file id="fl-34">
         <path>C:\Programas extras\ti\ccsv8\tools\compiler\ti-cgt-msp430_18.1.4.LTS\lib\</path>
         <kind>archive</kind>
         <file>rts430_eabi.lib</file>
         <name>lsl32.asm.obj</name>
      </input_file>
      <input_file id="fl-35">
         <path>C:\Programas extras\ti\ccsv8\tools\compiler\ti-cgt-msp430_18.1.4.LTS\lib\</path>
         <kind>archive</kind>
         <file>rts430_eabi.lib</file>
         <name>lsr16.asm.obj</name>
      </input_file>
      <input_file id="fl-36">
         <path>C:\Programas extras\ti\ccsv8\tools\compiler\ti-cgt-msp430_18.1.4.LTS\lib\</path>
         <kind>archive</kind>
         <file>rts430_eabi.lib</file>
         <name>lsr32.asm.obj</name>
      </input_file>
      <input_file id="fl-37">
         <path>C:\Programas extras\ti\ccsv8\tools\compiler\ti-cgt-msp430_18.1.4.LTS\lib\</path>
         <kind>archive</kind>
         <file>rts430_eabi.lib</file>
         <name>mult16.asm.obj</name>
      </input_file>
      <input_file id="fl-38">
         <path>C:\Programas extras\ti\ccsv8\tools\compiler\ti-cgt-msp430_18.1.4.LTS\lib\</path>
         <kind>archive</kind>
         <file>rts430_eabi.lib</file>
         <name>boot.c.obj</name>
      </input_file>
      <input_file id="fl-39">
         <path>C:\Programas extras\ti\ccsv8\tools\compiler\ti-cgt-msp430_18.1.4.LTS\lib\</path>
         <kind>archive</kind>
         <file>rts430_eabi.lib</file>
         <name>autoinit.c.obj</name>
      </input_file>
      <input_file id="fl-3a">
         <path>C:\Programas extras\ti\ccsv8\tools\compiler\ti-cgt-msp430_18.1.4.LTS\lib\</path>
         <kind>archive</kind>
         <file>rts430_eabi.lib</file>
         <name>copy_zero_init.c.obj</name>
      </input_file>
      <input_file id="fl-3b">
         <path>C:\Programas extras\ti\ccsv8\tools\compiler\ti-cgt-msp430_18.1.4.LTS\lib\</path>
         <kind>archive</kind>
         <file>rts430_eabi.lib</file>
         <name>cpy_tbl.c.obj</name>
      </input_file>
      <input_file id="fl-3c">
         <path>C:\Programas extras\ti\ccsv8\tools\compiler\ti-cgt-msp430_18.1.4.LTS\lib\</path>
         <kind>archive</kind>
         <file>rts430_eabi.lib</file>
         <name>mpu_init.c.obj</name>
      </input_file>
      <input_file id="fl-3d">
         <path>C:\Programas extras\ti\ccsv8\tools\compiler\ti-cgt-msp430_18.1.4.LTS\lib\</path>
         <kind>archive</kind>
         <file>rts430_eabi.lib</file>
         <name>lsr64.c.obj</name>
      </input_file>
      <input_file id="fl-3e">
         <path>C:\Programas extras\ti\ccsv8\tools\compiler\ti-cgt-msp430_18.1.4.LTS\lib\</path>
         <kind>archive</kind>
         <file>rts430_eabi.lib</file>
         <name>pre_init.c.obj</name>
      </input_file>
      <input_file id="fl-3f">
         <path>C:\Programas extras\ti\ccsv8\tools\compiler\ti-cgt-msp430_18.1.4.LTS\lib\</path>
         <kind>archive</kind>
         <file>rts430_eabi.lib</file>
         <name>startup.c.obj</name>
      </input_file>
      <input_file id="fl-40">
         <path>C:\Programas extras\ti\ccsv8\tools\compiler\ti-cgt-msp430_18.1.4.LTS\lib\</path>
         <kind>archive</kind>
         <file>rts430_eabi.lib</file>
         <name>copy_decompress_none.c.obj</name>
      </input_file>
      <input_file id="fl-41">
         <path>C:\Programas extras\ti\ccsv8\tools\compiler\ti-cgt-msp430_18.1.4.LTS\lib\</path>
         <kind>archive</kind>
         <file>rts430_eabi.lib</file>
         <name>copy_decompress_lzss.c.obj</name>
      </input_file>
      <input_file id="fl-42">
         <path>C:\Programas extras\ti\ccsv8\tools\compiler\ti-cgt-msp430_18.1.4.LTS\lib\</path>
         <kind>archive</kind>
         <file>rts430_eabi.lib</file>
         <name>addd.c.obj</name>
      </input_file>
      <input_file id="fl-43">
         <path>C:\Programas extras\ti\ccsv8\tools\compiler\ti-cgt-msp430_18.1.4.LTS\lib\</path>
         <kind>archive</kind>
         <file>rts430_eabi.lib</file>
         <name>fixdu.c.obj</name>
      </input_file>
      <input_file id="fl-44">
         <path>C:\Programas extras\ti\ccsv8\tools\compiler\ti-cgt-msp430_18.1.4.LTS\lib\</path>
         <kind>archive</kind>
         <file>rts430_eabi.lib</file>
         <name>fixdul.c.obj</name>
      </input_file>
      <input_file id="fl-45">
         <path>C:\Programas extras\ti\ccsv8\tools\compiler\ti-cgt-msp430_18.1.4.LTS\lib\</path>
         <kind>archive</kind>
         <file>rts430_eabi.lib</file>
         <name>fltud.c.obj</name>
      </input_file>
      <input_file id="fl-46">
         <path>C:\Programas extras\ti\ccsv8\tools\compiler\ti-cgt-msp430_18.1.4.LTS\lib\</path>
         <kind>archive</kind>
         <file>rts430_eabi.lib</file>
         <name>fltuld.c.obj</name>
      </input_file>
      <input_file id="fl-47">
         <path>C:\Programas extras\ti\ccsv8\tools\compiler\ti-cgt-msp430_18.1.4.LTS\lib\</path>
         <kind>archive</kind>
         <file>rts430_eabi.lib</file>
         <name>frcaddd.c.obj</name>
      </input_file>
      <input_file id="fl-48">
         <path>C:\Programas extras\ti\ccsv8\tools\compiler\ti-cgt-msp430_18.1.4.LTS\lib\</path>
         <kind>archive</kind>
         <file>rts430_eabi.lib</file>
         <name>mpyd.c.obj</name>
      </input_file>
      <input_file id="fl-49">
         <path>C:\Programas extras\ti\ccsv8\tools\compiler\ti-cgt-msp430_18.1.4.LTS\lib\</path>
         <kind>archive</kind>
         <file>rts430_eabi.lib</file>
         <name>renormd.c.obj</name>
      </input_file>
      <input_file id="fl-4a">
         <path>C:\Programas extras\ti\ccsv8\tools\compiler\ti-cgt-msp430_18.1.4.LTS\lib\</path>
         <kind>archive</kind>
         <file>rts430_eabi.lib</file>
         <name>errno.c.obj</name>
      </input_file>
      <input_file id="fl-4b">
         <path>C:\Programas extras\ti\ccsv8\tools\compiler\ti-cgt-msp430_18.1.4.LTS\lib\</path>
         <kind>archive</kind>
         <file>rts430_eabi.lib</file>
         <name>exit.c.obj</name>
      </input_file>
      <input_file id="fl-4c">
         <path>C:\Programas extras\ti\ccsv8\tools\compiler\ti-cgt-msp430_18.1.4.LTS\lib\</path>
         <kind>archive</kind>
         <file>rts430_eabi.lib</file>
         <name>_lock.c.obj</name>
      </input_file>
      <input_file id="fl-4d">
         <path>C:\Programas extras\ti\ccsv8\tools\compiler\ti-cgt-msp430_18.1.4.LTS\lib\</path>
         <kind>archive</kind>
         <file>rts430_eabi.lib</file>
         <name>args_main.c.obj</name>
      </input_file>
      <input_file id="fl-4e">
         <path>C:\Programas extras\ti\ccsv8\tools\compiler\ti-cgt-msp430_18.1.4.LTS\lib\</path>
         <kind>archive</kind>
         <file>rts430_eabi.lib</file>
         <name>memcpy.c.obj</name>
      </input_file>
      <input_file id="fl-4f">
         <path>C:\Programas extras\ti\ccsv8\tools\compiler\ti-cgt-msp430_18.1.4.LTS\lib\</path>
         <kind>archive</kind>
         <file>rts430_eabi.lib</file>
         <name>strcpy.c.obj</name>
      </input_file>
      <input_file id="fl-50">
         <path>C:\Programas extras\ti\ccsv8\tools\compiler\ti-cgt-msp430_18.1.4.LTS\lib\</path>
         <kind>archive</kind>
         <file>rts430_eabi.lib</file>
         <name>asr32.asm.obj</name>
      </input_file>
      <input_file id="fl-51">
         <path>C:\Programas extras\ti\ccsv8\tools\compiler\ti-cgt-msp430_18.1.4.LTS\lib\</path>
         <kind>archive</kind>
         <file>rts430_eabi.lib</file>
         <name>exit_gvars.c.obj</name>
      </input_file>
      <input_file id="fl-52">
         <path>C:\Programas extras\ti\ccsv8\tools\compiler\ti-cgt-msp430_18.1.4.LTS\lib\</path>
         <kind>archive</kind>
         <file>rts430_eabi.lib</file>
         <name>frcmpyd.c.obj</name>
      </input_file>
      <input_file id="fl-53">
         <path>C:\Programas extras\ti\ccsv8\tools\compiler\ti-cgt-msp430_18.1.4.LTS\lib\</path>
         <kind>archive</kind>
         <file>rts430_eabi.lib</file>
         <name>mult32.asm.obj</name>
      </input_file>
   </input_file_list>
   <object_component_list>
      <object_component id="oc-24d">
         <name>.bss:buffer_Y</name>
         <uninitialized>true</uninitialized>
         <run_address>0x200</run_address>
         <size>0x96</size>
         <input_file_ref idref="fl-3"/>
      </object_component>
      <object_component id="oc-250">
         <name>.bss:buffer_Z</name>
         <uninitialized>true</uninitialized>
         <run_address>0x296</run_address>
         <size>0x96</size>
         <input_file_ref idref="fl-3"/>
      </object_component>
      <object_component id="oc-23e">
         <name>.bss</name>
         <uninitialized>true</uninitialized>
         <run_address>0x364</run_address>
         <size>0x2</size>
         <input_file_ref idref="fl-4"/>
      </object_component>
      <object_component id="oc-14c">
         <name>.bss:buffer_TX</name>
         <uninitialized>true</uninitialized>
         <run_address>0x342</run_address>
         <size>0x16</size>
         <input_file_ref idref="fl-7"/>
      </object_component>
      <object_component id="oc-150">
         <name>.bss:buffer_RX</name>
         <uninitialized>true</uninitialized>
         <run_address>0x32c</run_address>
         <size>0x16</size>
         <input_file_ref idref="fl-7"/>
      </object_component>
      <object_component id="oc-1a2">
         <name>.common:msg</name>
         <uninitialized>true</uninitialized>
         <run_address>0x35e</run_address>
         <size>0x6</size>
      </object_component>
      <object_component id="oc-1cc">
         <name>.common:accel</name>
         <uninitialized>true</uninitialized>
         <run_address>0x358</run_address>
         <size>0x6</size>
      </object_component>
      <object_component id="oc-23b">
         <name>.common:tiks</name>
         <uninitialized>true</uninitialized>
         <run_address>0x36e</run_address>
         <size>0x2</size>
      </object_component>
      <object_component id="oc-157">
         <name>.common:numm</name>
         <uninitialized>true</uninitialized>
         <run_address>0x36c</run_address>
         <size>0x2</size>
      </object_component>
      <object_component id="oc-15a">
         <name>.common:contTimer</name>
         <uninitialized>true</uninitialized>
         <run_address>0x368</run_address>
         <size>0x2</size>
      </object_component>
      <object_component id="oc-15b">
         <name>.common:Tflag</name>
         <uninitialized>true</uninitialized>
         <run_address>0x366</run_address>
         <size>0x2</size>
      </object_component>
      <object_component id="oc-153">
         <name>.common:local_EOL</name>
         <uninitialized>true</uninitialized>
         <run_address>0x36a</run_address>
         <size>0x2</size>
      </object_component>
      <object_component id="oc-1b1">
         <name>.data</name>
         <load_address>0x39a</load_address>
         <run_address>0x39a</run_address>
         <size>0xa</size>
         <input_file_ref idref="fl-2"/>
      </object_component>
      <object_component id="oc-244">
         <name>.data</name>
         <load_address>0x370</load_address>
         <run_address>0x370</run_address>
         <size>0x2a</size>
         <input_file_ref idref="fl-3"/>
      </object_component>
      <object_component id="oc-149">
         <name>.data</name>
         <load_address>0x3a4</load_address>
         <run_address>0x3a4</run_address>
         <size>0x8</size>
         <input_file_ref idref="fl-7"/>
      </object_component>
      <object_component id="oc-2ce">
         <name>.data</name>
         <load_address>0x3ac</load_address>
         <run_address>0x3ac</run_address>
         <size>0x2</size>
         <input_file_ref idref="fl-4a"/>
      </object_component>
      <object_component id="oc-b1">
         <name>.stack</name>
         <uninitialized>true</uninitialized>
         <run_address>0x3b0</run_address>
         <size>0x2</size>
         <input_file_ref idref="fl-38"/>
      </object_component>
      <object_component id="oc-3c0">
         <name>.stack</name>
         <uninitialized>true</uninitialized>
         <run_address>0x3b0</run_address>
         <size>0x0</size>
      </object_component>
      <object_component id="oc-2c8">
         <name>.text:__mspabi_addd</name>
         <load_address>0xc000</load_address>
         <run_address>0xc000</run_address>
         <size>0x2fa</size>
         <input_file_ref idref="fl-42"/>
      </object_component>
      <object_component id="oc-266">
         <name>.text:sqrt</name>
         <load_address>0xc2fa</load_address>
         <run_address>0xc2fa</run_address>
         <size>0x2f8</size>
         <input_file_ref idref="fl-23"/>
      </object_component>
      <object_component id="oc-323">
         <name>.text:__TI_frcmpyd</name>
         <load_address>0xc5f2</load_address>
         <run_address>0xc5f2</run_address>
         <size>0x286</size>
         <input_file_ref idref="fl-52"/>
      </object_component>
      <object_component id="oc-2c2">
         <name>.text:__mspabi_mpyd</name>
         <load_address>0xc878</load_address>
         <run_address>0xc878</run_address>
         <size>0x26e</size>
         <input_file_ref idref="fl-48"/>
      </object_component>
      <object_component id="oc-330">
         <name>.text:__TI_frcaddd</name>
         <load_address>0xcae6</load_address>
         <run_address>0xcae6</run_address>
         <size>0x260</size>
         <input_file_ref idref="fl-47"/>
      </object_component>
      <object_component id="oc-1d9">
         <name>.text:procesarDatos</name>
         <load_address>0xcd46</load_address>
         <run_address>0xcd46</run_address>
         <size>0x1e4</size>
         <input_file_ref idref="fl-3"/>
      </object_component>
      <object_component id="oc-368">
         <name>.text:__TI_renormd</name>
         <load_address>0xcf2a</load_address>
         <run_address>0xcf2a</run_address>
         <size>0xbe</size>
         <input_file_ref idref="fl-49"/>
      </object_component>
      <object_component id="oc-16b">
         <name>.text:main</name>
         <load_address>0xcfe8</load_address>
         <run_address>0xcfe8</run_address>
         <size>0xb6</size>
         <input_file_ref idref="fl-2"/>
      </object_component>
      <object_component id="oc-1ab">
         <name>.text:initIMU</name>
         <load_address>0xd09e</load_address>
         <run_address>0xd09e</run_address>
         <size>0x9c</size>
         <input_file_ref idref="fl-5"/>
      </object_component>
      <object_component id="oc-2bb">
         <name>.text:__mspabi_fltuld</name>
         <load_address>0xd13a</load_address>
         <run_address>0xd13a</run_address>
         <size>0x8a</size>
         <input_file_ref idref="fl-46"/>
      </object_component>
      <object_component id="oc-1cd">
         <name>.text:asignarAccel</name>
         <load_address>0xd1c4</load_address>
         <run_address>0xd1c4</run_address>
         <size>0x8a</size>
         <input_file_ref idref="fl-4"/>
      </object_component>
      <object_component id="oc-34">
         <name>.text:decompress:lzss:__TI_decompress_lzss</name>
         <load_address>0xd24e</load_address>
         <run_address>0xd24e</run_address>
         <size>0x7c</size>
         <input_file_ref idref="fl-41"/>
      </object_component>
      <object_component id="oc-1c6">
         <name>.text:readI2C</name>
         <load_address>0xd2ca</load_address>
         <run_address>0xd2ca</run_address>
         <size>0x76</size>
         <input_file_ref idref="fl-4"/>
      </object_component>
      <object_component id="oc-2ec">
         <name>.text:__mspabi_fixdul</name>
         <load_address>0xd340</load_address>
         <run_address>0xd340</run_address>
         <size>0x74</size>
         <input_file_ref idref="fl-44"/>
      </object_component>
      <object_component id="oc-231">
         <name>.text:sendI2C</name>
         <load_address>0xd3b4</load_address>
         <run_address>0xd3b4</run_address>
         <size>0x5e</size>
         <input_file_ref idref="fl-4"/>
      </object_component>
      <object_component id="oc-2d6">
         <name>.text:l_lsr_const</name>
         <load_address>0xd412</load_address>
         <run_address>0xd412</run_address>
         <size>0x5c</size>
         <input_file_ref idref="fl-36"/>
      </object_component>
      <object_component id="oc-ba">
         <name>.text</name>
         <load_address>0xd46e</load_address>
         <run_address>0xd46e</run_address>
         <size>0x4c</size>
         <input_file_ref idref="fl-35"/>
      </object_component>
      <object_component id="oc-1ec">
         <name>.text:__TI_auto_init_nobinit_nopinit:__TI_auto_init_nobinit_nopinit</name>
         <load_address>0xd4ba</load_address>
         <run_address>0xd4ba</run_address>
         <size>0x42</size>
         <input_file_ref idref="fl-39"/>
      </object_component>
      <object_component id="oc-1d3">
         <name>.text:recopilarDatos</name>
         <load_address>0xd4fc</load_address>
         <run_address>0xd4fc</run_address>
         <size>0x42</size>
         <input_file_ref idref="fl-3"/>
      </object_component>
      <object_component id="oc-e7">
         <name>.text:recibi_mensaje_RX</name>
         <load_address>0xd53e</load_address>
         <run_address>0xd53e</run_address>
         <size>0x40</size>
         <input_file_ref idref="fl-7"/>
      </object_component>
      <object_component id="oc-355">
         <name>.text:l_asr_const</name>
         <load_address>0xd57e</load_address>
         <run_address>0xd57e</run_address>
         <size>0x3e</size>
         <input_file_ref idref="fl-50"/>
      </object_component>
      <object_component id="oc-31c">
         <name>.text:l_lsl_const</name>
         <load_address>0xd5bc</load_address>
         <run_address>0xd5bc</run_address>
         <size>0x3e</size>
         <input_file_ref idref="fl-34"/>
      </object_component>
      <object_component id="oc-1a5">
         <name>.text:initI2C</name>
         <load_address>0xd5fa</load_address>
         <run_address>0xd5fa</run_address>
         <size>0x38</size>
         <input_file_ref idref="fl-4"/>
      </object_component>
      <object_component id="oc-e1">
         <name>.text:registro_vacio_TX</name>
         <load_address>0xd632</load_address>
         <run_address>0xd632</run_address>
         <size>0x32</size>
         <input_file_ref idref="fl-7"/>
      </object_component>
      <object_component id="oc-2d1">
         <name>.text</name>
         <load_address>0xd664</load_address>
         <run_address>0xd664</run_address>
         <size>0x2c</size>
         <input_file_ref idref="fl-24"/>
      </object_component>
      <object_component id="oc-2ad">
         <name>.text</name>
         <load_address>0xd690</load_address>
         <run_address>0xd690</run_address>
         <size>0x2c</size>
         <input_file_ref idref="fl-25"/>
      </object_component>
      <object_component id="oc-b5">
         <name>.text</name>
         <load_address>0xd6bc</load_address>
         <run_address>0xd6bc</run_address>
         <size>0x2c</size>
         <input_file_ref idref="fl-33"/>
      </object_component>
      <object_component id="oc-35a">
         <name>.text</name>
         <load_address>0xd6e8</load_address>
         <run_address>0xd6e8</run_address>
         <size>0x26</size>
         <input_file_ref idref="fl-53"/>
      </object_component>
      <object_component id="oc-105">
         <name>.text:_c_int00_noargs</name>
         <load_address>0xd70e</load_address>
         <run_address>0xd70e</run_address>
         <size>0x1c</size>
         <input_file_ref idref="fl-38"/>
      </object_component>
      <object_component id="oc-1c0">
         <name>.text:vInitTimerA</name>
         <load_address>0xd72a</load_address>
         <run_address>0xd72a</run_address>
         <size>0x18</size>
         <input_file_ref idref="fl-6"/>
      </object_component>
      <object_component id="oc-256">
         <name>.text</name>
         <load_address>0xd742</load_address>
         <run_address>0xd742</run_address>
         <size>0x16</size>
         <input_file_ref idref="fl-26"/>
      </object_component>
      <object_component id="oc-ed">
         <name>.text:vTimerAInterrupt</name>
         <load_address>0xd758</load_address>
         <run_address>0xd758</run_address>
         <size>0x16</size>
         <input_file_ref idref="fl-6"/>
      </object_component>
      <object_component id="oc-1ba">
         <name>.text:config_timer_VLO</name>
         <load_address>0xd76e</load_address>
         <run_address>0xd76e</run_address>
         <size>0x14</size>
         <input_file_ref idref="fl-6"/>
      </object_component>
      <object_component id="oc-f3">
         <name>.text:decompress:ZI:__TI_zero_init_nomemset:__TI_zero_init_nomemset</name>
         <load_address>0xd782</load_address>
         <run_address>0xd782</run_address>
         <size>0x14</size>
         <input_file_ref idref="fl-3a"/>
      </object_component>
      <object_component id="oc-25b">
         <name>.text</name>
         <load_address>0xd796</load_address>
         <run_address>0xd796</run_address>
         <size>0x14</size>
         <input_file_ref idref="fl-37"/>
      </object_component>
      <object_component id="oc-26c">
         <name>.text:__mspabi_fixdu</name>
         <load_address>0xd7aa</load_address>
         <run_address>0xd7aa</run_address>
         <size>0x12</size>
         <input_file_ref idref="fl-43"/>
      </object_component>
      <object_component id="oc-3a">
         <name>.text:decompress:none:__TI_decompress_none</name>
         <load_address>0xd7bc</load_address>
         <run_address>0xd7bc</run_address>
         <size>0x12</size>
         <input_file_ref idref="fl-40"/>
      </object_component>
      <object_component id="oc-2db">
         <name>.text:l_lsr</name>
         <load_address>0xd7ce</load_address>
         <run_address>0xd7ce</run_address>
         <size>0x12</size>
         <input_file_ref idref="fl-36"/>
      </object_component>
      <object_component id="oc-cf">
         <name>.text:memcpy</name>
         <load_address>0xd7e0</load_address>
         <run_address>0xd7e0</run_address>
         <size>0x12</size>
         <input_file_ref idref="fl-4e"/>
      </object_component>
      <object_component id="oc-363">
         <name>.text:l_asr</name>
         <load_address>0xd7f2</load_address>
         <run_address>0xd7f2</run_address>
         <size>0x10</size>
         <input_file_ref idref="fl-50"/>
      </object_component>
      <object_component id="oc-2e0">
         <name>.text:l_lsl</name>
         <load_address>0xd802</load_address>
         <run_address>0xd802</run_address>
         <size>0x10</size>
         <input_file_ref idref="fl-34"/>
      </object_component>
      <object_component id="oc-bf">
         <name>.text</name>
         <load_address>0xd812</load_address>
         <run_address>0xd812</run_address>
         <size>0x10</size>
         <input_file_ref idref="fl-27"/>
      </object_component>
      <object_component id="oc-1b4">
         <name>.text:setFlagTimer</name>
         <load_address>0xd822</load_address>
         <run_address>0xd822</run_address>
         <size>0xa</size>
         <input_file_ref idref="fl-6"/>
      </object_component>
      <object_component id="oc-dc">
         <name>.text:_isr:__TI_ISR_TRAP</name>
         <load_address>0xd82c</load_address>
         <run_address>0xd82c</run_address>
         <size>0x8</size>
         <input_file_ref idref="fl-32"/>
      </object_component>
      <object_component id="oc-260">
         <name>.text:__mspabi_fltud</name>
         <load_address>0xd834</load_address>
         <run_address>0xd834</run_address>
         <size>0x6</size>
         <input_file_ref idref="fl-45"/>
      </object_component>
      <object_component id="oc-1e0">
         <name>.text:abort</name>
         <load_address>0xd83a</load_address>
         <run_address>0xd83a</run_address>
         <size>0x6</size>
         <input_file_ref idref="fl-4b"/>
      </object_component>
      <object_component id="oc-247">
         <name>.text:division</name>
         <load_address>0xd840</load_address>
         <run_address>0xd840</run_address>
         <size>0x6</size>
         <input_file_ref idref="fl-3"/>
      </object_component>
      <object_component id="oc-165">
         <name>.text:_system_pre_init</name>
         <load_address>0xd846</load_address>
         <run_address>0xd846</run_address>
         <size>0x4</size>
         <input_file_ref idref="fl-3e"/>
      </object_component>
      <object_component id="oc-285">
         <name>.text:_system_post_cinit</name>
         <load_address>0xd84a</load_address>
         <run_address>0xd84a</run_address>
         <size>0x2</size>
         <input_file_ref idref="fl-3f"/>
      </object_component>
      <object_component id="oc-3bf">
         <name>.cinit..data.load</name>
         <load_address>0xd84c</load_address>
         <run_address>0xd84c</run_address>
         <size>0x16</size>
      </object_component>
      <object_component id="oc-3bc">
         <name>__TI_handler_table</name>
         <load_address>0xd862</load_address>
         <run_address>0xd862</run_address>
         <size>0x6</size>
      </object_component>
      <object_component id="oc-3be">
         <name>.cinit..bss.load</name>
         <load_address>0xd868</load_address>
         <run_address>0xd868</run_address>
         <size>0x4</size>
      </object_component>
      <object_component id="oc-3bd">
         <name>__TI_cinit_table</name>
         <load_address>0xd86c</load_address>
         <run_address>0xd86c</run_address>
         <size>0x8</size>
      </object_component>
      <object_component id="oc-37e">
         <name>.binit</name>
         <load_address>0xc000</load_address>
         <run_address>0xc000</run_address>
         <size>0x0</size>
      </object_component>
      <object_component id="oc-40">
         <name>.int00</name>
         <load_address>0xffe0</load_address>
         <run_address>0xffe0</run_address>
         <size>0x2</size>
         <input_file_ref idref="fl-28"/>
      </object_component>
      <object_component id="oc-41">
         <name>.int02</name>
         <load_address>0xffe4</load_address>
         <run_address>0xffe4</run_address>
         <size>0x2</size>
         <input_file_ref idref="fl-29"/>
      </object_component>
      <object_component id="oc-42">
         <name>.int03</name>
         <load_address>0xffe6</load_address>
         <run_address>0xffe6</run_address>
         <size>0x2</size>
         <input_file_ref idref="fl-2a"/>
      </object_component>
      <object_component id="oc-43">
         <name>.int05</name>
         <load_address>0xffea</load_address>
         <run_address>0xffea</run_address>
         <size>0x2</size>
         <input_file_ref idref="fl-2b"/>
      </object_component>
      <object_component id="oc-44">
         <name>.int06</name>
         <load_address>0xffec</load_address>
         <run_address>0xffec</run_address>
         <size>0x2</size>
         <input_file_ref idref="fl-7"/>
      </object_component>
      <object_component id="oc-45">
         <name>.int07</name>
         <load_address>0xffee</load_address>
         <run_address>0xffee</run_address>
         <size>0x2</size>
         <input_file_ref idref="fl-7"/>
      </object_component>
      <object_component id="oc-46">
         <name>.int08</name>
         <load_address>0xfff0</load_address>
         <run_address>0xfff0</run_address>
         <size>0x2</size>
         <input_file_ref idref="fl-2c"/>
      </object_component>
      <object_component id="oc-47">
         <name>.int09</name>
         <load_address>0xfff2</load_address>
         <run_address>0xfff2</run_address>
         <size>0x2</size>
         <input_file_ref idref="fl-6"/>
      </object_component>
      <object_component id="oc-48">
         <name>.int10</name>
         <load_address>0xfff4</load_address>
         <run_address>0xfff4</run_address>
         <size>0x2</size>
         <input_file_ref idref="fl-2d"/>
      </object_component>
      <object_component id="oc-49">
         <name>.int11</name>
         <load_address>0xfff6</load_address>
         <run_address>0xfff6</run_address>
         <size>0x2</size>
         <input_file_ref idref="fl-2e"/>
      </object_component>
      <object_component id="oc-4a">
         <name>.int12</name>
         <load_address>0xfff8</load_address>
         <run_address>0xfff8</run_address>
         <size>0x2</size>
         <input_file_ref idref="fl-2f"/>
      </object_component>
      <object_component id="oc-4b">
         <name>.int13</name>
         <load_address>0xfffa</load_address>
         <run_address>0xfffa</run_address>
         <size>0x2</size>
         <input_file_ref idref="fl-30"/>
      </object_component>
      <object_component id="oc-4c">
         <name>.int14</name>
         <load_address>0xfffc</load_address>
         <run_address>0xfffc</run_address>
         <size>0x2</size>
         <input_file_ref idref="fl-31"/>
      </object_component>
      <object_component id="oc-b4">
         <name>.reset</name>
         <load_address>0xfffe</load_address>
         <run_address>0xfffe</run_address>
         <size>0x2</size>
         <input_file_ref idref="fl-38"/>
      </object_component>
      <object_component id="oc-1a3">
         <name>.debug_info</name>
         <load_address>0x0</load_address>
         <run_address>0x0</run_address>
         <size>0x3ac</size>
         <input_file_ref idref="fl-2"/>
      </object_component>
      <object_component id="oc-1b2">
         <name>.debug_info</name>
         <load_address>0x3ac</load_address>
         <run_address>0x3ac</run_address>
         <size>0x168</size>
         <input_file_ref idref="fl-2"/>
      </object_component>
      <object_component id="oc-16d">
         <name>.debug_info</name>
         <load_address>0x514</load_address>
         <run_address>0x514</run_address>
         <size>0x205</size>
         <input_file_ref idref="fl-2"/>
      </object_component>
      <object_component id="oc-198">
         <name>.debug_info</name>
         <load_address>0x719</load_address>
         <run_address>0x719</run_address>
         <size>0x26b</size>
         <input_file_ref idref="fl-2"/>
      </object_component>
      <object_component id="oc-ca">
         <name>.debug_info</name>
         <load_address>0x984</load_address>
         <run_address>0x984</run_address>
         <size>0x84</size>
         <input_file_ref idref="fl-2"/>
      </object_component>
      <object_component id="oc-21f">
         <name>.debug_info</name>
         <load_address>0xa08</load_address>
         <run_address>0xa08</run_address>
         <size>0x275</size>
         <input_file_ref idref="fl-2"/>
      </object_component>
      <object_component id="oc-226">
         <name>.debug_info</name>
         <load_address>0xc7d</load_address>
         <run_address>0xc7d</run_address>
         <size>0xbb</size>
         <input_file_ref idref="fl-2"/>
      </object_component>
      <object_component id="oc-13c">
         <name>.debug_info</name>
         <load_address>0xd38</load_address>
         <run_address>0xd38</run_address>
         <size>0x2c</size>
         <input_file_ref idref="fl-2"/>
      </object_component>
      <object_component id="oc-22b">
         <name>.debug_info</name>
         <load_address>0xd64</load_address>
         <run_address>0xd64</run_address>
         <size>0x76</size>
         <input_file_ref idref="fl-2"/>
      </object_component>
      <object_component id="oc-254">
         <name>.debug_info</name>
         <load_address>0xdda</load_address>
         <run_address>0xdda</run_address>
         <size>0x225</size>
         <input_file_ref idref="fl-3"/>
      </object_component>
      <object_component id="oc-24e">
         <name>.debug_info</name>
         <load_address>0xfff</load_address>
         <run_address>0xfff</run_address>
         <size>0x125</size>
         <input_file_ref idref="fl-3"/>
      </object_component>
      <object_component id="oc-251">
         <name>.debug_info</name>
         <load_address>0x1124</load_address>
         <run_address>0x1124</run_address>
         <size>0x125</size>
         <input_file_ref idref="fl-3"/>
      </object_component>
      <object_component id="oc-245">
         <name>.debug_info</name>
         <load_address>0x1249</load_address>
         <run_address>0x1249</run_address>
         <size>0x3de</size>
         <input_file_ref idref="fl-3"/>
      </object_component>
      <object_component id="oc-248">
         <name>.debug_info</name>
         <load_address>0x1627</load_address>
         <run_address>0x1627</run_address>
         <size>0x1ee</size>
         <input_file_ref idref="fl-3"/>
      </object_component>
      <object_component id="oc-1d4">
         <name>.debug_info</name>
         <load_address>0x1815</load_address>
         <run_address>0x1815</run_address>
         <size>0x23f</size>
         <input_file_ref idref="fl-3"/>
      </object_component>
      <object_component id="oc-1da">
         <name>.debug_info</name>
         <load_address>0x1a54</load_address>
         <run_address>0x1a54</run_address>
         <size>0x2e2</size>
         <input_file_ref idref="fl-3"/>
      </object_component>
      <object_component id="oc-242">
         <name>.debug_info</name>
         <load_address>0x1d36</load_address>
         <run_address>0x1d36</run_address>
         <size>0x2bc</size>
         <input_file_ref idref="fl-4"/>
      </object_component>
      <object_component id="oc-23f">
         <name>.debug_info</name>
         <load_address>0x1ff2</load_address>
         <run_address>0x1ff2</run_address>
         <size>0x11d</size>
         <input_file_ref idref="fl-4"/>
      </object_component>
      <object_component id="oc-232">
         <name>.debug_info</name>
         <load_address>0x210f</load_address>
         <run_address>0x210f</run_address>
         <size>0x27c</size>
         <input_file_ref idref="fl-4"/>
      </object_component>
      <object_component id="oc-1c7">
         <name>.debug_info</name>
         <load_address>0x238b</load_address>
         <run_address>0x238b</run_address>
         <size>0x26b</size>
         <input_file_ref idref="fl-4"/>
      </object_component>
      <object_component id="oc-1a6">
         <name>.debug_info</name>
         <load_address>0x25f6</load_address>
         <run_address>0x25f6</run_address>
         <size>0x1ac</size>
         <input_file_ref idref="fl-4"/>
      </object_component>
      <object_component id="oc-1ce">
         <name>.debug_info</name>
         <load_address>0x27a2</load_address>
         <run_address>0x27a2</run_address>
         <size>0x23c</size>
         <input_file_ref idref="fl-4"/>
      </object_component>
      <object_component id="oc-1ae">
         <name>.debug_info</name>
         <load_address>0x29de</load_address>
         <run_address>0x29de</run_address>
         <size>0x1f4</size>
         <input_file_ref idref="fl-5"/>
      </object_component>
      <object_component id="oc-158">
         <name>.debug_info</name>
         <load_address>0x2bd2</load_address>
         <run_address>0x2bd2</run_address>
         <size>0x2b0</size>
         <input_file_ref idref="fl-6"/>
      </object_component>
      <object_component id="oc-ef">
         <name>.debug_info</name>
         <load_address>0x2e82</load_address>
         <run_address>0x2e82</run_address>
         <size>0x1ce</size>
         <input_file_ref idref="fl-6"/>
      </object_component>
      <object_component id="oc-1c1">
         <name>.debug_info</name>
         <load_address>0x3050</load_address>
         <run_address>0x3050</run_address>
         <size>0x1c3</size>
         <input_file_ref idref="fl-6"/>
      </object_component>
      <object_component id="oc-1b5">
         <name>.debug_info</name>
         <load_address>0x3213</load_address>
         <run_address>0x3213</run_address>
         <size>0x1ff</size>
         <input_file_ref idref="fl-6"/>
      </object_component>
      <object_component id="oc-1bb">
         <name>.debug_info</name>
         <load_address>0x3412</load_address>
         <run_address>0x3412</run_address>
         <size>0x1cd</size>
         <input_file_ref idref="fl-6"/>
      </object_component>
      <object_component id="oc-154">
         <name>.debug_info</name>
         <load_address>0x35df</load_address>
         <run_address>0x35df</run_address>
         <size>0x496</size>
         <input_file_ref idref="fl-7"/>
      </object_component>
      <object_component id="oc-14d">
         <name>.debug_info</name>
         <load_address>0x3a75</load_address>
         <run_address>0x3a75</run_address>
         <size>0x122</size>
         <input_file_ref idref="fl-7"/>
      </object_component>
      <object_component id="oc-151">
         <name>.debug_info</name>
         <load_address>0x3b97</load_address>
         <run_address>0x3b97</run_address>
         <size>0x122</size>
         <input_file_ref idref="fl-7"/>
      </object_component>
      <object_component id="oc-14a">
         <name>.debug_info</name>
         <load_address>0x3cb9</load_address>
         <run_address>0x3cb9</run_address>
         <size>0x15e</size>
         <input_file_ref idref="fl-7"/>
      </object_component>
      <object_component id="oc-e2">
         <name>.debug_info</name>
         <load_address>0x3e17</load_address>
         <run_address>0x3e17</run_address>
         <size>0x1c4</size>
         <input_file_ref idref="fl-7"/>
      </object_component>
      <object_component id="oc-e8">
         <name>.debug_info</name>
         <load_address>0x3fdb</load_address>
         <run_address>0x3fdb</run_address>
         <size>0x1c4</size>
         <input_file_ref idref="fl-7"/>
      </object_component>
      <object_component id="oc-2eb">
         <name>.debug_info</name>
         <load_address>0x419f</load_address>
         <run_address>0x419f</run_address>
         <size>0x17d</size>
         <input_file_ref idref="fl-23"/>
      </object_component>
      <object_component id="oc-26a">
         <name>.debug_info</name>
         <load_address>0x431c</load_address>
         <run_address>0x431c</run_address>
         <size>0x31d</size>
         <input_file_ref idref="fl-23"/>
      </object_component>
      <object_component id="oc-33e">
         <name>.debug_info</name>
         <load_address>0x4639</load_address>
         <run_address>0x4639</run_address>
         <size>0x46</size>
         <input_file_ref idref="fl-23"/>
      </object_component>
      <object_component id="oc-2e6">
         <name>.debug_info</name>
         <load_address>0x467f</load_address>
         <run_address>0x467f</run_address>
         <size>0x39</size>
         <input_file_ref idref="fl-23"/>
      </object_component>
      <object_component id="oc-2d3">
         <name>.debug_info</name>
         <load_address>0x46b8</load_address>
         <run_address>0x46b8</run_address>
         <size>0x123</size>
         <input_file_ref idref="fl-24"/>
      </object_component>
      <object_component id="oc-2ae">
         <name>.debug_info</name>
         <load_address>0x47db</load_address>
         <run_address>0x47db</run_address>
         <size>0x138</size>
         <input_file_ref idref="fl-25"/>
      </object_component>
      <object_component id="oc-257">
         <name>.debug_info</name>
         <load_address>0x4913</load_address>
         <run_address>0x4913</run_address>
         <size>0x124</size>
         <input_file_ref idref="fl-26"/>
      </object_component>
      <object_component id="oc-c2">
         <name>.debug_info</name>
         <load_address>0x4a37</load_address>
         <run_address>0x4a37</run_address>
         <size>0x131</size>
         <input_file_ref idref="fl-27"/>
      </object_component>
      <object_component id="oc-dd">
         <name>.debug_info</name>
         <load_address>0x4b68</load_address>
         <run_address>0x4b68</run_address>
         <size>0x112</size>
         <input_file_ref idref="fl-32"/>
      </object_component>
      <object_component id="oc-b6">
         <name>.debug_info</name>
         <load_address>0x4c7a</load_address>
         <run_address>0x4c7a</run_address>
         <size>0x123</size>
         <input_file_ref idref="fl-33"/>
      </object_component>
      <object_component id="oc-2e2">
         <name>.debug_info</name>
         <load_address>0x4d9d</load_address>
         <run_address>0x4d9d</run_address>
         <size>0x123</size>
         <input_file_ref idref="fl-34"/>
      </object_component>
      <object_component id="oc-31d">
         <name>.debug_info</name>
         <load_address>0x4ec0</load_address>
         <run_address>0x4ec0</run_address>
         <size>0x129</size>
         <input_file_ref idref="fl-34"/>
      </object_component>
      <object_component id="oc-bc">
         <name>.debug_info</name>
         <load_address>0x4fe9</load_address>
         <run_address>0x4fe9</run_address>
         <size>0x123</size>
         <input_file_ref idref="fl-35"/>
      </object_component>
      <object_component id="oc-2de">
         <name>.debug_info</name>
         <load_address>0x510c</load_address>
         <run_address>0x510c</run_address>
         <size>0x123</size>
         <input_file_ref idref="fl-36"/>
      </object_component>
      <object_component id="oc-2d7">
         <name>.debug_info</name>
         <load_address>0x522f</load_address>
         <run_address>0x522f</run_address>
         <size>0x129</size>
         <input_file_ref idref="fl-36"/>
      </object_component>
      <object_component id="oc-25d">
         <name>.debug_info</name>
         <load_address>0x5358</load_address>
         <run_address>0x5358</run_address>
         <size>0x124</size>
         <input_file_ref idref="fl-37"/>
      </object_component>
      <object_component id="oc-b2">
         <name>.debug_info</name>
         <load_address>0x547c</load_address>
         <run_address>0x547c</run_address>
         <size>0x100</size>
         <input_file_ref idref="fl-38"/>
      </object_component>
      <object_component id="oc-106">
         <name>.debug_info</name>
         <load_address>0x557c</load_address>
         <run_address>0x557c</run_address>
         <size>0x17a</size>
         <input_file_ref idref="fl-38"/>
      </object_component>
      <object_component id="oc-28c">
         <name>.debug_info</name>
         <load_address>0x56f6</load_address>
         <run_address>0x56f6</run_address>
         <size>0x47d</size>
         <input_file_ref idref="fl-39"/>
      </object_component>
      <object_component id="oc-1ef">
         <name>.debug_info</name>
         <load_address>0x5b73</load_address>
         <run_address>0x5b73</run_address>
         <size>0x1e0</size>
         <input_file_ref idref="fl-39"/>
      </object_component>
      <object_component id="oc-30a">
         <name>.debug_info</name>
         <load_address>0x5d53</load_address>
         <run_address>0x5d53</run_address>
         <size>0x39</size>
         <input_file_ref idref="fl-39"/>
      </object_component>
      <object_component id="oc-316">
         <name>.debug_info</name>
         <load_address>0x5d8c</load_address>
         <run_address>0x5d8c</run_address>
         <size>0x2c</size>
         <input_file_ref idref="fl-39"/>
      </object_component>
      <object_component id="oc-297">
         <name>.debug_info</name>
         <load_address>0x5db8</load_address>
         <run_address>0x5db8</run_address>
         <size>0x2c</size>
         <input_file_ref idref="fl-39"/>
      </object_component>
      <object_component id="oc-30f">
         <name>.debug_info</name>
         <load_address>0x5de4</load_address>
         <run_address>0x5de4</run_address>
         <size>0xcd</size>
         <input_file_ref idref="fl-39"/>
      </object_component>
      <object_component id="oc-163">
         <name>.debug_info</name>
         <load_address>0x5eb1</load_address>
         <run_address>0x5eb1</run_address>
         <size>0x1bf</size>
         <input_file_ref idref="fl-3a"/>
      </object_component>
      <object_component id="oc-f5">
         <name>.debug_info</name>
         <load_address>0x6070</load_address>
         <run_address>0x6070</run_address>
         <size>0x1d2</size>
         <input_file_ref idref="fl-3a"/>
      </object_component>
      <object_component id="oc-15e">
         <name>.debug_info</name>
         <load_address>0x6242</load_address>
         <run_address>0x6242</run_address>
         <size>0x46</size>
         <input_file_ref idref="fl-3a"/>
      </object_component>
      <object_component id="oc-169">
         <name>.debug_info</name>
         <load_address>0x6288</load_address>
         <run_address>0x6288</run_address>
         <size>0x153</size>
         <input_file_ref idref="fl-3e"/>
      </object_component>
      <object_component id="oc-286">
         <name>.debug_info</name>
         <load_address>0x63db</load_address>
         <run_address>0x63db</run_address>
         <size>0x150</size>
         <input_file_ref idref="fl-3f"/>
      </object_component>
      <object_component id="oc-db">
         <name>.debug_info</name>
         <load_address>0x652b</load_address>
         <run_address>0x652b</run_address>
         <size>0x180</size>
         <input_file_ref idref="fl-40"/>
      </object_component>
      <object_component id="oc-3b">
         <name>.debug_info</name>
         <load_address>0x66ab</load_address>
         <run_address>0x66ab</run_address>
         <size>0x1ea</size>
         <input_file_ref idref="fl-40"/>
      </object_component>
      <object_component id="oc-d6">
         <name>.debug_info</name>
         <load_address>0x6895</load_address>
         <run_address>0x6895</run_address>
         <size>0x46</size>
         <input_file_ref idref="fl-40"/>
      </object_component>
      <object_component id="oc-141">
         <name>.debug_info</name>
         <load_address>0x68db</load_address>
         <run_address>0x68db</run_address>
         <size>0x2c</size>
         <input_file_ref idref="fl-40"/>
      </object_component>
      <object_component id="oc-139">
         <name>.debug_info</name>
         <load_address>0x6907</load_address>
         <run_address>0x6907</run_address>
         <size>0x176</size>
         <input_file_ref idref="fl-41"/>
      </object_component>
      <object_component id="oc-36">
         <name>.debug_info</name>
         <load_address>0x6a7d</load_address>
         <run_address>0x6a7d</run_address>
         <size>0x292</size>
         <input_file_ref idref="fl-41"/>
      </object_component>
      <object_component id="oc-c5">
         <name>.debug_info</name>
         <load_address>0x6d0f</load_address>
         <run_address>0x6d0f</run_address>
         <size>0x60</size>
         <input_file_ref idref="fl-41"/>
      </object_component>
      <object_component id="oc-187">
         <name>.debug_info</name>
         <load_address>0x6d6f</load_address>
         <run_address>0x6d6f</run_address>
         <size>0x46</size>
         <input_file_ref idref="fl-41"/>
      </object_component>
      <object_component id="oc-134">
         <name>.debug_info</name>
         <load_address>0x6db5</load_address>
         <run_address>0x6db5</run_address>
         <size>0x39</size>
         <input_file_ref idref="fl-41"/>
      </object_component>
      <object_component id="oc-337">
         <name>.debug_info</name>
         <load_address>0x6dee</load_address>
         <run_address>0x6dee</run_address>
         <size>0x1a7</size>
         <input_file_ref idref="fl-42"/>
      </object_component>
      <object_component id="oc-2c9">
         <name>.debug_info</name>
         <load_address>0x6f95</load_address>
         <run_address>0x6f95</run_address>
         <size>0x257</size>
         <input_file_ref idref="fl-42"/>
      </object_component>
      <object_component id="oc-32a">
         <name>.debug_info</name>
         <load_address>0x71ec</load_address>
         <run_address>0x71ec</run_address>
         <size>0x94</size>
         <input_file_ref idref="fl-42"/>
      </object_component>
      <object_component id="oc-26d">
         <name>.debug_info</name>
         <load_address>0x7280</load_address>
         <run_address>0x7280</run_address>
         <size>0x16b</size>
         <input_file_ref idref="fl-43"/>
      </object_component>
      <object_component id="oc-2ed">
         <name>.debug_info</name>
         <load_address>0x73eb</load_address>
         <run_address>0x73eb</run_address>
         <size>0x1c0</size>
         <input_file_ref idref="fl-44"/>
      </object_component>
      <object_component id="oc-261">
         <name>.debug_info</name>
         <load_address>0x75ab</load_address>
         <run_address>0x75ab</run_address>
         <size>0x166</size>
         <input_file_ref idref="fl-45"/>
      </object_component>
      <object_component id="oc-322">
         <name>.debug_info</name>
         <load_address>0x7711</load_address>
         <run_address>0x7711</run_address>
         <size>0x16b</size>
         <input_file_ref idref="fl-46"/>
      </object_component>
      <object_component id="oc-2bc">
         <name>.debug_info</name>
         <load_address>0x787c</load_address>
         <run_address>0x787c</run_address>
         <size>0x1e3</size>
         <input_file_ref idref="fl-46"/>
      </object_component>
      <object_component id="oc-36f">
         <name>.debug_info</name>
         <load_address>0x7a5f</load_address>
         <run_address>0x7a5f</run_address>
         <size>0x1a0</size>
         <input_file_ref idref="fl-47"/>
      </object_component>
      <object_component id="oc-331">
         <name>.debug_info</name>
         <load_address>0x7bff</load_address>
         <run_address>0x7bff</run_address>
         <size>0x329</size>
         <input_file_ref idref="fl-47"/>
      </object_component>
      <object_component id="oc-32f">
         <name>.debug_info</name>
         <load_address>0x7f28</load_address>
         <run_address>0x7f28</run_address>
         <size>0x1a2</size>
         <input_file_ref idref="fl-48"/>
      </object_component>
      <object_component id="oc-2c3">
         <name>.debug_info</name>
         <load_address>0x80ca</load_address>
         <run_address>0x80ca</run_address>
         <size>0x2e0</size>
         <input_file_ref idref="fl-48"/>
      </object_component>
      <object_component id="oc-378">
         <name>.debug_info</name>
         <load_address>0x83aa</load_address>
         <run_address>0x83aa</run_address>
         <size>0x172</size>
         <input_file_ref idref="fl-49"/>
      </object_component>
      <object_component id="oc-369">
         <name>.debug_info</name>
         <load_address>0x851c</load_address>
         <run_address>0x851c</run_address>
         <size>0x1f9</size>
         <input_file_ref idref="fl-49"/>
      </object_component>
      <object_component id="oc-2cf">
         <name>.debug_info</name>
         <load_address>0x8715</load_address>
         <run_address>0x8715</run_address>
         <size>0xfe</size>
         <input_file_ref idref="fl-4a"/>
      </object_component>
      <object_component id="oc-1e2">
         <name>.debug_info</name>
         <load_address>0x8813</load_address>
         <run_address>0x8813</run_address>
         <size>0x122</size>
         <input_file_ref idref="fl-4b"/>
      </object_component>
      <object_component id="oc-13b">
         <name>.debug_info</name>
         <load_address>0x8935</load_address>
         <run_address>0x8935</run_address>
         <size>0x181</size>
         <input_file_ref idref="fl-4e"/>
      </object_component>
      <object_component id="oc-d1">
         <name>.debug_info</name>
         <load_address>0x8ab6</load_address>
         <run_address>0x8ab6</run_address>
         <size>0x17a</size>
         <input_file_ref idref="fl-4e"/>
      </object_component>
      <object_component id="oc-366">
         <name>.debug_info</name>
         <load_address>0x8c30</load_address>
         <run_address>0x8c30</run_address>
         <size>0x123</size>
         <input_file_ref idref="fl-50"/>
      </object_component>
      <object_component id="oc-357">
         <name>.debug_info</name>
         <load_address>0x8d53</load_address>
         <run_address>0x8d53</run_address>
         <size>0x129</size>
         <input_file_ref idref="fl-50"/>
      </object_component>
      <object_component id="oc-360">
         <name>.debug_info</name>
         <load_address>0x8e7c</load_address>
         <run_address>0x8e7c</run_address>
         <size>0x172</size>
         <input_file_ref idref="fl-52"/>
      </object_component>
      <object_component id="oc-325">
         <name>.debug_info</name>
         <load_address>0x8fee</load_address>
         <run_address>0x8fee</run_address>
         <size>0x3ab</size>
         <input_file_ref idref="fl-52"/>
      </object_component>
      <object_component id="oc-35d">
         <name>.debug_info</name>
         <load_address>0x9399</load_address>
         <run_address>0x9399</run_address>
         <size>0x124</size>
         <input_file_ref idref="fl-53"/>
      </object_component>
      <object_component id="oc-3c1">
         <name>.debug_info</name>
         <load_address>0x94bd</load_address>
         <run_address>0x94bd</run_address>
         <size>0xc0</size>
      </object_component>
      <object_component id="oc-225">
         <name>.debug_line</name>
         <load_address>0x0</load_address>
         <run_address>0x0</run_address>
         <size>0x18a</size>
         <input_file_ref idref="fl-2"/>
      </object_component>
      <object_component id="oc-239">
         <name>.debug_line</name>
         <load_address>0x18a</load_address>
         <run_address>0x18a</run_address>
         <size>0x2d</size>
         <input_file_ref idref="fl-2"/>
      </object_component>
      <object_component id="oc-16c">
         <name>.debug_line</name>
         <load_address>0x1b7</load_address>
         <run_address>0x1b7</run_address>
         <size>0x6e</size>
         <input_file_ref idref="fl-2"/>
      </object_component>
      <object_component id="oc-19b">
         <name>.debug_line</name>
         <load_address>0x225</load_address>
         <run_address>0x225</run_address>
         <size>0x7d</size>
         <input_file_ref idref="fl-2"/>
      </object_component>
      <object_component id="oc-cd">
         <name>.debug_line</name>
         <load_address>0x2a2</load_address>
         <run_address>0x2a2</run_address>
         <size>0x20</size>
         <input_file_ref idref="fl-2"/>
      </object_component>
      <object_component id="oc-222">
         <name>.debug_line</name>
         <load_address>0x2c2</load_address>
         <run_address>0x2c2</run_address>
         <size>0x81</size>
         <input_file_ref idref="fl-2"/>
      </object_component>
      <object_component id="oc-229">
         <name>.debug_line</name>
         <load_address>0x343</load_address>
         <run_address>0x343</run_address>
         <size>0x7e</size>
         <input_file_ref idref="fl-2"/>
      </object_component>
      <object_component id="oc-13f">
         <name>.debug_line</name>
         <load_address>0x3c1</load_address>
         <run_address>0x3c1</run_address>
         <size>0x79</size>
         <input_file_ref idref="fl-2"/>
      </object_component>
      <object_component id="oc-22e">
         <name>.debug_line</name>
         <load_address>0x43a</load_address>
         <run_address>0x43a</run_address>
         <size>0x63</size>
         <input_file_ref idref="fl-2"/>
      </object_component>
      <object_component id="oc-2b8">
         <name>.debug_line</name>
         <load_address>0x49d</load_address>
         <run_address>0x49d</run_address>
         <size>0xbc</size>
         <input_file_ref idref="fl-3"/>
      </object_component>
      <object_component id="oc-2b4">
         <name>.debug_line</name>
         <load_address>0x559</load_address>
         <run_address>0x559</run_address>
         <size>0x69</size>
         <input_file_ref idref="fl-3"/>
      </object_component>
      <object_component id="oc-2b6">
         <name>.debug_line</name>
         <load_address>0x5c2</load_address>
         <run_address>0x5c2</run_address>
         <size>0x69</size>
         <input_file_ref idref="fl-3"/>
      </object_component>
      <object_component id="oc-2ac">
         <name>.debug_line</name>
         <load_address>0x62b</load_address>
         <run_address>0x62b</run_address>
         <size>0x65</size>
         <input_file_ref idref="fl-3"/>
      </object_component>
      <object_component id="oc-24b">
         <name>.debug_line</name>
         <load_address>0x690</load_address>
         <run_address>0x690</run_address>
         <size>0x7b</size>
         <input_file_ref idref="fl-3"/>
      </object_component>
      <object_component id="oc-1d7">
         <name>.debug_line</name>
         <load_address>0x70b</load_address>
         <run_address>0x70b</run_address>
         <size>0x82</size>
         <input_file_ref idref="fl-3"/>
      </object_component>
      <object_component id="oc-1dd">
         <name>.debug_line</name>
         <load_address>0x78d</load_address>
         <run_address>0x78d</run_address>
         <size>0x117</size>
         <input_file_ref idref="fl-3"/>
      </object_component>
      <object_component id="oc-2aa">
         <name>.debug_line</name>
         <load_address>0x8a4</load_address>
         <run_address>0x8a4</run_address>
         <size>0x66</size>
         <input_file_ref idref="fl-4"/>
      </object_component>
      <object_component id="oc-2a8">
         <name>.debug_line</name>
         <load_address>0x90a</load_address>
         <run_address>0x90a</run_address>
         <size>0x5f</size>
         <input_file_ref idref="fl-4"/>
      </object_component>
      <object_component id="oc-235">
         <name>.debug_line</name>
         <load_address>0x969</load_address>
         <run_address>0x969</run_address>
         <size>0x98</size>
         <input_file_ref idref="fl-4"/>
      </object_component>
      <object_component id="oc-1cb">
         <name>.debug_line</name>
         <load_address>0xa01</load_address>
         <run_address>0xa01</run_address>
         <size>0x9d</size>
         <input_file_ref idref="fl-4"/>
      </object_component>
      <object_component id="oc-1a9">
         <name>.debug_line</name>
         <load_address>0xa9e</load_address>
         <run_address>0xa9e</run_address>
         <size>0x7b</size>
         <input_file_ref idref="fl-4"/>
      </object_component>
      <object_component id="oc-1d2">
         <name>.debug_line</name>
         <load_address>0xb19</load_address>
         <run_address>0xb19</run_address>
         <size>0x92</size>
         <input_file_ref idref="fl-4"/>
      </object_component>
      <object_component id="oc-1ad">
         <name>.debug_line</name>
         <load_address>0xbab</load_address>
         <run_address>0xbab</run_address>
         <size>0x82</size>
         <input_file_ref idref="fl-5"/>
      </object_component>
      <object_component id="oc-19e">
         <name>.debug_line</name>
         <load_address>0xc2d</load_address>
         <run_address>0xc2d</run_address>
         <size>0xaa</size>
         <input_file_ref idref="fl-6"/>
      </object_component>
      <object_component id="oc-ee">
         <name>.debug_line</name>
         <load_address>0xcd7</load_address>
         <run_address>0xcd7</run_address>
         <size>0x7b</size>
         <input_file_ref idref="fl-6"/>
      </object_component>
      <object_component id="oc-1c4">
         <name>.debug_line</name>
         <load_address>0xd52</load_address>
         <run_address>0xd52</run_address>
         <size>0x7a</size>
         <input_file_ref idref="fl-6"/>
      </object_component>
      <object_component id="oc-1b8">
         <name>.debug_line</name>
         <load_address>0xdcc</load_address>
         <run_address>0xdcc</run_address>
         <size>0x78</size>
         <input_file_ref idref="fl-6"/>
      </object_component>
      <object_component id="oc-1be">
         <name>.debug_line</name>
         <load_address>0xe44</load_address>
         <run_address>0xe44</run_address>
         <size>0x7c</size>
         <input_file_ref idref="fl-6"/>
      </object_component>
      <object_component id="oc-197">
         <name>.debug_line</name>
         <load_address>0xec0</load_address>
         <run_address>0xec0</run_address>
         <size>0x144</size>
         <input_file_ref idref="fl-7"/>
      </object_component>
      <object_component id="oc-193">
         <name>.debug_line</name>
         <load_address>0x1004</load_address>
         <run_address>0x1004</run_address>
         <size>0x64</size>
         <input_file_ref idref="fl-7"/>
      </object_component>
      <object_component id="oc-195">
         <name>.debug_line</name>
         <load_address>0x1068</load_address>
         <run_address>0x1068</run_address>
         <size>0x64</size>
         <input_file_ref idref="fl-7"/>
      </object_component>
      <object_component id="oc-191">
         <name>.debug_line</name>
         <load_address>0x10cc</load_address>
         <run_address>0x10cc</run_address>
         <size>0x60</size>
         <input_file_ref idref="fl-7"/>
      </object_component>
      <object_component id="oc-e6">
         <name>.debug_line</name>
         <load_address>0x112c</load_address>
         <run_address>0x112c</run_address>
         <size>0x7e</size>
         <input_file_ref idref="fl-7"/>
      </object_component>
      <object_component id="oc-ec">
         <name>.debug_line</name>
         <load_address>0x11aa</load_address>
         <run_address>0x11aa</run_address>
         <size>0x87</size>
         <input_file_ref idref="fl-7"/>
      </object_component>
      <object_component id="oc-344">
         <name>.debug_line</name>
         <load_address>0x1231</load_address>
         <run_address>0x1231</run_address>
         <size>0x94</size>
         <input_file_ref idref="fl-23"/>
      </object_component>
      <object_component id="oc-269">
         <name>.debug_line</name>
         <load_address>0x12c5</load_address>
         <run_address>0x12c5</run_address>
         <size>0x10f</size>
         <input_file_ref idref="fl-23"/>
      </object_component>
      <object_component id="oc-341">
         <name>.debug_line</name>
         <load_address>0x13d4</load_address>
         <run_address>0x13d4</run_address>
         <size>0x9d</size>
         <input_file_ref idref="fl-23"/>
      </object_component>
      <object_component id="oc-2e9">
         <name>.debug_line</name>
         <load_address>0x1471</load_address>
         <run_address>0x1471</run_address>
         <size>0x9a</size>
         <input_file_ref idref="fl-23"/>
      </object_component>
      <object_component id="oc-2d5">
         <name>.debug_line</name>
         <load_address>0x150b</load_address>
         <run_address>0x150b</run_address>
         <size>0x4e</size>
         <input_file_ref idref="fl-24"/>
      </object_component>
      <object_component id="oc-2b1">
         <name>.debug_line</name>
         <load_address>0x1559</load_address>
         <run_address>0x1559</run_address>
         <size>0x4d</size>
         <input_file_ref idref="fl-25"/>
      </object_component>
      <object_component id="oc-25a">
         <name>.debug_line</name>
         <load_address>0x15a6</load_address>
         <run_address>0x15a6</run_address>
         <size>0x43</size>
         <input_file_ref idref="fl-26"/>
      </object_component>
      <object_component id="oc-c1">
         <name>.debug_line</name>
         <load_address>0x15e9</load_address>
         <run_address>0x15e9</run_address>
         <size>0x40</size>
         <input_file_ref idref="fl-27"/>
      </object_component>
      <object_component id="oc-e0">
         <name>.debug_line</name>
         <load_address>0x1629</load_address>
         <run_address>0x1629</run_address>
         <size>0x3d</size>
         <input_file_ref idref="fl-32"/>
      </object_component>
      <object_component id="oc-b9">
         <name>.debug_line</name>
         <load_address>0x1666</load_address>
         <run_address>0x1666</run_address>
         <size>0x4e</size>
         <input_file_ref idref="fl-33"/>
      </object_component>
      <object_component id="oc-2e1">
         <name>.debug_line</name>
         <load_address>0x16b4</load_address>
         <run_address>0x16b4</run_address>
         <size>0x3e</size>
         <input_file_ref idref="fl-34"/>
      </object_component>
      <object_component id="oc-320">
         <name>.debug_line</name>
         <load_address>0x16f2</load_address>
         <run_address>0x16f2</run_address>
         <size>0x56</size>
         <input_file_ref idref="fl-34"/>
      </object_component>
      <object_component id="oc-be">
         <name>.debug_line</name>
         <load_address>0x1748</load_address>
         <run_address>0x1748</run_address>
         <size>0x5e</size>
         <input_file_ref idref="fl-35"/>
      </object_component>
      <object_component id="oc-2dd">
         <name>.debug_line</name>
         <load_address>0x17a6</load_address>
         <run_address>0x17a6</run_address>
         <size>0x42</size>
         <input_file_ref idref="fl-36"/>
      </object_component>
      <object_component id="oc-2da">
         <name>.debug_line</name>
         <load_address>0x17e8</load_address>
         <run_address>0x17e8</run_address>
         <size>0x65</size>
         <input_file_ref idref="fl-36"/>
      </object_component>
      <object_component id="oc-25c">
         <name>.debug_line</name>
         <load_address>0x184d</load_address>
         <run_address>0x184d</run_address>
         <size>0x42</size>
         <input_file_ref idref="fl-37"/>
      </object_component>
      <object_component id="oc-130">
         <name>.debug_line</name>
         <load_address>0x188f</load_address>
         <run_address>0x188f</run_address>
         <size>0x2a</size>
         <input_file_ref idref="fl-38"/>
      </object_component>
      <object_component id="oc-109">
         <name>.debug_line</name>
         <load_address>0x18b9</load_address>
         <run_address>0x18b9</run_address>
         <size>0x46</size>
         <input_file_ref idref="fl-38"/>
      </object_component>
      <object_component id="oc-309">
         <name>.debug_line</name>
         <load_address>0x18ff</load_address>
         <run_address>0x18ff</run_address>
         <size>0xc2</size>
         <input_file_ref idref="fl-39"/>
      </object_component>
      <object_component id="oc-1f1">
         <name>.debug_line</name>
         <load_address>0x19c1</load_address>
         <run_address>0x19c1</run_address>
         <size>0x76</size>
         <input_file_ref idref="fl-39"/>
      </object_component>
      <object_component id="oc-30d">
         <name>.debug_line</name>
         <load_address>0x1a37</load_address>
         <run_address>0x1a37</run_address>
         <size>0x2e</size>
         <input_file_ref idref="fl-39"/>
      </object_component>
      <object_component id="oc-319">
         <name>.debug_line</name>
         <load_address>0x1a65</load_address>
         <run_address>0x1a65</run_address>
         <size>0x9d</size>
         <input_file_ref idref="fl-39"/>
      </object_component>
      <object_component id="oc-29a">
         <name>.debug_line</name>
         <load_address>0x1b02</load_address>
         <run_address>0x1b02</run_address>
         <size>0x9a</size>
         <input_file_ref idref="fl-39"/>
      </object_component>
      <object_component id="oc-312">
         <name>.debug_line</name>
         <load_address>0x1b9c</load_address>
         <run_address>0x1b9c</run_address>
         <size>0x96</size>
         <input_file_ref idref="fl-39"/>
      </object_component>
      <object_component id="oc-1a0">
         <name>.debug_line</name>
         <load_address>0x1c32</load_address>
         <run_address>0x1c32</run_address>
         <size>0x34</size>
         <input_file_ref idref="fl-3a"/>
      </object_component>
      <object_component id="oc-f4">
         <name>.debug_line</name>
         <load_address>0x1c66</load_address>
         <run_address>0x1c66</run_address>
         <size>0x4d</size>
         <input_file_ref idref="fl-3a"/>
      </object_component>
      <object_component id="oc-161">
         <name>.debug_line</name>
         <load_address>0x1cb3</load_address>
         <run_address>0x1cb3</run_address>
         <size>0x34</size>
         <input_file_ref idref="fl-3a"/>
      </object_component>
      <object_component id="oc-168">
         <name>.debug_line</name>
         <load_address>0x1ce7</load_address>
         <run_address>0x1ce7</run_address>
         <size>0x3e</size>
         <input_file_ref idref="fl-3e"/>
      </object_component>
      <object_component id="oc-289">
         <name>.debug_line</name>
         <load_address>0x1d25</load_address>
         <run_address>0x1d25</run_address>
         <size>0x3a</size>
         <input_file_ref idref="fl-3f"/>
      </object_component>
      <object_component id="oc-147">
         <name>.debug_line</name>
         <load_address>0x1d5f</load_address>
         <run_address>0x1d5f</run_address>
         <size>0x20</size>
         <input_file_ref idref="fl-40"/>
      </object_component>
      <object_component id="oc-3e">
         <name>.debug_line</name>
         <load_address>0x1d7f</load_address>
         <run_address>0x1d7f</run_address>
         <size>0x50</size>
         <input_file_ref idref="fl-40"/>
      </object_component>
      <object_component id="oc-d9">
         <name>.debug_line</name>
         <load_address>0x1dcf</load_address>
         <run_address>0x1dcf</run_address>
         <size>0x3a</size>
         <input_file_ref idref="fl-40"/>
      </object_component>
      <object_component id="oc-144">
         <name>.debug_line</name>
         <load_address>0x1e09</load_address>
         <run_address>0x1e09</run_address>
         <size>0x95</size>
         <input_file_ref idref="fl-40"/>
      </object_component>
      <object_component id="oc-18d">
         <name>.debug_line</name>
         <load_address>0x1e9e</load_address>
         <run_address>0x1e9e</run_address>
         <size>0x20</size>
         <input_file_ref idref="fl-41"/>
      </object_component>
      <object_component id="oc-35">
         <name>.debug_line</name>
         <load_address>0x1ebe</load_address>
         <run_address>0x1ebe</run_address>
         <size>0x92</size>
         <input_file_ref idref="fl-41"/>
      </object_component>
      <object_component id="oc-c8">
         <name>.debug_line</name>
         <load_address>0x1f50</load_address>
         <run_address>0x1f50</run_address>
         <size>0x3a</size>
         <input_file_ref idref="fl-41"/>
      </object_component>
      <object_component id="oc-18a">
         <name>.debug_line</name>
         <load_address>0x1f8a</load_address>
         <run_address>0x1f8a</run_address>
         <size>0x9d</size>
         <input_file_ref idref="fl-41"/>
      </object_component>
      <object_component id="oc-137">
         <name>.debug_line</name>
         <load_address>0x2027</load_address>
         <run_address>0x2027</run_address>
         <size>0x99</size>
         <input_file_ref idref="fl-41"/>
      </object_component>
      <object_component id="oc-371">
         <name>.debug_line</name>
         <load_address>0x20c0</load_address>
         <run_address>0x20c0</run_address>
         <size>0x2d</size>
         <input_file_ref idref="fl-42"/>
      </object_component>
      <object_component id="oc-2cd">
         <name>.debug_line</name>
         <load_address>0x20ed</load_address>
         <run_address>0x20ed</run_address>
         <size>0xcc</size>
         <input_file_ref idref="fl-42"/>
      </object_component>
      <object_component id="oc-32d">
         <name>.debug_line</name>
         <load_address>0x21b9</load_address>
         <run_address>0x21b9</run_address>
         <size>0x2e</size>
         <input_file_ref idref="fl-42"/>
      </object_component>
      <object_component id="oc-270">
         <name>.debug_line</name>
         <load_address>0x21e7</load_address>
         <run_address>0x21e7</run_address>
         <size>0x3d</size>
         <input_file_ref idref="fl-43"/>
      </object_component>
      <object_component id="oc-2f1">
         <name>.debug_line</name>
         <load_address>0x2224</load_address>
         <run_address>0x2224</run_address>
         <size>0x5a</size>
         <input_file_ref idref="fl-44"/>
      </object_component>
      <object_component id="oc-264">
         <name>.debug_line</name>
         <load_address>0x227e</load_address>
         <run_address>0x227e</run_address>
         <size>0x3d</size>
         <input_file_ref idref="fl-45"/>
      </object_component>
      <object_component id="oc-354">
         <name>.debug_line</name>
         <load_address>0x22bb</load_address>
         <run_address>0x22bb</run_address>
         <size>0x20</size>
         <input_file_ref idref="fl-46"/>
      </object_component>
      <object_component id="oc-2bf">
         <name>.debug_line</name>
         <load_address>0x22db</load_address>
         <run_address>0x22db</run_address>
         <size>0x71</size>
         <input_file_ref idref="fl-46"/>
      </object_component>
      <object_component id="oc-37a">
         <name>.debug_line</name>
[...]
      <symbol id="sm-23c">
         <name>__mspabi_divu</name>
         <value>0xd742</value>
         <object_component_ref idref="oc-256"/>
      </symbol>
      <symbol id="sm-245">
         <name>__mspabi_func_epilog_2</name>
         <value>0xd81c</value>
         <object_component_ref idref="oc-bf"/>
      </symbol>
      <symbol id="sm-246">
         <name>__mspabi_func_epilog_3</name>
         <value>0xd81a</value>
         <object_component_ref idref="oc-bf"/>
      </symbol>
      <symbol id="sm-247">
         <name>__mspabi_func_epilog_1</name>
         <value>0xd81e</value>
         <object_component_ref idref="oc-bf"/>
      </symbol>
      <symbol id="sm-248">
         <name>__mspabi_func_epilog_6</name>
         <value>0xd814</value>
         <object_component_ref idref="oc-bf"/>
      </symbol>
      <symbol id="sm-249">
         <name>__mspabi_func_epilog_7</name>
         <value>0xd812</value>
         <object_component_ref idref="oc-bf"/>
      </symbol>
      <symbol id="sm-24a">
         <name>__mspabi_func_epilog_4</name>
         <value>0xd818</value>
         <object_component_ref idref="oc-bf"/>
      </symbol>
      <symbol id="sm-24b">
         <name>__mspabi_func_epilog_5</name>
         <value>0xd816</value>
         <object_component_ref idref="oc-bf"/>
      </symbol>
      <symbol id="sm-24e">
         <name>__TI_int00</name>
         <value>0xffe0</value>
         <object_component_ref idref="oc-40"/>
      </symbol>
      <symbol id="sm-251">
         <name>__TI_int02</name>
         <value>0xffe4</value>
         <object_component_ref idref="oc-41"/>
      </symbol>
      <symbol id="sm-254">
         <name>__TI_int03</name>
         <value>0xffe6</value>
         <object_component_ref idref="oc-42"/>
      </symbol>
      <symbol id="sm-257">
         <name>__TI_int05</name>
         <value>0xffea</value>
         <object_component_ref idref="oc-43"/>
      </symbol>
      <symbol id="sm-25a">
         <name>__TI_int08</name>
         <value>0xfff0</value>
         <object_component_ref idref="oc-46"/>
      </symbol>
      <symbol id="sm-25d">
         <name>__TI_int10</name>
         <value>0xfff4</value>
         <object_component_ref idref="oc-48"/>
      </symbol>
      <symbol id="sm-260">
         <name>__TI_int11</name>
         <value>0xfff6</value>
         <object_component_ref idref="oc-49"/>
      </symbol>
      <symbol id="sm-263">
         <name>__TI_int12</name>
         <value>0xfff8</value>
         <object_component_ref idref="oc-4a"/>
      </symbol>
      <symbol id="sm-266">
         <name>__TI_int13</name>
         <value>0xfffa</value>
         <object_component_ref idref="oc-4b"/>
      </symbol>
      <symbol id="sm-269">
         <name>__TI_int14</name>
         <value>0xfffc</value>
         <object_component_ref idref="oc-4c"/>
      </symbol>
      <symbol id="sm-271">
         <name>__TI_ISR_TRAP</name>
         <value>0xd82c</value>
         <object_component_ref idref="oc-dc"/>
      </symbol>
      <symbol id="sm-279">
         <name>__mspabi_slli</name>
         <value>0xd6bc</value>
         <object_component_ref idref="oc-b5"/>
      </symbol>
      <symbol id="sm-27a">
         <name>__mspabi_slli_9</name>
         <value>0xd6d4</value>
         <object_component_ref idref="oc-b5"/>
      </symbol>
      <symbol id="sm-27b">
         <name>__mspabi_slli_8</name>
         <value>0xd6d6</value>
         <object_component_ref idref="oc-b5"/>
      </symbol>
      <symbol id="sm-27c">
         <name>__mspabi_slli_7</name>
         <value>0xd6d8</value>
         <object_component_ref idref="oc-b5"/>
      </symbol>
      <symbol id="sm-27d">
         <name>__mspabi_slli_6</name>
         <value>0xd6da</value>
         <object_component_ref idref="oc-b5"/>
      </symbol>
      <symbol id="sm-27e">
         <name>__mspabi_slli_5</name>
         <value>0xd6dc</value>
         <object_component_ref idref="oc-b5"/>
      </symbol>
      <symbol id="sm-27f">
         <name>__mspabi_slli_4</name>
         <value>0xd6de</value>
         <object_component_ref idref="oc-b5"/>
      </symbol>
      <symbol id="sm-280">
         <name>__mspabi_slli_3</name>
         <value>0xd6e0</value>
         <object_component_ref idref="oc-b5"/>
      </symbol>
      <symbol id="sm-281">
         <name>__mspabi_slli_2</name>
         <value>0xd6e2</value>
         <object_component_ref idref="oc-b5"/>
      </symbol>
      <symbol id="sm-282">
         <name>__mspabi_slli_1</name>
         <value>0xd6e4</value>
         <object_component_ref idref="oc-b5"/>
      </symbol>
      <symbol id="sm-283">
         <name>__mspabi_slli_15</name>
         <value>0xd6c8</value>
         <object_component_ref idref="oc-b5"/>
      </symbol>
      <symbol id="sm-284">
         <name>__mspabi_slli_14</name>
         <value>0xd6ca</value>
         <object_component_ref idref="oc-b5"/>
      </symbol>
      <symbol id="sm-285">
         <name>__mspabi_slli_13</name>
         <value>0xd6cc</value>
         <object_component_ref idref="oc-b5"/>
      </symbol>
      <symbol id="sm-286">
         <name>__mspabi_slli_12</name>
         <value>0xd6ce</value>
         <object_component_ref idref="oc-b5"/>
      </symbol>
      <symbol id="sm-287">
         <name>__mspabi_slli_11</name>
         <value>0xd6d0</value>
         <object_component_ref idref="oc-b5"/>
      </symbol>
      <symbol id="sm-288">
         <name>__mspabi_slli_10</name>
         <value>0xd6d2</value>
         <object_component_ref idref="oc-b5"/>
      </symbol>
      <symbol id="sm-298">
         <name>__mspabi_slll_9</name>
         <value>0xd5d4</value>
         <object_component_ref idref="oc-31c"/>
      </symbol>
      <symbol id="sm-299">
         <name>__mspabi_slll_8</name>
         <value>0xd5d8</value>
         <object_component_ref idref="oc-31c"/>
      </symbol>
      <symbol id="sm-29a">
         <name>__mspabi_slll_7</name>
         <value>0xd5dc</value>
         <object_component_ref idref="oc-31c"/>
      </symbol>
      <symbol id="sm-29b">
         <name>__mspabi_slll_6</name>
         <value>0xd5e0</value>
         <object_component_ref idref="oc-31c"/>
      </symbol>
      <symbol id="sm-29c">
         <name>__mspabi_slll_5</name>
         <value>0xd5e4</value>
         <object_component_ref idref="oc-31c"/>
      </symbol>
      <symbol id="sm-29d">
         <name>__mspabi_slll_4</name>
         <value>0xd5e8</value>
         <object_component_ref idref="oc-31c"/>
      </symbol>
      <symbol id="sm-29e">
         <name>__mspabi_slll_3</name>
         <value>0xd5ec</value>
         <object_component_ref idref="oc-31c"/>
      </symbol>
      <symbol id="sm-29f">
         <name>__mspabi_slll_2</name>
         <value>0xd5f0</value>
         <object_component_ref idref="oc-31c"/>
      </symbol>
      <symbol id="sm-2a0">
         <name>__mspabi_slll_1</name>
         <value>0xd5f4</value>
         <object_component_ref idref="oc-31c"/>
      </symbol>
      <symbol id="sm-2a1">
         <name>__mspabi_slll</name>
         <value>0xd802</value>
         <object_component_ref idref="oc-2e0"/>
      </symbol>
      <symbol id="sm-2a2">
         <name>__mspabi_slll_15</name>
         <value>0xd5bc</value>
         <object_component_ref idref="oc-31c"/>
      </symbol>
      <symbol id="sm-2a3">
         <name>__mspabi_slll_14</name>
         <value>0xd5c0</value>
         <object_component_ref idref="oc-31c"/>
      </symbol>
      <symbol id="sm-2a4">
         <name>__mspabi_slll_13</name>
         <value>0xd5c4</value>
         <object_component_ref idref="oc-31c"/>
      </symbol>
      <symbol id="sm-2a5">
         <name>__mspabi_slll_12</name>
         <value>0xd5c8</value>
         <object_component_ref idref="oc-31c"/>
      </symbol>
      <symbol id="sm-2a6">
         <name>__mspabi_slll_11</name>
         <value>0xd5cc</value>
         <object_component_ref idref="oc-31c"/>
      </symbol>
      <symbol id="sm-2a7">
         <name>__mspabi_slll_10</name>
         <value>0xd5d0</value>
         <object_component_ref idref="oc-31c"/>
      </symbol>
      <symbol id="sm-2af">
         <name>__mspabi_srli_8</name>
         <value>0xd498</value>
         <object_component_ref idref="oc-ba"/>
      </symbol>
      <symbol id="sm-2b0">
         <name>__mspabi_srli_9</name>
         <value>0xd494</value>
         <object_component_ref idref="oc-ba"/>
      </symbol>
      <symbol id="sm-2b1">
         <name>__mspabi_srli_6</name>
         <value>0xd4a0</value>
         <object_component_ref idref="oc-ba"/>
      </symbol>
      <symbol id="sm-2b2">
         <name>__mspabi_srli_7</name>
         <value>0xd49c</value>
         <object_component_ref idref="oc-ba"/>
      </symbol>
      <symbol id="sm-2b3">
         <name>__mspabi_srli_4</name>
         <value>0xd4a8</value>
         <object_component_ref idref="oc-ba"/>
      </symbol>
      <symbol id="sm-2b4">
         <name>__mspabi_srli_5</name>
         <value>0xd4a4</value>
         <object_component_ref idref="oc-ba"/>
      </symbol>
      <symbol id="sm-2b5">
         <name>__mspabi_srli_2</name>
         <value>0xd4b0</value>
         <object_component_ref idref="oc-ba"/>
      </symbol>
      <symbol id="sm-2b6">
         <name>__mspabi_srli_3</name>
         <value>0xd4ac</value>
         <object_component_ref idref="oc-ba"/>
      </symbol>
      <symbol id="sm-2b7">
         <name>__mspabi_srli_1</name>
         <value>0xd4b4</value>
         <object_component_ref idref="oc-ba"/>
      </symbol>
      <symbol id="sm-2b8">
         <name>__mspabi_srli</name>
         <value>0xd46e</value>
         <object_component_ref idref="oc-ba"/>
      </symbol>
      <symbol id="sm-2b9">
         <name>__mspabi_srli_15</name>
         <value>0xd47c</value>
         <object_component_ref idref="oc-ba"/>
      </symbol>
      <symbol id="sm-2ba">
         <name>__mspabi_srli_14</name>
         <value>0xd480</value>
         <object_component_ref idref="oc-ba"/>
      </symbol>
      <symbol id="sm-2bb">
         <name>__mspabi_srli_13</name>
         <value>0xd484</value>
         <object_component_ref idref="oc-ba"/>
      </symbol>
      <symbol id="sm-2bc">
         <name>__mspabi_srli_12</name>
         <value>0xd488</value>
         <object_component_ref idref="oc-ba"/>
      </symbol>
      <symbol id="sm-2bd">
         <name>__mspabi_srli_11</name>
         <value>0xd48c</value>
         <object_component_ref idref="oc-ba"/>
      </symbol>
      <symbol id="sm-2be">
         <name>__mspabi_srli_10</name>
         <value>0xd490</value>
         <object_component_ref idref="oc-ba"/>
      </symbol>
      <symbol id="sm-2ce">
         <name>__mspabi_srll_8</name>
         <value>0xd43c</value>
         <object_component_ref idref="oc-2d6"/>
      </symbol>
      <symbol id="sm-2cf">
         <name>__mspabi_srll_9</name>
         <value>0xd436</value>
         <object_component_ref idref="oc-2d6"/>
      </symbol>
      <symbol id="sm-2d0">
         <name>__mspabi_srll_6</name>
         <value>0xd448</value>
         <object_component_ref idref="oc-2d6"/>
      </symbol>
      <symbol id="sm-2d1">
         <name>__mspabi_srll_7</name>
         <value>0xd442</value>
         <object_component_ref idref="oc-2d6"/>
      </symbol>
      <symbol id="sm-2d2">
         <name>__mspabi_srll_4</name>
         <value>0xd454</value>
         <object_component_ref idref="oc-2d6"/>
      </symbol>
      <symbol id="sm-2d3">
         <name>__mspabi_srll_5</name>
         <value>0xd44e</value>
         <object_component_ref idref="oc-2d6"/>
      </symbol>
      <symbol id="sm-2d4">
         <name>__mspabi_srll_2</name>
         <value>0xd460</value>
         <object_component_ref idref="oc-2d6"/>
      </symbol>
      <symbol id="sm-2d5">
         <name>__mspabi_srll_3</name>
         <value>0xd45a</value>
         <object_component_ref idref="oc-2d6"/>
      </symbol>
      <symbol id="sm-2d6">
         <name>__mspabi_srll_1</name>
         <value>0xd466</value>
         <object_component_ref idref="oc-2d6"/>
      </symbol>
      <symbol id="sm-2d7">
         <name>__mspabi_srll_15</name>
         <value>0xd412</value>
         <object_component_ref idref="oc-2d6"/>
      </symbol>
      <symbol id="sm-2d8">
         <name>__mspabi_srll_14</name>
         <value>0xd418</value>
         <object_component_ref idref="oc-2d6"/>
      </symbol>
      <symbol id="sm-2d9">
         <name>__mspabi_srll_13</name>
         <value>0xd41e</value>
         <object_component_ref idref="oc-2d6"/>
      </symbol>
      <symbol id="sm-2da">
         <name>__mspabi_srll_12</name>
         <value>0xd424</value>
         <object_component_ref idref="oc-2d6"/>
      </symbol>
      <symbol id="sm-2db">
         <name>__mspabi_srll_11</name>
         <value>0xd42a</value>
         <object_component_ref idref="oc-2d6"/>
      </symbol>
      <symbol id="sm-2dc">
         <name>__mspabi_srll_10</name>
         <value>0xd430</value>
         <object_component_ref idref="oc-2d6"/>
      </symbol>
      <symbol id="sm-2dd">
         <name>__mspabi_srll</name>
         <value>0xd7ce</value>
         <object_component_ref idref="oc-2db"/>
      </symbol>
      <symbol id="sm-2e7">
         <name>__mspabi_mpyi_sw</name>
         <value>0xd796</value>
         <object_component_ref idref="oc-25b"/>
      </symbol>
      <symbol id="sm-2e8">
         <name>__mspabi_mpyi</name>
         <value>0xd796</value>
         <object_component_ref idref="oc-25b"/>
      </symbol>
      <symbol id="sm-2f8">
         <name>_stack</name>
         <value>0x3b0</value>
         <object_component_ref idref="oc-b1"/>
      </symbol>
      <symbol id="sm-2f9">
         <name>_c_int00_noargs</name>
         <value>0xd70e</value>
         <object_component_ref idref="oc-105"/>
      </symbol>
      <symbol id="sm-2fa">
         <name>_reset_vector</name>
         <value>0xfffe</value>
         <object_component_ref idref="oc-b4"/>
      </symbol>
      <symbol id="sm-31c">
         <name>__TI_auto_init_nobinit_nopinit</name>
         <value>0xd4ba</value>
         <object_component_ref idref="oc-1ec"/>
      </symbol>
      <symbol id="sm-32f">
         <name>__TI_zero_init_nomemset</name>
         <value>0xd782</value>
         <object_component_ref idref="oc-f3"/>
      </symbol>
      <symbol id="sm-33b">
         <name>_system_pre_init</name>
         <value>0xd846</value>
         <object_component_ref idref="oc-165"/>
      </symbol>
      <symbol id="sm-344">
         <name>_system_post_cinit</name>
         <value>0xd84a</value>
         <object_component_ref idref="oc-285"/>
      </symbol>
      <symbol id="sm-35a">
         <name>__TI_decompress_none</name>
         <value>0xd7bc</value>
         <object_component_ref idref="oc-3a"/>
      </symbol>
      <symbol id="sm-37d">
         <name>__TI_decompress_lzss</name>
         <value>0xd24e</value>
         <object_component_ref idref="oc-34"/>
      </symbol>
      <symbol id="sm-3a4">
         <name>__mspabi_addd</name>
         <value>0xc000</value>
         <object_component_ref idref="oc-2c8"/>
      </symbol>
      <symbol id="sm-3af">
         <name>__mspabi_fixdu</name>
         <value>0xd7aa</value>
         <object_component_ref idref="oc-26c"/>
      </symbol>
      <symbol id="sm-3bf">
         <name>__mspabi_fixdul</name>
         <value>0xd340</value>
         <object_component_ref idref="oc-2ec"/>
      </symbol>
      <symbol id="sm-3c8">
         <name>__mspabi_fltud</name>
         <value>0xd834</value>
         <object_component_ref idref="oc-260"/>
      </symbol>
      <symbol id="sm-3dd">
         <name>__mspabi_fltuld</name>
         <value>0xd13a</value>
         <object_component_ref idref="oc-2bb"/>
      </symbol>
      <symbol id="sm-3fe">
         <name>__TI_frcaddd</name>
         <value>0xcae6</value>
         <object_component_ref idref="oc-330"/>
      </symbol>
      <symbol id="sm-420">
         <name>__mspabi_mpyd</name>
         <value>0xc878</value>
         <object_component_ref idref="oc-2c2"/>
      </symbol>
      <symbol id="sm-433">
         <name>__TI_renormd</name>
         <value>0xcf2a</value>
         <object_component_ref idref="oc-368"/>
      </symbol>
      <symbol id="sm-43a">
         <name>errno</name>
         <value>0x3ac</value>
         <object_component_ref idref="oc-2ce"/>
      </symbol>
      <symbol id="sm-444">
         <name>C$$EXIT</name>
         <value>0xd83a</value>
         <object_component_ref idref="oc-1e0"/>
      </symbol>
      <symbol id="sm-445">
         <name>abort</name>
         <value>0xd83a</value>
         <object_component_ref idref="oc-1e0"/>
      </symbol>
      <symbol id="sm-455">
         <name>memcpy</name>
         <value>0xd7e0</value>
         <object_component_ref idref="oc-cf"/>
      </symbol>
      <symbol id="sm-466">
         <name>__mspabi_sral</name>
         <value>0xd7f2</value>
         <object_component_ref idref="oc-363"/>
      </symbol>
      <symbol id="sm-467">
         <name>__mspabi_sral_15</name>
         <value>0xd57e</value>
         <object_component_ref idref="oc-355"/>
      </symbol>
      <symbol id="sm-468">
         <name>__mspabi_sral_14</name>
         <value>0xd582</value>
         <object_component_ref idref="oc-355"/>
      </symbol>
      <symbol id="sm-469">
         <name>__mspabi_sral_13</name>
         <value>0xd586</value>
         <object_component_ref idref="oc-355"/>
      </symbol>
      <symbol id="sm-46a">
         <name>__mspabi_sral_12</name>
         <value>0xd58a</value>
         <object_component_ref idref="oc-355"/>
      </symbol>
      <symbol id="sm-46b">
         <name>__mspabi_sral_11</name>
         <value>0xd58e</value>
         <object_component_ref idref="oc-355"/>
      </symbol>
      <symbol id="sm-46c">
         <name>__mspabi_sral_10</name>
         <value>0xd592</value>
         <object_component_ref idref="oc-355"/>
      </symbol>
      <symbol id="sm-46d">
         <name>__mspabi_sral_8</name>
         <value>0xd59a</value>
         <object_component_ref idref="oc-355"/>
      </symbol>
      <symbol id="sm-46e">
         <name>__mspabi_sral_9</name>
         <value>0xd596</value>
         <object_component_ref idref="oc-355"/>
      </symbol>
      <symbol id="sm-46f">
         <name>__mspabi_sral_6</name>
         <value>0xd5a2</value>
         <object_component_ref idref="oc-355"/>
      </symbol>
      <symbol id="sm-470">
         <name>__mspabi_sral_7</name>
         <value>0xd59e</value>
         <object_component_ref idref="oc-355"/>
      </symbol>
      <symbol id="sm-471">
         <name>__mspabi_sral_4</name>
         <value>0xd5aa</value>
         <object_component_ref idref="oc-355"/>
      </symbol>
      <symbol id="sm-472">
         <name>__mspabi_sral_5</name>
         <value>0xd5a6</value>
         <object_component_ref idref="oc-355"/>
      </symbol>
      <symbol id="sm-473">
         <name>__mspabi_sral_2</name>
         <value>0xd5b2</value>
         <object_component_ref idref="oc-355"/>
      </symbol>
      <symbol id="sm-474">
         <name>__mspabi_sral_3</name>
         <value>0xd5ae</value>
         <object_component_ref idref="oc-355"/>
      </symbol>
      <symbol id="sm-475">
         <name>__mspabi_sral_1</name>
         <value>0xd5b6</value>
         <object_component_ref idref="oc-355"/>
      </symbol>
      <symbol id="sm-486">
         <name>__TI_frcmpyd</name>
         <value>0xc5f2</value>
         <object_component_ref idref="oc-323"/>
      </symbol>
      <symbol id="sm-490">
         <name>__mspabi_mpyl_sw</name>
         <value>0xd6e8</value>
         <object_component_ref idref="oc-35a"/>
      </symbol>
      <symbol id="sm-491">
         <name>__mspabi_mpyl</name>
         <value>0xd6e8</value>
         <object_component_ref idref="oc-35a"/>
      </symbol>
   </symbol_table>
   <title>Link successful</title>
</link_info>
