******************************************************************************
                  MSP430 Linker PC v18.1.4                     
******************************************************************************
>> Linked Sun Jun 12 01:43:45 2022

OUTPUT FILE NAME:   <round-robin-embebido.out>
ENTRY POINT SYMBOL: "_c_int00_noargs"  address: 0000d70e


MEMORY CONFIGURATION

         name            origin    length      used     unused   attr    fill
----------------------  --------  ---------  --------  --------  ----  --------
  SFR                   00000000   00000010  00000000  00000010  RWIX
  PERIPHERALS_8BIT      00000010   000000f0  00000000  000000f0  RWIX
  PERIPHERALS_16BIT     00000100   00000100  00000000  00000100  RWIX
  RAM                   00000200   00000200  000001fe  00000002  RWIX
  INFOD                 00001000   00000040  00000000  00000040  RWIX
  INFOC                 00001040   00000040  00000000  00000040  RWIX
  INFOB                 00001080   00000040  00000000  00000040  RWIX
  INFOA                 000010c0   00000040  00000000  00000040  RWIX
  FLASH                 0000c000   00003fde  00001874  0000276a  RWIX
  BSLSIGNATURE          0000ffde   00000002  00000002  00000000  RWIX  ffff 
  INT00                 0000ffe0   00000002  00000002  00000000  RWIX
  INT01                 0000ffe2   00000002  00000000  00000002  RWIX
  INT02                 0000ffe4   00000002  00000002  00000000  RWIX
  INT03                 0000ffe6   00000002  00000002  00000000  RWIX
  INT04                 0000ffe8   00000002  00000000  00000002  RWIX
  INT05                 0000ffea   00000002  00000002  00000000  RWIX
  INT06                 0000ffec   00000002  00000002  00000000  RWIX
  INT07                 0000ffee   00000002  00000002  00000000  RWIX
  INT08                 0000fff0   00000002  00000002  00000000  RWIX
  INT09                 0000fff2   00000002  00000002  00000000  RWIX
  INT10                 0000fff4   00000002  00000002  00000000  RWIX
  INT11                 0000fff6   00000002  00000002  00000000  RWIX
  INT12                 0000fff8   00000002  00000002  00000000  RWIX
  INT13                 0000fffa   00000002  00000002  00000000  RWIX
  INT14                 0000fffc   00000002  00000002  00000000  RWIX
  RESET                 0000fffe   00000002  00000002  00000000  RWIX


SECTION ALLOCATION MAP

 output                                  attributes/
section   page    origin      length       input sections
--------  ----  ----------  ----------   ----------------
.bss       0    00000200    00000170     UNINITIALIZED
                  00000200    00000096     algoritmo.obj (.bss:buffer_Y)
                  00000296    00000096     algoritmo.obj (.bss:buffer_Z)
                  0000032c    00000016     uart.obj (.bss:buffer_RX)
                  00000342    00000016     uart.obj (.bss:buffer_TX)
                  00000358    00000006     (.common:accel)
                  0000035e    00000006     (.common:msg)
                  00000364    00000002     i2c.obj (.bss)
                  00000366    00000002     (.common:Tflag)
                  00000368    00000002     (.common:contTimer)
                  0000036a    00000002     (.common:local_EOL)
                  0000036c    00000002     (.common:numm)
                  0000036e    00000002     (.common:tiks)

.data      0    00000370    0000003e     UNINITIALIZED
                  00000370    0000002a     algoritmo.obj (.data)
                  0000039a    0000000a     main.obj (.data)
                  000003a4    00000008     uart.obj (.data)
                  000003ac    00000002     rts430_eabi.lib : errno.c.obj (.data)

.stack     0    000003b0    00000050     UNINITIALIZED
                  000003b0    00000002     rts430_eabi.lib : boot.c.obj (.stack)
                  000003b2    0000004e     --HOLE--

.text      0    0000c000    0000184c     
                  0000c000    000002fa     rts430_eabi.lib : addd.c.obj (.text:__mspabi_addd)
                  0000c2fa    000002f8                     : e_sqrt.c.obj (.text:sqrt)
                  0000c5f2    00000286                     : frcmpyd.c.obj (.text:__TI_frcmpyd)
                  0000c878    0000026e                     : mpyd.c.obj (.text:__mspabi_mpyd)
                  0000cae6    00000260                     : frcaddd.c.obj (.text:__TI_frcaddd)
                  0000cd46    000001e4     algoritmo.obj (.text:procesarDatos)
                  0000cf2a    000000be     rts430_eabi.lib : renormd.c.obj (.text:__TI_renormd)
                  0000cfe8    000000b6     main.obj (.text:main)
                  0000d09e    0000009c     imu.obj (.text:initIMU)
                  0000d13a    0000008a     rts430_eabi.lib : fltuld.c.obj (.text:__mspabi_fltuld)
                  0000d1c4    0000008a     i2c.obj (.text:asignarAccel)
                  0000d24e    0000007c     rts430_eabi.lib : copy_decompress_lzss.c.obj (.text:decompress:lzss:__TI_decompress_lzss)
                  0000d2ca    00000076     i2c.obj (.text:readI2C)
                  0000d340    00000074     rts430_eabi.lib : fixdul.c.obj (.text:__mspabi_fixdul)
                  0000d3b4    0000005e     i2c.obj (.text:sendI2C)
                  0000d412    0000005c     rts430_eabi.lib : lsr32.asm.obj (.text:l_lsr_const)
                  0000d46e    0000004c                     : lsr16.asm.obj (.text)
                  0000d4ba    00000042                     : autoinit.c.obj (.text:__TI_auto_init_nobinit_nopinit:__TI_auto_init_nobinit_nopinit)
                  0000d4fc    00000042     algoritmo.obj (.text:recopilarDatos)
                  0000d53e    00000040     uart.obj (.text:recibi_mensaje_RX)
                  0000d57e    0000003e     rts430_eabi.lib : asr32.asm.obj (.text:l_asr_const)
                  0000d5bc    0000003e                     : lsl32.asm.obj (.text:l_lsl_const)
                  0000d5fa    00000038     i2c.obj (.text:initI2C)
                  0000d632    00000032     uart.obj (.text:registro_vacio_TX)
                  0000d664    0000002c     rts430_eabi.lib : asr16.asm.obj (.text)
                  0000d690    0000002c                     : div16s.asm.obj (.text)
                  0000d6bc    0000002c                     : lsl16.asm.obj (.text)
                  0000d6e8    00000026                     : mult32.asm.obj (.text)
                  0000d70e    0000001c                     : boot.c.obj (.text:_c_int00_noargs)
                  0000d72a    00000018     timer_hw.obj (.text:vInitTimerA)
                  0000d742    00000016     rts430_eabi.lib : div16u.asm.obj (.text)
                  0000d758    00000016     timer_hw.obj (.text:vTimerAInterrupt)
                  0000d76e    00000014     timer_hw.obj (.text:config_timer_VLO)
                  0000d782    00000014     rts430_eabi.lib : copy_zero_init.c.obj (.text:decompress:ZI:__TI_zero_init_nomemset:__TI_zero_init_nomemset)
                  0000d796    00000014                     : mult16.asm.obj (.text)
                  0000d7aa    00000012                     : fixdu.c.obj (.text:__mspabi_fixdu)
                  0000d7bc    00000012                     : copy_decompress_none.c.obj (.text:decompress:none:__TI_decompress_none)
                  0000d7ce    00000012                     : lsr32.asm.obj (.text:l_lsr)
                  0000d7e0    00000012                     : memcpy.c.obj (.text:memcpy)
                  0000d7f2    00000010                     : asr32.asm.obj (.text:l_asr)
                  0000d802    00000010                     : lsl32.asm.obj (.text:l_lsl)
                  0000d812    00000010                     : epilog.asm.obj (.text)
                  0000d822    0000000a     timer_hw.obj (.text:setFlagTimer)
                  0000d82c    00000008     rts430_eabi.lib : isr_trap.asm.obj (.text:_isr:__TI_ISR_TRAP)
                  0000d834    00000006                     : fltud.c.obj (.text:__mspabi_fltud)
                  0000d83a    00000006                     : exit.c.obj (.text:abort)
                  0000d840    00000006     algoritmo.obj (.text:division)
                  0000d846    00000004     rts430_eabi.lib : pre_init.c.obj (.text:_system_pre_init)
                  0000d84a    00000002                     : startup.c.obj (.text:_system_post_cinit)

.cinit     0    0000d84c    00000028     
                  0000d84c    00000016     (.cinit..data.load) [load image, compression = lzss]
                  0000d862    00000006     (__TI_handler_table)
                  0000d868    00000004     (.cinit..bss.load) [load image, compression = zero_init]
                  0000d86c    00000008     (__TI_cinit_table)

.binit     0    0000c000    00000000     

.init_array 
*          0    0000c000    00000000     UNINITIALIZED

TRAPINT    0    0000ffe0    00000002     
                  0000ffe0    00000002     rts430_eabi.lib : int00.asm.obj (.int00)

PORT1      0    0000ffe4    00000002     
                  0000ffe4    00000002     rts430_eabi.lib : int02.asm.obj (.int02)

PORT2      0    0000ffe6    00000002     
                  0000ffe6    00000002     rts430_eabi.lib : int03.asm.obj (.int03)

ADC10      0    0000ffea    00000002     
                  0000ffea    00000002     rts430_eabi.lib : int05.asm.obj (.int05)

USCIAB0TX 
*          0    0000ffec    00000002     
                  0000ffec    00000002     uart.obj (.int06)

USCIAB0RX 
*          0    0000ffee    00000002     
                  0000ffee    00000002     uart.obj (.int07)

TIMER0_A1 
*          0    0000fff0    00000002     
                  0000fff0    00000002     rts430_eabi.lib : int08.asm.obj (.int08)

TIMER0_A0 
*          0    0000fff2    00000002     
                  0000fff2    00000002     timer_hw.obj (.int09)

WDT        0    0000fff4    00000002     
                  0000fff4    00000002     rts430_eabi.lib : int10.asm.obj (.int10)

COMPARATORA 
*          0    0000fff6    00000002     
                  0000fff6    00000002     rts430_eabi.lib : int11.asm.obj (.int11)

TIMER1_A1 
*          0    0000fff8    00000002     
                  0000fff8    00000002     rts430_eabi.lib : int12.asm.obj (.int12)

TIMER1_A0 
*          0    0000fffa    00000002     
                  0000fffa    00000002     rts430_eabi.lib : int13.asm.obj (.int13)

NMI        0    0000fffc    00000002     
                  0000fffc    00000002     rts430_eabi.lib : int14.asm.obj (.int14)

.reset     0    0000fffe    00000002     
                  0000fffe    00000002     rts430_eabi.lib : boot.c.obj (.reset)

$fill000   0    0000ffde    00000002     
                  0000ffde    00000002     --HOLE-- [fill = ffff]

MODULE SUMMARY

       Module                       code   ro data   rw data
       ------                       ----   -------   -------
    .\
       main.obj                     182    0         22     
    +--+----------------------------+------+---------+---------+
       Total:                       182    0         22     
                                                            
    .\src\
       algoritmo.obj                556    0         342    
       i2c.obj                      406    0         2      
       uart.obj                     114    4         54     
       imu.obj                      156    0         0      
       timer_hw.obj                 76     2         8      
    +--+----------------------------+------+---------+---------+
       Total:                       1308   6         406    
                                                            
    C:\Programas extras\ti\ccsv8\tools\compiler\ti-cgt-msp430_18.1.4.LTS\lib\rts430_eabi.lib
       addd.c.obj                   762    0         0      
       e_sqrt.c.obj                 760    0         0      
       frcmpyd.c.obj                646    0         0      
       mpyd.c.obj                   622    0         0      
       frcaddd.c.obj                608    0         0      
       renormd.c.obj                190    0         0      
       fltuld.c.obj                 138    0         0      
       copy_decompress_lzss.c.obj   124    0         0      
       fixdul.c.obj                 116    0         0      
       lsr32.asm.obj                110    0         0      
       asr32.asm.obj                78     0         0      
       lsl32.asm.obj                78     0         0      
       lsr16.asm.obj                76     0         0      
       autoinit.c.obj               66     0         0      
       asr16.asm.obj                44     0         0      
       div16s.asm.obj               44     0         0      
       lsl16.asm.obj                44     0         0      
       mult32.asm.obj               38     0         0      
       boot.c.obj                   28     2         0      
       div16u.asm.obj               22     0         0      
       copy_zero_init.c.obj         20     0         0      
       mult16.asm.obj               20     0         0      
       copy_decompress_none.c.obj   18     0         0      
       fixdu.c.obj                  18     0         0      
       memcpy.c.obj                 18     0         0      
       epilog.asm.obj               16     0         0      
       isr_trap.asm.obj             8      0         0      
       exit.c.obj                   6      0         0      
       fltud.c.obj                  6      0         0      
       pre_init.c.obj               4      0         0      
       errno.c.obj                  0      0         2      
       int00.asm.obj                0      2         0      
       int02.asm.obj                0      2         0      
       int03.asm.obj                0      2         0      
       int05.asm.obj                0      2         0      
       int08.asm.obj                0      2         0      
       int10.asm.obj                0      2         0      
       int11.asm.obj                0      2         0      
       int12.asm.obj                0      2         0      
       int13.asm.obj                0      2         0      
       int14.asm.obj                0      2         0      
       startup.c.obj                2      0         0      
    +--+----------------------------+------+---------+---------+
       Total:                       4730   22        2      
                                                            
       Stack:                       0      0         80     
       Linker Generated:            0      40        0      
    +--+----------------------------+------+---------+---------+
       Grand Total:                 6220   68        510    


LINKER GENERATED COPY TABLES

__TI_cinit_table @ 0000d86c records: 2, size/record: 4, table size: 8
	.data: load addr=0000d84c, load size=00000016 bytes, run addr=00000370, run size=0000003e bytes, compression=lzss
	.bss: load addr=0000d868, load size=00000004 bytes, run addr=00000200, run size=00000170 bytes, compression=zero_init


LINKER GENERATED HANDLER TABLE

__TI_handler_table @ 0000d862 records: 3, size/record: 2, table size: 6
	index: 0, handler: __TI_zero_init
	index: 1, handler: __TI_decompress_lzss
	index: 2, handler: __TI_decompress_none


GLOBAL SYMBOLS: SORTED ALPHABETICALLY BY Name 

address   name                          
-------   ----                          
0000004a  ADC10AE0                      
000001b0  ADC10CTL0                     
000001b2  ADC10CTL1                     
00000048  ADC10DTC0                     
00000049  ADC10DTC1                     
000001b4  ADC10MEM                      
000001bc  ADC10SA                       
00000057  BCSCTL1                       
00000058  BCSCTL2                       
00000053  BCSCTL3                       
0000d83a  C$$EXIT                       
00000059  CACTL1                        
0000005a  CACTL2                        
000010fb  CALBC1_12MHZ                  
000010f9  CALBC1_16MHZ                  
000010ff  CALBC1_1MHZ                   
000010fd  CALBC1_8MHZ                   
000010fa  CALDCO_12MHZ                  
000010f8  CALDCO_16MHZ                  
000010fe  CALDCO_1MHZ                   
000010fc  CALDCO_8MHZ                   
0000005b  CAPD                          
00000056  DCOCTL                        
00000128  FCTL1                         
0000012a  FCTL2                         
0000012c  FCTL3                         
00000000  IE1                           
00000001  IE2                           
00000002  IFG1                          
00000003  IFG2                          
00000022  P1DIR                         
00000025  P1IE                          
00000024  P1IES                         
00000023  P1IFG                         
00000020  P1IN                          
00000021  P1OUT                         
00000027  P1REN                         
00000026  P1SEL                         
00000041  P1SEL2                        
0000002a  P2DIR                         
0000002d  P2IE                          
0000002c  P2IES                         
0000002b  P2IFG                         
00000028  P2IN                          
00000029  P2OUT                         
0000002f  P2REN                         
0000002e  P2SEL                         
00000042  P2SEL2                        
0000001a  P3DIR                         
00000018  P3IN                          
00000019  P3OUT                         
00000010  P3REN                         
0000001b  P3SEL                         
00000043  P3SEL2                        
00000172  TA0CCR0                       
00000174  TA0CCR1                       
00000176  TA0CCR2                       
00000162  TA0CCTL0                      
00000164  TA0CCTL1                      
00000166  TA0CCTL2                      
00000160  TA0CTL                        
0000012e  TA0IV                         
00000170  TA0R                          
00000192  TA1CCR0                       
00000194  TA1CCR1                       
00000196  TA1CCR2                       
00000182  TA1CCTL0                      
00000184  TA1CCTL1                      
00000186  TA1CCTL2                      
00000180  TA1CTL                        
0000011e  TA1IV                         
00000190  TA1R                          
000010db  TLV_ADC10_1_LEN               
000010da  TLV_ADC10_1_TAG               
000010c0  TLV_CHECKSUM                  
000010f7  TLV_DCO_30_LEN                
000010f6  TLV_DCO_30_TAG                
00000366  Tflag                         
0000005d  UCA0ABCTL                     
00000062  UCA0BR0                       
00000063  UCA0BR1                       
00000060  UCA0CTL0                      
00000061  UCA0CTL1                      
0000005f  UCA0IRRCTL                    
0000005e  UCA0IRTCTL                    
00000064  UCA0MCTL                      
00000066  UCA0RXBUF                     
00000065  UCA0STAT                      
00000067  UCA0TXBUF                     
0000006a  UCB0BR0                       
0000006b  UCB0BR1                       
00000068  UCB0CTL0                      
00000069  UCB0CTL1                      
0000006c  UCB0I2CIE                     
00000118  UCB0I2COA                     
0000011a  UCB0I2CSA                     
0000006e  UCB0RXBUF                     
0000006d  UCB0STAT                      
0000006f  UCB0TXBUF                     
00000120  WDTCTL                        
00000400  __STACK_END                   
00000050  __STACK_SIZE                  
0000d86c  __TI_CINIT_Base               
0000d874  __TI_CINIT_Limit              
0000d862  __TI_Handler_Table_Base       
0000d868  __TI_Handler_Table_Limit      
0000d82c  __TI_ISR_TRAP                 
0000d4ba  __TI_auto_init_nobinit_nopinit
0000d24e  __TI_decompress_lzss          
0000d7bc  __TI_decompress_none          
0000cae6  __TI_frcaddd                  
0000c5f2  __TI_frcmpyd                  
0000ffe0  __TI_int00                    
0000ffe4  __TI_int02                    
0000ffe6  __TI_int03                    
0000ffea  __TI_int05                    
0000ffec  __TI_int06                    
0000ffee  __TI_int07                    
0000fff0  __TI_int08                    
0000fff2  __TI_int09                    
0000fff4  __TI_int10                    
0000fff6  __TI_int11                    
0000fff8  __TI_int12                    
0000fffa  __TI_int13                    
0000fffc  __TI_int14                    
ffffffff  __TI_pprof_out_hndl           
ffffffff  __TI_prof_data_size           
ffffffff  __TI_prof_data_start          
0000cf2a  __TI_renormd                  
0000d782  __TI_zero_init_nomemset       
ffffffff  __c_args__                    
0000c000  __mspabi_addd                 
0000d690  __mspabi_divi                 
0000d742  __mspabi_divu                 
0000d7aa  __mspabi_fixdu                
0000d340  __mspabi_fixdul               
0000d834  __mspabi_fltud                
0000d13a  __mspabi_fltuld               
0000d81e  __mspabi_func_epilog_1        
0000d81c  __mspabi_func_epilog_2        
0000d81a  __mspabi_func_epilog_3        
0000d818  __mspabi_func_epilog_4        
0000d816  __mspabi_func_epilog_5        
0000d814  __mspabi_func_epilog_6        
0000d812  __mspabi_func_epilog_7        
0000c878  __mspabi_mpyd                 
0000d796  __mspabi_mpyi                 
0000d796  __mspabi_mpyi_sw              
0000d6e8  __mspabi_mpyl                 
0000d6e8  __mspabi_mpyl_sw              
0000d690  __mspabi_remi                 
0000d742  __mspabi_remu                 
0000d6bc  __mspabi_slli                 
0000d6e4  __mspabi_slli_1               
0000d6d2  __mspabi_slli_10              
0000d6d0  __mspabi_slli_11              
0000d6ce  __mspabi_slli_12              
0000d6cc  __mspabi_slli_13              
0000d6ca  __mspabi_slli_14              
0000d6c8  __mspabi_slli_15              
0000d6e2  __mspabi_slli_2               
0000d6e0  __mspabi_slli_3               
0000d6de  __mspabi_slli_4               
0000d6dc  __mspabi_slli_5               
0000d6da  __mspabi_slli_6               
0000d6d8  __mspabi_slli_7               
0000d6d6  __mspabi_slli_8               
0000d6d4  __mspabi_slli_9               
0000d802  __mspabi_slll                 
0000d5f4  __mspabi_slll_1               
0000d5d0  __mspabi_slll_10              
0000d5cc  __mspabi_slll_11              
0000d5c8  __mspabi_slll_12              
0000d5c4  __mspabi_slll_13              
0000d5c0  __mspabi_slll_14              
0000d5bc  __mspabi_slll_15              
0000d5f0  __mspabi_slll_2               
0000d5ec  __mspabi_slll_3               
0000d5e8  __mspabi_slll_4               
0000d5e4  __mspabi_slll_5               
0000d5e0  __mspabi_slll_6               
0000d5dc  __mspabi_slll_7               
0000d5d8  __mspabi_slll_8               
0000d5d4  __mspabi_slll_9               
0000d664  __mspabi_srai                 
0000d68c  __mspabi_srai_1               
0000d67a  __mspabi_srai_10              
0000d678  __mspabi_srai_11              
0000d676  __mspabi_srai_12              
0000d674  __mspabi_srai_13              
0000d672  __mspabi_srai_14              
0000d670  __mspabi_srai_15              
0000d68a  __mspabi_srai_2               
0000d688  __mspabi_srai_3               
0000d686  __mspabi_srai_4               
0000d684  __mspabi_srai_5               
0000d682  __mspabi_srai_6               
0000d680  __mspabi_srai_7               
0000d67e  __mspabi_srai_8               
0000d67c  __mspabi_srai_9               
0000d7f2  __mspabi_sral                 
0000d5b6  __mspabi_sral_1               
0000d592  __mspabi_sral_10              
0000d58e  __mspabi_sral_11              
0000d58a  __mspabi_sral_12              
0000d586  __mspabi_sral_13              
0000d582  __mspabi_sral_14              
0000d57e  __mspabi_sral_15              
0000d5b2  __mspabi_sral_2               
0000d5ae  __mspabi_sral_3               
0000d5aa  __mspabi_sral_4               
0000d5a6  __mspabi_sral_5               
0000d5a2  __mspabi_sral_6               
0000d59e  __mspabi_sral_7               
0000d59a  __mspabi_sral_8               
0000d596  __mspabi_sral_9               
0000d46e  __mspabi_srli                 
0000d4b4  __mspabi_srli_1               
0000d490  __mspabi_srli_10              
0000d48c  __mspabi_srli_11              
0000d488  __mspabi_srli_12              
0000d484  __mspabi_srli_13              
0000d480  __mspabi_srli_14              
0000d47c  __mspabi_srli_15              
0000d4b0  __mspabi_srli_2               
0000d4ac  __mspabi_srli_3               
0000d4a8  __mspabi_srli_4               
0000d4a4  __mspabi_srli_5               
0000d4a0  __mspabi_srli_6               
0000d49c  __mspabi_srli_7               
0000d498  __mspabi_srli_8               
0000d494  __mspabi_srli_9               
0000d7ce  __mspabi_srll                 
0000d466  __mspabi_srll_1               
0000d430  __mspabi_srll_10              
0000d42a  __mspabi_srll_11              
0000d424  __mspabi_srll_12              
0000d41e  __mspabi_srll_13              
0000d418  __mspabi_srll_14              
0000d412  __mspabi_srll_15              
0000d460  __mspabi_srll_2               
0000d45a  __mspabi_srll_3               
0000d454  __mspabi_srll_4               
0000d44e  __mspabi_srll_5               
0000d448  __mspabi_srll_6               
0000d442  __mspabi_srll_7               
0000d43c  __mspabi_srll_8               
0000d436  __mspabi_srll_9               
0000d70e  _c_int00_noargs               
0000fffe  _reset_vector                 
000003b0  _stack                        
0000d84a  _system_post_cinit            
0000d846  _system_pre_init              
0000d83a  abort                         
00000358  accel                         
0000039a  accelX                        
0000039c  accelY                        
0000039e  accelZ                        
00000398  analisis2                     
0000d1c4  asignarAccel                  
0000d76e  config_timer_VLO              
00000368  contTimer                     
000003a1  contador                      
00000374  datos                         
0000038c  desEstandarY                  
0000038e  desEstandarZ                  
0000d840  division                      
000003ac  errno                         
000003a6  i                             
0000d5fa  initI2C                       
0000d09e  initIMU                       
000003a4  j                             
00000372  k                             
0000036a  local_EOL                     
0000cfe8  main                          
00000390  maximoY                       
00000392  maximoZ                       
0000d7e0  memcpy                        
00000394  minimoY                       
00000396  minimoZ                       
0000035e  msg                           
000003aa  n                             
0000036c  numm                          
0000cd46  procesarDatos                 
00000378  promedioY                     
0000037a  promedioZ                     
00000370  q                             
0000d2ca  readI2C                       
0000d53e  recibi_mensaje_RX             
0000d4fc  recopilarDatos                
0000d632  registro_vacio_TX             
00000380  restaVarY                     
00000382  restaVarZ                     
000003a0  resultado                     
0000d3b4  sendI2C                       
0000d822  setFlagTimer                  
0000c2fa  sqrt                          
0000c2fa  sqrtl                         
00000399  subiendoEscaleras             
00000384  sumaVarY                      
00000386  sumaVarZ                      
0000037c  sumaY                         
0000037e  sumaZ                         
0000036e  tiks                          
0000d72a  vInitTimerA                   
0000d758  vTimerAInterrupt              
000003a8  valor_WPXX                    
00000388  varianzaY                     
0000038a  varianzaZ                     
00000375  yy                            
00000376  zz                            


GLOBAL SYMBOLS: SORTED BY Symbol Address 

address   name                          
-------   ----                          
00000000  IE1                           
00000001  IE2                           
00000002  IFG1                          
00000003  IFG2                          
00000010  P3REN                         
00000018  P3IN                          
00000019  P3OUT                         
0000001a  P3DIR                         
0000001b  P3SEL                         
00000020  P1IN                          
00000021  P1OUT                         
00000022  P1DIR                         
00000023  P1IFG                         
00000024  P1IES                         
00000025  P1IE                          
00000026  P1SEL                         
00000027  P1REN                         
00000028  P2IN                          
00000029  P2OUT                         
0000002a  P2DIR                         
0000002b  P2IFG                         
0000002c  P2IES                         
0000002d  P2IE                          
0000002e  P2SEL                         
0000002f  P2REN                         
00000041  P1SEL2                        
00000042  P2SEL2                        
00000043  P3SEL2                        
00000048  ADC10DTC0                     
00000049  ADC10DTC1                     
0000004a  ADC10AE0                      
00000050  __STACK_SIZE                  
00000053  BCSCTL3                       
00000056  DCOCTL                        
00000057  BCSCTL1                       
00000058  BCSCTL2                       
00000059  CACTL1                        
0000005a  CACTL2                        
0000005b  CAPD                          
0000005d  UCA0ABCTL                     
0000005e  UCA0IRTCTL                    
0000005f  UCA0IRRCTL                    
00000060  UCA0CTL0                      
00000061  UCA0CTL1                      
00000062  UCA0BR0                       
00000063  UCA0BR1                       
00000064  UCA0MCTL                      
00000065  UCA0STAT                      
00000066  UCA0RXBUF                     
00000067  UCA0TXBUF                     
00000068  UCB0CTL0                      
00000069  UCB0CTL1                      
0000006a  UCB0BR0                       
0000006b  UCB0BR1                       
0000006c  UCB0I2CIE                     
0000006d  UCB0STAT                      
0000006e  UCB0RXBUF                     
0000006f  UCB0TXBUF                     
00000118  UCB0I2COA                     
0000011a  UCB0I2CSA                     
0000011e  TA1IV                         
00000120  WDTCTL                        
00000128  FCTL1                         
0000012a  FCTL2                         
0000012c  FCTL3                         
0000012e  TA0IV                         
00000160  TA0CTL                        
00000162  TA0CCTL0                      
00000164  TA0CCTL1                      
00000166  TA0CCTL2                      
00000170  TA0R                          
00000172  TA0CCR0                       
00000174  TA0CCR1                       
00000176  TA0CCR2                       
00000180  TA1CTL                        
00000182  TA1CCTL0                      
00000184  TA1CCTL1                      
00000186  TA1CCTL2                      
00000190  TA1R                          
00000192  TA1CCR0                       
00000194  TA1CCR1                       
00000196  TA1CCR2                       
000001b0  ADC10CTL0                     
000001b2  ADC10CTL1                     
000001b4  ADC10MEM                      
000001bc  ADC10SA                       
00000358  accel                         
0000035e  msg                           
00000366  Tflag                         
00000368  contTimer                     
0000036a  local_EOL                     
0000036c  numm                          
0000036e  tiks                          
00000370  q                             
00000372  k                             
00000374  datos                         
00000375  yy                            
00000376  zz                            
00000378  promedioY                     
0000037a  promedioZ                     
0000037c  sumaY                         
0000037e  sumaZ                         
00000380  restaVarY                     
00000382  restaVarZ                     
00000384  sumaVarY                      
00000386  sumaVarZ                      
00000388  varianzaY                     
0000038a  varianzaZ                     
0000038c  desEstandarY                  
0000038e  desEstandarZ                  
00000390  maximoY                       
00000392  maximoZ                       
00000394  minimoY                       
00000396  minimoZ                       
00000398  analisis2                     
00000399  subiendoEscaleras             
0000039a  accelX                        
0000039c  accelY                        
0000039e  accelZ                        
000003a0  resultado                     
000003a1  contador                      
000003a4  j                             
000003a6  i                             
000003a8  valor_WPXX                    
000003aa  n                             
000003ac  errno                         
000003b0  _stack                        
00000400  __STACK_END                   
000010c0  TLV_CHECKSUM                  
000010da  TLV_ADC10_1_TAG               
000010db  TLV_ADC10_1_LEN               
000010f6  TLV_DCO_30_TAG                
000010f7  TLV_DCO_30_LEN                
000010f8  CALDCO_16MHZ                  
000010f9  CALBC1_16MHZ                  
000010fa  CALDCO_12MHZ                  
000010fb  CALBC1_12MHZ                  
000010fc  CALDCO_8MHZ                   
000010fd  CALBC1_8MHZ                   
000010fe  CALDCO_1MHZ                   
000010ff  CALBC1_1MHZ                   
0000c000  __mspabi_addd                 
0000c2fa  sqrt                          
0000c2fa  sqrtl                         
0000c5f2  __TI_frcmpyd                  
0000c878  __mspabi_mpyd                 
0000cae6  __TI_frcaddd                  
0000cd46  procesarDatos                 
0000cf2a  __TI_renormd                  
0000cfe8  main                          
0000d09e  initIMU                       
0000d13a  __mspabi_fltuld               
0000d1c4  asignarAccel                  
0000d24e  __TI_decompress_lzss          
0000d2ca  readI2C                       
0000d340  __mspabi_fixdul               
0000d3b4  sendI2C                       
0000d412  __mspabi_srll_15              
0000d418  __mspabi_srll_14              
0000d41e  __mspabi_srll_13              
0000d424  __mspabi_srll_12              
0000d42a  __mspabi_srll_11              
0000d430  __mspabi_srll_10              
0000d436  __mspabi_srll_9               
0000d43c  __mspabi_srll_8               
0000d442  __mspabi_srll_7               
0000d448  __mspabi_srll_6               
0000d44e  __mspabi_srll_5               
0000d454  __mspabi_srll_4               
0000d45a  __mspabi_srll_3               
0000d460  __mspabi_srll_2               
0000d466  __mspabi_srll_1               
0000d46e  __mspabi_srli                 
0000d47c  __mspabi_srli_15              
0000d480  __mspabi_srli_14              
0000d484  __mspabi_srli_13              
0000d488  __mspabi_srli_12              
0000d48c  __mspabi_srli_11              
0000d490  __mspabi_srli_10              
0000d494  __mspabi_srli_9               
0000d498  __mspabi_srli_8               
0000d49c  __mspabi_srli_7               
0000d4a0  __mspabi_srli_6               
0000d4a4  __mspabi_srli_5               
0000d4a8  __mspabi_srli_4               
0000d4ac  __mspabi_srli_3               
0000d4b0  __mspabi_srli_2               
0000d4b4  __mspabi_srli_1               
0000d4ba  __TI_auto_init_nobinit_nopinit
0000d4fc  recopilarDatos                
0000d53e  recibi_mensaje_RX             
0000d57e  __mspabi_sral_15              
0000d582  __mspabi_sral_14              
0000d586  __mspabi_sral_13              
0000d58a  __mspabi_sral_12              
0000d58e  __mspabi_sral_11              
0000d592  __mspabi_sral_10              
0000d596  __mspabi_sral_9               
0000d59a  __mspabi_sral_8               
0000d59e  __mspabi_sral_7               
0000d5a2  __mspabi_sral_6               
0000d5a6  __mspabi_sral_5               
0000d5aa  __mspabi_sral_4               
0000d5ae  __mspabi_sral_3               
0000d5b2  __mspabi_sral_2               
0000d5b6  __mspabi_sral_1               
0000d5bc  __mspabi_slll_15              
0000d5c0  __mspabi_slll_14              
0000d5c4  __mspabi_slll_13              
0000d5c8  __mspabi_slll_12              
0000d5cc  __mspabi_slll_11              
0000d5d0  __mspabi_slll_10              
0000d5d4  __mspabi_slll_9               
0000d5d8  __mspabi_slll_8               
0000d5dc  __mspabi_slll_7               
0000d5e0  __mspabi_slll_6               
0000d5e4  __mspabi_slll_5               
0000d5e8  __mspabi_slll_4               
0000d5ec  __mspabi_slll_3               
0000d5f0  __mspabi_slll_2               
0000d5f4  __mspabi_slll_1               
0000d5fa  initI2C                       
0000d632  registro_vacio_TX             
0000d664  __mspabi_srai                 
0000d670  __mspabi_srai_15              
0000d672  __mspabi_srai_14              
0000d674  __mspabi_srai_13              
0000d676  __mspabi_srai_12              
0000d678  __mspabi_srai_11              
0000d67a  __mspabi_srai_10              
0000d67c  __mspabi_srai_9               
0000d67e  __mspabi_srai_8               
0000d680  __mspabi_srai_7               
0000d682  __mspabi_srai_6               
0000d684  __mspabi_srai_5               
0000d686  __mspabi_srai_4               
0000d688  __mspabi_srai_3               
0000d68a  __mspabi_srai_2               
0000d68c  __mspabi_srai_1               
0000d690  __mspabi_divi                 
0000d690  __mspabi_remi                 
0000d6bc  __mspabi_slli                 
0000d6c8  __mspabi_slli_15              
0000d6ca  __mspabi_slli_14              
0000d6cc  __mspabi_slli_13              
0000d6ce  __mspabi_slli_12              
0000d6d0  __mspabi_slli_11              
0000d6d2  __mspabi_slli_10              
0000d6d4  __mspabi_slli_9               
0000d6d6  __mspabi_slli_8               
0000d6d8  __mspabi_slli_7               
0000d6da  __mspabi_slli_6               
0000d6dc  __mspabi_slli_5               
0000d6de  __mspabi_slli_4               
0000d6e0  __mspabi_slli_3               
0000d6e2  __mspabi_slli_2               
0000d6e4  __mspabi_slli_1               
0000d6e8  __mspabi_mpyl                 
0000d6e8  __mspabi_mpyl_sw              
0000d70e  _c_int00_noargs               
0000d72a  vInitTimerA                   
0000d742  __mspabi_divu                 
0000d742  __mspabi_remu                 
0000d758  vTimerAInterrupt              
0000d76e  config_timer_VLO              
0000d782  __TI_zero_init_nomemset       
0000d796  __mspabi_mpyi                 
0000d796  __mspabi_mpyi_sw              
0000d7aa  __mspabi_fixdu                
0000d7bc  __TI_decompress_none          
0000d7ce  __mspabi_srll                 
0000d7e0  memcpy                        
0000d7f2  __mspabi_sral                 
0000d802  __mspabi_slll                 
0000d812  __mspabi_func_epilog_7        
0000d814  __mspabi_func_epilog_6        
0000d816  __mspabi_func_epilog_5        
0000d818  __mspabi_func_epilog_4        
0000d81a  __mspabi_func_epilog_3        
0000d81c  __mspabi_func_epilog_2        
0000d81e  __mspabi_func_epilog_1        
0000d822  setFlagTimer                  
0000d82c  __TI_ISR_TRAP                 
0000d834  __mspabi_fltud                
0000d83a  C$$EXIT                       
0000d83a  abort                         
0000d840  division                      
0000d846  _system_pre_init              
0000d84a  _system_post_cinit            
0000d862  __TI_Handler_Table_Base       
0000d868  __TI_Handler_Table_Limit      
0000d86c  __TI_CINIT_Base               
0000d874  __TI_CINIT_Limit              
0000ffe0  __TI_int00                    
0000ffe4  __TI_int02                    
0000ffe6  __TI_int03                    
0000ffea  __TI_int05                    
0000ffec  __TI_int06                    
0000ffee  __TI_int07                    
0000fff0  __TI_int08                    
0000fff2  __TI_int09                    
0000fff4  __TI_int10                    
0000fff6  __TI_int11                    
0000fff8  __TI_int12                    
0000fffa  __TI_int13                    
0000fffc  __TI_int14                    
0000fffe  _reset_vector                 
ffffffff  __TI_pprof_out_hndl           
ffffffff  __TI_prof_data_size           
ffffffff  __TI_prof_data_start          
ffffffff  __c_args__                    

[311 symbols]
